Copyright 1986-2021 Xilinx, Inc. All Rights Reserved.
------------------------------------------------------------------------------------
| Tool Version : Vivado v.2021.2 (lin64) Build 3367213 Tue Oct 19 02:47:39 MDT 2021
| Date         : Wed May 14 12:43:18 2025
| Host         : return running 64-bit Ubuntu 20.04.6 LTS
| Command      : report_utilization -hierarchical -file utilization_report.rpt
| Design       : demo_top
| Device       : xc7k325tffg900-2
| Speed File   : -2
| Design State : Routed
------------------------------------------------------------------------------------

Utilization Design Information

Table of Contents
-----------------
1. Utilization by Hierarchy

1. Utilization by Hierarchy
---------------------------

+----------------------------------------------------------------------------------------------------------------+----------------------------------------------+------------+------------+---------+------+------+--------+--------+------------+
|                                                    Instance                                                    |                    Module                    | Total LUTs | Logic LUTs | LUTRAMs | SRLs |  FFs | RAMB36 | RAMB18 | DSP Blocks |
+----------------------------------------------------------------------------------------------------------------+----------------------------------------------+------------+------------+---------+------+------+--------+--------+------------+
| demo_top                                                                                                       |                                        (top) |      10570 |      10564 |       0 |    6 | 4432 |     66 |      0 |          5 |
|   (demo_top)                                                                                                   |                                        (top) |          4 |          4 |       0 |    0 |    1 |      0 |      0 |          0 |
|   hwregs                                                                                                       |                                  hwreg_iface |         77 |         72 |       0 |    5 |   77 |      0 |      0 |          0 |
|     (hwregs)                                                                                                   |                                  hwreg_iface |         47 |         47 |       0 |    0 |   10 |      0 |      0 |          0 |
|     uart                                                                                                       |                                   uart_iface |         30 |         25 |       0 |    5 |   67 |      0 |      0 |          0 |
|       (uart)                                                                                                   |                                   uart_iface |          8 |          3 |       0 |    5 |   19 |      0 |      0 |          0 |
|       rx_inst                                                                                                  |                                      uart_rx |         12 |         12 |       0 |    0 |   32 |      0 |      0 |          0 |
|       tx_inst                                                                                                  |                                      uart_tx |         10 |         10 |       0 |    0 |   16 |      0 |      0 |          0 |
|   u_iram                                                                                                       |                                        ram32 |          2 |          2 |       0 |    0 |    0 |      2 |      0 |          0 |
|   u_ram                                                                                                        |                                      ram32_0 |          0 |          0 |       0 |    0 |    1 |     64 |      0 |          0 |
|   vproc                                                                                                        |                                    vproc_top |      10490 |      10489 |       0 |    1 | 4353 |      0 |      0 |          5 |
|     (vproc)                                                                                                    |                                    vproc_top |          2 |          1 |       0 |    1 |    2 |      0 |      0 |          0 |
|     core                                                                                                       |                                cv32e40x_core |       3977 |       3977 |       0 |    0 | 2317 |      0 |      0 |          3 |
|       controller_i                                                                                             |                          cv32e40x_controller |        251 |        251 |       0 |    0 |   16 |      0 |      0 |          0 |
|         bypass_i                                                                                               |                   cv32e40x_controller_bypass |          1 |          1 |       0 |    0 |    0 |      0 |      0 |          0 |
|         controller_fsm_i                                                                                       |                      cv32e40x_controller_fsm |        250 |        250 |       0 |    0 |   16 |      0 |      0 |          0 |
|       cs_registers_i                                                                                           |                        cv32e40x_cs_registers |         44 |         44 |       0 |    0 |  476 |      0 |      0 |          0 |
|         (cs_registers_i)                                                                                       |                        cv32e40x_cs_registers |         34 |         34 |       0 |    0 |  220 |      0 |      0 |          0 |
|         basic_mode_csrs.mie_csr_i                                                                              |                 cv32e40x_csr__parameterized0 |          0 |          0 |       0 |    0 |   19 |      0 |      0 |          0 |
|         basic_mode_csrs.mtvec_csr_i                                                                            |                                 cv32e40x_csr |          1 |          1 |       0 |    0 |   26 |      0 |      0 |          0 |
|         dcsr_csr_i                                                                                             |                 cv32e40x_csr__parameterized1 |          3 |          3 |       0 |    0 |    6 |      0 |      0 |          0 |
|         dpc_csr_i                                                                                              |               cv32e40x_csr__parameterized0_2 |          0 |          0 |       0 |    0 |   31 |      0 |      0 |          0 |
|         dscratch0_csr_i                                                                                        |               cv32e40x_csr__parameterized0_3 |          0 |          0 |       0 |    0 |   32 |      0 |      0 |          0 |
|         dscratch1_csr_i                                                                                        |               cv32e40x_csr__parameterized0_4 |          0 |          0 |       0 |    0 |   32 |      0 |      0 |          0 |
|         mcause_csr_i                                                                                           |               cv32e40x_csr__parameterized0_5 |          1 |          1 |       0 |    0 |   12 |      0 |      0 |          0 |
|         mepc_csr_i                                                                                             |               cv32e40x_csr__parameterized0_6 |          0 |          0 |       0 |    0 |   31 |      0 |      0 |          0 |
|         mscratch_csr_i                                                                                         |               cv32e40x_csr__parameterized0_7 |          0 |          0 |       0 |    0 |   32 |      0 |      0 |          0 |
|         mstatus_csr_i                                                                                          |                 cv32e40x_csr__parameterized2 |          0 |          0 |       0 |    0 |    2 |      0 |      0 |          0 |
|         tdata1_csr_i                                                                                           |                 cv32e40x_csr__parameterized3 |          1 |          1 |       0 |    0 |    1 |      0 |      0 |          0 |
|         tdata2_csr_i                                                                                           |               cv32e40x_csr__parameterized0_8 |          4 |          4 |       0 |    0 |   32 |      0 |      0 |          0 |
|       ex_stage_i                                                                                               |                            cv32e40x_ex_stage |        566 |        566 |       0 |    0 |  279 |      0 |      0 |          3 |
|         (ex_stage_i)                                                                                           |                            cv32e40x_ex_stage |        366 |        366 |       0 |    0 |  136 |      0 |      0 |          0 |
|         div.div_i                                                                                              |                                 cv32e40x_div |        145 |        145 |       0 |    0 |  108 |      0 |      0 |          0 |
|         mul.mult_i                                                                                             |                                cv32e40x_mult |         56 |         56 |       0 |    0 |   35 |      0 |      0 |          3 |
|       id_stage_i                                                                                               |                            cv32e40x_id_stage |       1288 |       1288 |       0 |    0 |  244 |      0 |      0 |          0 |
|         (id_stage_i)                                                                                           |                            cv32e40x_id_stage |       1263 |       1263 |       0 |    0 |  244 |      0 |      0 |          0 |
|         cv32e40x_pc_target_i                                                                                   |                           cv32e40x_pc_target |         25 |         25 |       0 |    0 |    0 |      0 |      0 |          0 |
|       if_stage_i                                                                                               |                            cv32e40x_if_stage |       1068 |       1068 |       0 |    0 |  253 |      0 |      0 |          0 |
|         (if_stage_i)                                                                                           |                            cv32e40x_if_stage |        756 |        756 |       0 |    0 |   77 |      0 |      0 |          0 |
|         mpu_i                                                                                                  |                                 cv32e40x_mpu |          4 |          4 |       0 |    0 |    2 |      0 |      0 |          0 |
|         prefetch_unit_i                                                                                        |                       cv32e40x_prefetch_unit |        308 |        308 |       0 |    0 |  174 |      0 |      0 |          0 |
|           alignment_buffer_i                                                                                   |                    cv32e40x_alignment_buffer |        287 |        287 |       0 |    0 |  153 |      0 |      0 |          0 |
|           prefetcher_i                                                                                         |                          cv32e40x_prefetcher |         21 |         21 |       0 |    0 |   21 |      0 |      0 |          0 |
|       load_store_unit_i                                                                                        |                     cv32e40x_load_store_unit |        148 |        148 |       0 |    0 |   54 |      0 |      0 |          0 |
|         (load_store_unit_i)                                                                                    |                     cv32e40x_load_store_unit |         79 |         79 |       0 |    0 |   47 |      0 |      0 |          0 |
|         mpu_i                                                                                                  |                 cv32e40x_mpu__parameterized0 |         64 |         64 |       0 |    0 |    3 |      0 |      0 |          0 |
|         response_filter_i                                                                                      |                 cv32e40x_lsu_response_filter |          6 |          6 |       0 |    0 |    4 |      0 |      0 |          0 |
|       register_file_wrapper_i                                                                                  |               cv32e40x_register_file_wrapper |        615 |        615 |       0 |    0 |  992 |      0 |      0 |          0 |
|         register_file_i                                                                                        |                       cv32e40x_register_file |        615 |        615 |       0 |    0 |  992 |      0 |      0 |          0 |
|       sleep_unit_i                                                                                             |                          cv32e40x_sleep_unit |          3 |          3 |       0 |    0 |    3 |      0 |      0 |          0 |
|         (sleep_unit_i)                                                                                         |                          cv32e40x_sleep_unit |          2 |          2 |       0 |    0 |    2 |      0 |      0 |          0 |
|         core_clock_gate_i                                                                                      |                          cv32e40x_clock_gate |          1 |          1 |       0 |    0 |    1 |      0 |      0 |          0 |
|     fpu_ss_i                                                                                                   |                                       fpu_ss |       6516 |       6516 |       0 |    0 | 2034 |      0 |      0 |          2 |
|       (fpu_ss_i)                                                                                               |                                       fpu_ss |         12 |         12 |       0 |    0 |    0 |      0 |      0 |          0 |
|       fpu_ss_controller_i                                                                                      |                            fpu_ss_controller |         43 |         43 |       0 |    0 |   49 |      0 |      0 |          0 |
|       fpu_ss_csr_i                                                                                             |                                   fpu_ss_csr |         15 |         15 |       0 |    0 |   33 |      0 |      0 |          0 |
|       fpu_ss_predecoder_i                                                                                      |                            fpu_ss_predecoder |         18 |         18 |       0 |    0 |    0 |      0 |      0 |          0 |
|       gen_fp_register_file.fpu_ss_regfile_i                                                                    |                               fpu_ss_regfile |        872 |        872 |       0 |    0 | 1024 |      0 |      0 |          0 |
|       gen_input_stream_fifo.input_stream_fifo_i                                                                |                                  stream_fifo |         14 |         14 |       0 |    0 |   69 |      0 |      0 |          0 |
|         fifo_i                                                                                                 |                                      fifo_v3 |         14 |         14 |       0 |    0 |   69 |      0 |      0 |          0 |
|       i_fpnew_bulk                                                                                             |                                    fpnew_top |       5483 |       5483 |       0 |    0 |  831 |      0 |      0 |          2 |
|         gen_operation_groups[0].i_opgroup_block                                                                |                          fpnew_opgroup_block |       1388 |       1388 |       0 |    0 |  118 |      0 |      0 |          2 |
|           gen_merged_slice.i_multifmt_slice                                                                    |                 fpnew_opgroup_multifmt_slice |       1387 |       1387 |       0 |    0 |  118 |      0 |      0 |          2 |
|             (gen_merged_slice.i_multifmt_slice)                                                                |                 fpnew_opgroup_multifmt_slice |          1 |          1 |       0 |    0 |    0 |      0 |      0 |          0 |
|             gen_num_lanes[0].active_lane.lane_instance.i_fpnew_fma_multi                                       |                              fpnew_fma_multi |       1386 |       1386 |       0 |    0 |  118 |      0 |      0 |          2 |
|           i_arbiter                                                                                            |                                rr_arb_tree_1 |          1 |          1 |       0 |    0 |    0 |      0 |      0 |          0 |
|         gen_operation_groups[1].i_opgroup_block                                                                |          fpnew_opgroup_block__parameterized0 |       3106 |       3106 |       0 |    0 |  572 |      0 |      0 |          0 |
|           gen_merged_slice.i_multifmt_slice                                                                    | fpnew_opgroup_multifmt_slice__parameterized0 |       3105 |       3105 |       0 |    0 |  572 |      0 |      0 |          0 |
|             gen_num_lanes[0].active_lane.lane_instance.gen_thmulti_c910_divsqrt.i_fpnew_divsqrt_th_64_c910     |                    fpnew_divsqrt_th_64_multi |       3105 |       3105 |       0 |    0 |  572 |      0 |      0 |          0 |
|               (gen_num_lanes[0].active_lane.lane_instance.gen_thmulti_c910_divsqrt.i_fpnew_divsqrt_th_64_c910) |                    fpnew_divsqrt_th_64_multi |         35 |         35 |       0 |    0 |  170 |      0 |      0 |          0 |
|               i_ct_vfdsu_top                                                                                   |                                 ct_vfdsu_top |       3070 |       3070 |       0 |    0 |  402 |      0 |      0 |          0 |
|                 x_ct_vfdsu_ctrl                                                                                |                                ct_vfdsu_ctrl |         29 |         29 |       0 |    0 |   17 |      0 |      0 |          0 |
|                 x_ct_vfdsu_double                                                                              |                              ct_vfdsu_double |       3032 |       3032 |       0 |    0 |  377 |      0 |      0 |          0 |
|                   (x_ct_vfdsu_double)                                                                          |                              ct_vfdsu_double |         12 |         12 |       0 |    0 |    0 |      0 |      0 |          0 |
|                   x_ct_vfdsu_pack                                                                              |                                ct_vfdsu_pack |          1 |          1 |       0 |    0 |    0 |      0 |      0 |          0 |
|                   x_ct_vfdsu_prepare                                                                           |                             ct_vfdsu_prepare |        633 |        633 |       0 |    0 |   34 |      0 |      0 |          0 |
|                   x_ct_vfdsu_round                                                                             |                               ct_vfdsu_round |        301 |        301 |       0 |    0 |   64 |      0 |      0 |          0 |
|                   x_ct_vfdsu_srt                                                                               |                                 ct_vfdsu_srt |       2094 |       2094 |       0 |    0 |  279 |      0 |      0 |          0 |
|                     (x_ct_vfdsu_srt)                                                                           |                                 ct_vfdsu_srt |        134 |        134 |       0 |    0 |   51 |      0 |      0 |          0 |
|                     x_ct_vfdsu_srt_radix16_with_sqrt                                                           |               ct_vfdsu_srt_radix16_with_sqrt |       1962 |       1962 |       0 |    0 |  228 |      0 |      0 |          0 |
|                       (x_ct_vfdsu_srt_radix16_with_sqrt)                                                       |               ct_vfdsu_srt_radix16_with_sqrt |       1885 |       1885 |       0 |    0 |  228 |      0 |      0 |          0 |
|                       x_ct_vfdsu_srt_radix16_bound_table                                                       |             ct_vfdsu_srt_radix16_bound_table |         77 |         77 |       0 |    0 |    0 |      0 |      0 |          0 |
|                 x_ct_vfdsu_scalar_dp                                                                           |                           ct_vfdsu_scalar_dp |         10 |         10 |       0 |    0 |    8 |      0 |      0 |          0 |
|           i_arbiter                                                                                            |                                  rr_arb_tree |          1 |          1 |       0 |    0 |    0 |      0 |      0 |          0 |
|         gen_operation_groups[2].i_opgroup_block                                                                |          fpnew_opgroup_block__parameterized1 |        177 |        177 |       0 |    0 |   84 |      0 |      0 |          0 |
|           gen_parallel_slices[0].active_format.i_fmt_slice                                                     |                      fpnew_opgroup_fmt_slice |        177 |        177 |       0 |    0 |   84 |      0 |      0 |          0 |
|             gen_num_lanes[0].active_lane.lane_instance.i_noncomp                                               |                                fpnew_noncomp |        177 |        177 |       0 |    0 |   84 |      0 |      0 |          0 |
|         gen_operation_groups[3].i_opgroup_block                                                                |          fpnew_opgroup_block__parameterized2 |        711 |        711 |       0 |    0 |   55 |      0 |      0 |          0 |
|           (gen_operation_groups[3].i_opgroup_block)                                                            |          fpnew_opgroup_block__parameterized2 |          1 |          1 |       0 |    0 |    0 |      0 |      0 |          0 |
|           gen_merged_slice.i_multifmt_slice                                                                    | fpnew_opgroup_multifmt_slice__parameterized1 |        710 |        710 |       0 |    0 |   55 |      0 |      0 |          0 |
|             gen_num_lanes[0].active_lane.lane_instance.i_fpnew_cast_multi                                      |                             fpnew_cast_multi |        710 |        710 |       0 |    0 |   55 |      0 |      0 |          0 |
|         i_arbiter                                                                                              |                  rr_arb_tree__parameterized0 |        102 |        102 |       0 |    0 |    2 |      0 |      0 |          0 |
|       mem_stream_fifo_i                                                                                        |                  stream_fifo__parameterized0 |         60 |         60 |       0 |    0 |   28 |      0 |      0 |          0 |
|         fifo_i                                                                                                 |                      fifo_v3__parameterized0 |         60 |         60 |       0 |    0 |   28 |      0 |      0 |          0 |
+----------------------------------------------------------------------------------------------------------------+----------------------------------------------+------------+------------+---------+------+------+--------+--------+------------+
* Note: The sum of lower-level cells may be larger than their parent cells total, due to cross-hierarchy LUT combining


