Copyright 1986-2020 Xilinx, Inc. All Rights Reserved.
------------------------------------------------------------------------------------
| Tool Version : Vivado v.2020.2 (lin64) Build 3064766 Wed Nov 18 09:12:47 MST 2020
| Date         : Wed May  7 13:05:24 2025
| Host         : return running 64-bit Ubuntu 20.04.6 LTS
| Command      : report_utilization -hierarchical -file utilization_report.rpt
| Design       : demo_top
| Device       : 7k325tffg900-2
| Design State : Routed
------------------------------------------------------------------------------------

Utilization Design Information

Table of Contents
-----------------
1. Utilization by Hierarchy

1. Utilization by Hierarchy
---------------------------

+----------------------------------------+----------------------------------------+------------+------------+---------+------+-------+--------+--------+------------+
|                Instance                |                 Module                 | Total LUTs | Logic LUTs | LUTRAMs | SRLs |  FFs  | RAMB36 | RAMB18 | DSP Blocks |
+----------------------------------------+----------------------------------------+------------+------------+---------+------+-------+--------+--------+------------+
| demo_top                               |                                  (top) |      76739 |      68433 |    8192 |  114 | 42952 |     64 |      0 |        133 |
|   (demo_top)                           |                                  (top) |          0 |          0 |       0 |    0 |     1 |      0 |      0 |          0 |
|   hwregs                               |                            hwreg_iface |         61 |         56 |       0 |    5 |    77 |      0 |      0 |          0 |
|     (hwregs)                           |                            hwreg_iface |         29 |         29 |       0 |    0 |    10 |      0 |      0 |          0 |
|     uart                               |                             uart_iface |         32 |         27 |       0 |    5 |    67 |      0 |      0 |          0 |
|       (uart)                           |                             uart_iface |          9 |          4 |       0 |    5 |    19 |      0 |      0 |          0 |
|       rx_inst                          |                                uart_rx |         13 |         13 |       0 |    0 |    32 |      0 |      0 |          0 |
|       tx_inst                          |                                uart_tx |         10 |         10 |       0 |    0 |    16 |      0 |      0 |          0 |
|   u_ram                                |                                  ram32 |          0 |          0 |       0 |    0 |     1 |     64 |      0 |          0 |
|   vproc                                |                              vproc_top |      76680 |      68379 |    8192 |  109 | 42873 |      0 |      0 |        133 |
|     (vproc)                            |                              vproc_top |         21 |         20 |       0 |    1 |    40 |      0 |      0 |          0 |
|     core                               |                          cv32e40x_core |       4131 |       4131 |       0 |    0 |  2358 |      0 |      0 |          3 |
|       controller_i                     |                    cv32e40x_controller |        284 |        284 |       0 |    0 |    16 |      0 |      0 |          0 |
|         bypass_i                       |             cv32e40x_controller_bypass |          1 |          1 |       0 |    0 |     0 |      0 |      0 |          0 |
|         controller_fsm_i               |                cv32e40x_controller_fsm |        283 |        283 |       0 |    0 |    16 |      0 |      0 |          0 |
|       cs_registers_i                   |                  cv32e40x_cs_registers |         42 |         42 |       0 |    0 |   476 |      0 |      0 |          0 |
|         (cs_registers_i)               |                  cv32e40x_cs_registers |         12 |         12 |       0 |    0 |   220 |      0 |      0 |          0 |
|         basic_mode_csrs.mie_csr_i      |           cv32e40x_csr__parameterized0 |          2 |          2 |       0 |    0 |    19 |      0 |      0 |          0 |
|         basic_mode_csrs.mtvec_csr_i    |                           cv32e40x_csr |          5 |          5 |       0 |    0 |    26 |      0 |      0 |          0 |
|         dcsr_csr_i                     |           cv32e40x_csr__parameterized1 |          3 |          3 |       0 |    0 |     6 |      0 |      0 |          0 |
|         dpc_csr_i                      |       cv32e40x_csr__parameterized0_128 |          0 |          0 |       0 |    0 |    31 |      0 |      0 |          0 |
|         dscratch0_csr_i                |       cv32e40x_csr__parameterized0_129 |          0 |          0 |       0 |    0 |    32 |      0 |      0 |          0 |
|         dscratch1_csr_i                |       cv32e40x_csr__parameterized0_130 |         11 |         11 |       0 |    0 |    32 |      0 |      0 |          0 |
|         mcause_csr_i                   |       cv32e40x_csr__parameterized0_131 |          1 |          1 |       0 |    0 |    12 |      0 |      0 |          0 |
|         mepc_csr_i                     |       cv32e40x_csr__parameterized0_132 |          3 |          3 |       0 |    0 |    31 |      0 |      0 |          0 |
|         mscratch_csr_i                 |       cv32e40x_csr__parameterized0_133 |          0 |          0 |       0 |    0 |    32 |      0 |      0 |          0 |
|         mstatus_csr_i                  |           cv32e40x_csr__parameterized2 |          0 |          0 |       0 |    0 |     2 |      0 |      0 |          0 |
|         tdata1_csr_i                   |           cv32e40x_csr__parameterized3 |          1 |          1 |       0 |    0 |     1 |      0 |      0 |          0 |
|         tdata2_csr_i                   |       cv32e40x_csr__parameterized0_134 |          4 |          4 |       0 |    0 |    32 |      0 |      0 |          0 |
|       ex_stage_i                       |                      cv32e40x_ex_stage |        632 |        632 |       0 |    0 |   281 |      0 |      0 |          3 |
|         (ex_stage_i)                   |                      cv32e40x_ex_stage |        362 |        362 |       0 |    0 |   138 |      0 |      0 |          0 |
|         div.div_i                      |                           cv32e40x_div |        217 |        217 |       0 |    0 |   108 |      0 |      0 |          0 |
|         mul.mult_i                     |                          cv32e40x_mult |         53 |         53 |       0 |    0 |    35 |      0 |      0 |          3 |
|       id_stage_i                       |                      cv32e40x_id_stage |       1352 |       1352 |       0 |    0 |   243 |      0 |      0 |          0 |
|         (id_stage_i)                   |                      cv32e40x_id_stage |       1336 |       1336 |       0 |    0 |   243 |      0 |      0 |          0 |
|         cv32e40x_pc_target_i           |                     cv32e40x_pc_target |         16 |         16 |       0 |    0 |     0 |      0 |      0 |          0 |
|       if_stage_i                       |                      cv32e40x_if_stage |       1116 |       1116 |       0 |    0 |   300 |      0 |      0 |          0 |
|         (if_stage_i)                   |                      cv32e40x_if_stage |        574 |        574 |       0 |    0 |    82 |      0 |      0 |          0 |
|         instruction_obi_i              |           cv32e40x_instr_obi_interface |        100 |        100 |       0 |    0 |    31 |      0 |      0 |          0 |
|         mpu_i                          |                           cv32e40x_mpu |          8 |          8 |       0 |    0 |     2 |      0 |      0 |          0 |
|         prefetch_unit_i                |                 cv32e40x_prefetch_unit |        435 |        435 |       0 |    0 |   185 |      0 |      0 |          0 |
|           alignment_buffer_i           |              cv32e40x_alignment_buffer |        408 |        408 |       0 |    0 |   153 |      0 |      0 |          0 |
|           prefetcher_i                 |                    cv32e40x_prefetcher |         27 |         27 |       0 |    0 |    32 |      0 |      0 |          0 |
|       load_store_unit_i                |               cv32e40x_load_store_unit |        119 |        119 |       0 |    0 |    47 |      0 |      0 |          0 |
|         (load_store_unit_i)            |               cv32e40x_load_store_unit |         78 |         78 |       0 |    0 |    40 |      0 |      0 |          0 |
|         mpu_i                          |           cv32e40x_mpu__parameterized0 |         35 |         35 |       0 |    0 |     3 |      0 |      0 |          0 |
|         response_filter_i              |           cv32e40x_lsu_response_filter |          6 |          6 |       0 |    0 |     4 |      0 |      0 |          0 |
|       register_file_wrapper_i          |         cv32e40x_register_file_wrapper |        597 |        597 |       0 |    0 |   992 |      0 |      0 |          0 |
|         register_file_i                |                 cv32e40x_register_file |        597 |        597 |       0 |    0 |   992 |      0 |      0 |          0 |
|       sleep_unit_i                     |                    cv32e40x_sleep_unit |          3 |          3 |       0 |    0 |     3 |      0 |      0 |          0 |
|         (sleep_unit_i)                 |                    cv32e40x_sleep_unit |          2 |          2 |       0 |    0 |     2 |      0 |      0 |          0 |
|         core_clock_gate_i              |                    cv32e40x_clock_gate |          1 |          1 |       0 |    0 |     1 |      0 |      0 |          0 |
|     v_core                             |                             vproc_core |      72531 |      64231 |    8192 |  108 | 40475 |      0 |      0 |        130 |
|       (v_core)                         |                             vproc_core |        203 |        203 |       0 |    0 |   472 |      0 |      0 |          0 |
|       dispatcher                       |                       vproc_dispatcher |         16 |         16 |       0 |    0 |    32 |      0 |      0 |          0 |
|       genblk9[0].pipe                  |                 vproc_pipeline_wrapper |      20329 |      20269 |       0 |   60 | 16331 |      0 |      0 |          2 |
|         pipeline                       |                         vproc_pipeline |      20329 |      20269 |       0 |   60 | 16331 |      0 |      0 |          2 |
|           (pipeline)                   |                         vproc_pipeline |        604 |        604 |       0 |    0 |   278 |      0 |      0 |          0 |
|           pack                         |                         vproc_vregpack |       3659 |       3659 |       0 |    0 |  2610 |      0 |      0 |          0 |
|           unit_mux                     |                         vproc_unit_mux |       1252 |       1252 |       0 |    0 |   755 |      0 |      0 |          2 |
|             genblk1[0].unit            |                     vproc_unit_wrapper |        157 |        157 |       0 |    0 |   275 |      0 |      0 |          2 |
|               (genblk1[0].unit)        |                     vproc_unit_wrapper |          2 |          2 |       0 |    0 |     0 |      0 |      0 |          0 |
|               lsu                      |                              vproc_lsu |        155 |        155 |       0 |    0 |   275 |      0 |      0 |          2 |
|                 (lsu)                  |                              vproc_lsu |         48 |         48 |       0 |    0 |   153 |      0 |      0 |          2 |
|                 lsu_queue              |            vproc_queue__parameterized0 |        101 |        101 |       0 |    0 |   117 |      0 |      0 |          0 |
|                 trans_complete_queue   |            vproc_queue__parameterized1 |          6 |          6 |       0 |    0 |     5 |      0 |      0 |          0 |
|             genblk1[1].unit            |     vproc_unit_wrapper__parameterized0 |        809 |        809 |       0 |    0 |   351 |      0 |      0 |          0 |
|               (genblk1[1].unit)        |     vproc_unit_wrapper__parameterized0 |          1 |          1 |       0 |    0 |     0 |      0 |      0 |          0 |
|               alu                      |                              vproc_alu |        808 |        808 |       0 |    0 |   351 |      0 |      0 |          0 |
|             genblk1[4].unit            |     vproc_unit_wrapper__parameterized1 |        101 |        101 |       0 |    0 |   112 |      0 |      0 |          0 |
|               (genblk1[4].unit)        |     vproc_unit_wrapper__parameterized1 |          4 |          4 |       0 |    0 |    25 |      0 |      0 |          0 |
|               elem                     |                             vproc_elem |         97 |         97 |       0 |    0 |    87 |      0 |      0 |          0 |
|             unit_queue                 |        vproc_queue__parameterized2_127 |        186 |        186 |       0 |    0 |    17 |      0 |      0 |          0 |
|           unpack                       |                       vproc_vregunpack |      14817 |      14757 |       0 |   60 | 12688 |      0 |      0 |          0 |
|       genblk9[1].pipe                  | vproc_pipeline_wrapper__parameterized0 |      43521 |      43473 |       0 |   48 | 23365 |      0 |      0 |        128 |
|         pipeline                       |         vproc_pipeline__parameterized0 |      43521 |      43473 |       0 |   48 | 23365 |      0 |      0 |        128 |
|           (pipeline)                   |         vproc_pipeline__parameterized0 |        273 |        273 |       0 |    0 |   154 |      0 |      0 |          0 |
|           pack                         |         vproc_vregpack__parameterized0 |        108 |        108 |       0 |    0 |  2315 |      0 |      0 |          0 |
|           unit_mux                     |         vproc_unit_mux__parameterized0 |      30481 |      30481 |       0 |    0 |  9335 |      0 |      0 |        128 |
|             genblk1[2].unit            |     vproc_unit_wrapper__parameterized2 |       9771 |       9771 |       0 |    0 |  5719 |      0 |      0 |        128 |
|               (genblk1[2].unit)        |     vproc_unit_wrapper__parameterized2 |       1224 |       1224 |       0 |    0 |     0 |      0 |      0 |          0 |
|               mul                      |                              vproc_mul |       8666 |       8666 |       0 |    0 |  5719 |      0 |      0 |        128 |
|                 (mul)                  |                              vproc_mul |        205 |        205 |       0 |    0 |  5719 |      0 |      0 |          0 |
|                 genblk5[0].mul_block   |                        vproc_mul_block |         31 |         31 |       0 |    0 |     0 |      0 |      0 |          1 |
|                 genblk5[100].mul_block |                      vproc_mul_block_0 |         56 |         56 |       0 |    0 |     0 |      0 |      0 |          1 |
|                 genblk5[101].mul_block |                      vproc_mul_block_1 |         91 |         91 |       0 |    0 |     0 |      0 |      0 |          1 |
|                 genblk5[102].mul_block |                      vproc_mul_block_2 |         87 |         87 |       0 |    0 |     0 |      0 |      0 |          1 |
|                 genblk5[103].mul_block |                      vproc_mul_block_3 |         67 |         67 |       0 |    0 |     0 |      0 |      0 |          1 |
|                 genblk5[104].mul_block |                      vproc_mul_block_4 |         57 |         57 |       0 |    0 |     0 |      0 |      0 |          1 |
|                 genblk5[105].mul_block |                      vproc_mul_block_5 |         92 |         92 |       0 |    0 |     0 |      0 |      0 |          1 |
|                 genblk5[106].mul_block |                      vproc_mul_block_6 |         86 |         86 |       0 |    0 |     0 |      0 |      0 |          1 |
|                 genblk5[107].mul_block |                      vproc_mul_block_7 |         69 |         69 |       0 |    0 |     0 |      0 |      0 |          1 |
|                 genblk5[108].mul_block |                      vproc_mul_block_8 |         56 |         56 |       0 |    0 |     0 |      0 |      0 |          1 |
|                 genblk5[109].mul_block |                      vproc_mul_block_9 |         93 |         93 |       0 |    0 |     0 |      0 |      0 |          1 |
|                 genblk5[10].mul_block  |                     vproc_mul_block_10 |         65 |         65 |       0 |    0 |     0 |      0 |      0 |          1 |
|                 genblk5[110].mul_block |                     vproc_mul_block_11 |         86 |         86 |       0 |    0 |     0 |      0 |      0 |          1 |
|                 genblk5[111].mul_block |                     vproc_mul_block_12 |         68 |         68 |       0 |    0 |     0 |      0 |      0 |          1 |
|                 genblk5[112].mul_block |                     vproc_mul_block_13 |         55 |         55 |       0 |    0 |     0 |      0 |      0 |          1 |
|                 genblk5[113].mul_block |                     vproc_mul_block_14 |         90 |         90 |       0 |    0 |     0 |      0 |      0 |          1 |
|                 genblk5[114].mul_block |                     vproc_mul_block_15 |         86 |         86 |       0 |    0 |     0 |      0 |      0 |          1 |
|                 genblk5[115].mul_block |                     vproc_mul_block_16 |         68 |         68 |       0 |    0 |     0 |      0 |      0 |          1 |
|                 genblk5[116].mul_block |                     vproc_mul_block_17 |         55 |         55 |       0 |    0 |     0 |      0 |      0 |          1 |
|                 genblk5[117].mul_block |                     vproc_mul_block_18 |         93 |         93 |       0 |    0 |     0 |      0 |      0 |          1 |
|                 genblk5[118].mul_block |                     vproc_mul_block_19 |         86 |         86 |       0 |    0 |     0 |      0 |      0 |          1 |
|                 genblk5[119].mul_block |                     vproc_mul_block_20 |         71 |         71 |       0 |    0 |     0 |      0 |      0 |          1 |
|                 genblk5[11].mul_block  |                     vproc_mul_block_21 |         70 |         70 |       0 |    0 |     0 |      0 |      0 |          1 |
|                 genblk5[120].mul_block |                     vproc_mul_block_22 |         55 |         55 |       0 |    0 |     0 |      0 |      0 |          1 |
|                 genblk5[121].mul_block |                     vproc_mul_block_23 |         91 |         91 |       0 |    0 |     0 |      0 |      0 |          1 |
|                 genblk5[122].mul_block |                     vproc_mul_block_24 |         86 |         86 |       0 |    0 |     0 |      0 |      0 |          1 |
|                 genblk5[123].mul_block |                     vproc_mul_block_25 |         68 |         68 |       0 |    0 |     0 |      0 |      0 |          1 |
|                 genblk5[124].mul_block |                     vproc_mul_block_26 |         54 |         54 |       0 |    0 |     0 |      0 |      0 |          1 |
|                 genblk5[125].mul_block |                     vproc_mul_block_27 |         90 |         90 |       0 |    0 |     0 |      0 |      0 |          1 |
|                 genblk5[126].mul_block |                     vproc_mul_block_28 |         86 |         86 |       0 |    0 |     0 |      0 |      0 |          1 |
|                 genblk5[127].mul_block |                     vproc_mul_block_29 |         69 |         69 |       0 |    0 |     0 |      0 |      0 |          1 |
|                 genblk5[12].mul_block  |                     vproc_mul_block_30 |         30 |         30 |       0 |    0 |     0 |      0 |      0 |          1 |
|                 genblk5[13].mul_block  |                     vproc_mul_block_31 |        102 |        102 |       0 |    0 |     0 |      0 |      0 |          1 |
|                 genblk5[14].mul_block  |                     vproc_mul_block_32 |         65 |         65 |       0 |    0 |     0 |      0 |      0 |          1 |
|                 genblk5[15].mul_block  |                     vproc_mul_block_33 |         70 |         70 |       0 |    0 |     0 |      0 |      0 |          1 |
|                 genblk5[16].mul_block  |                     vproc_mul_block_34 |         28 |         28 |       0 |    0 |     0 |      0 |      0 |          1 |
|                 genblk5[17].mul_block  |                     vproc_mul_block_35 |        101 |        101 |       0 |    0 |     0 |      0 |      0 |          1 |
|                 genblk5[18].mul_block  |                     vproc_mul_block_36 |         65 |         65 |       0 |    0 |     0 |      0 |      0 |          1 |
|                 genblk5[19].mul_block  |                     vproc_mul_block_37 |         70 |         70 |       0 |    0 |     0 |      0 |      0 |          1 |
|                 genblk5[1].mul_block   |                     vproc_mul_block_38 |        103 |        103 |       0 |    0 |     0 |      0 |      0 |          1 |
|                 genblk5[20].mul_block  |                     vproc_mul_block_39 |         30 |         30 |       0 |    0 |     0 |      0 |      0 |          1 |
|                 genblk5[21].mul_block  |                     vproc_mul_block_40 |        102 |        102 |       0 |    0 |     0 |      0 |      0 |          1 |
|                 genblk5[22].mul_block  |                     vproc_mul_block_41 |         65 |         65 |       0 |    0 |     0 |      0 |      0 |          1 |
|                 genblk5[23].mul_block  |                     vproc_mul_block_42 |         70 |         70 |       0 |    0 |     0 |      0 |      0 |          1 |
|                 genblk5[24].mul_block  |                     vproc_mul_block_43 |         31 |         31 |       0 |    0 |     0 |      0 |      0 |          1 |
|                 genblk5[25].mul_block  |                     vproc_mul_block_44 |        101 |        101 |       0 |    0 |     0 |      0 |      0 |          1 |
|                 genblk5[26].mul_block  |                     vproc_mul_block_45 |         65 |         65 |       0 |    0 |     0 |      0 |      0 |          1 |
|                 genblk5[27].mul_block  |                     vproc_mul_block_46 |         68 |         68 |       0 |    0 |     0 |      0 |      0 |          1 |
|                 genblk5[28].mul_block  |                     vproc_mul_block_47 |         30 |         30 |       0 |    0 |     0 |      0 |      0 |          1 |
|                 genblk5[29].mul_block  |                     vproc_mul_block_48 |        100 |        100 |       0 |    0 |     0 |      0 |      0 |          1 |
|                 genblk5[2].mul_block   |                     vproc_mul_block_49 |         65 |         65 |       0 |    0 |     0 |      0 |      0 |          1 |
|                 genblk5[30].mul_block  |                     vproc_mul_block_50 |         67 |         67 |       0 |    0 |     0 |      0 |      0 |          1 |
|                 genblk5[31].mul_block  |                     vproc_mul_block_51 |         68 |         68 |       0 |    0 |     0 |      0 |      0 |          1 |
|                 genblk5[32].mul_block  |                     vproc_mul_block_52 |         55 |         55 |       0 |    0 |     0 |      0 |      0 |          1 |
|                 genblk5[33].mul_block  |                     vproc_mul_block_53 |         90 |         90 |       0 |    0 |     0 |      0 |      0 |          1 |
|                 genblk5[34].mul_block  |                     vproc_mul_block_54 |         86 |         86 |       0 |    0 |     0 |      0 |      0 |          1 |
|                 genblk5[35].mul_block  |                     vproc_mul_block_55 |         69 |         69 |       0 |    0 |     0 |      0 |      0 |          1 |
|                 genblk5[36].mul_block  |                     vproc_mul_block_56 |         56 |         56 |       0 |    0 |     0 |      0 |      0 |          1 |
|                 genblk5[37].mul_block  |                     vproc_mul_block_57 |         89 |         89 |       0 |    0 |     0 |      0 |      0 |          1 |
|                 genblk5[38].mul_block  |                     vproc_mul_block_58 |         87 |         87 |       0 |    0 |     0 |      0 |      0 |          1 |
|                 genblk5[39].mul_block  |                     vproc_mul_block_59 |         65 |         65 |       0 |    0 |     0 |      0 |      0 |          1 |
|                 genblk5[3].mul_block   |                     vproc_mul_block_60 |         70 |         70 |       0 |    0 |     0 |      0 |      0 |          1 |
|                 genblk5[40].mul_block  |                     vproc_mul_block_61 |         56 |         56 |       0 |    0 |     0 |      0 |      0 |          1 |
|                 genblk5[41].mul_block  |                     vproc_mul_block_62 |         91 |         91 |       0 |    0 |     0 |      0 |      0 |          1 |
|                 genblk5[42].mul_block  |                     vproc_mul_block_63 |         86 |         86 |       0 |    0 |     0 |      0 |      0 |          1 |
|                 genblk5[43].mul_block  |                     vproc_mul_block_64 |         68 |         68 |       0 |    0 |     0 |      0 |      0 |          1 |
|                 genblk5[44].mul_block  |                     vproc_mul_block_65 |         56 |         56 |       0 |    0 |     0 |      0 |      0 |          1 |
|                 genblk5[45].mul_block  |                     vproc_mul_block_66 |         92 |         92 |       0 |    0 |     0 |      0 |      0 |          1 |
|                 genblk5[46].mul_block  |                     vproc_mul_block_67 |         86 |         86 |       0 |    0 |     0 |      0 |      0 |          1 |
|                 genblk5[47].mul_block  |                     vproc_mul_block_68 |         68 |         68 |       0 |    0 |     0 |      0 |      0 |          1 |
|                 genblk5[48].mul_block  |                     vproc_mul_block_69 |         55 |         55 |       0 |    0 |     0 |      0 |      0 |          1 |
|                 genblk5[49].mul_block  |                     vproc_mul_block_70 |         91 |         91 |       0 |    0 |     0 |      0 |      0 |          1 |
|                 genblk5[4].mul_block   |                     vproc_mul_block_71 |         30 |         30 |       0 |    0 |     0 |      0 |      0 |          1 |
|                 genblk5[50].mul_block  |                     vproc_mul_block_72 |         86 |         86 |       0 |    0 |     0 |      0 |      0 |          1 |
|                 genblk5[51].mul_block  |                     vproc_mul_block_73 |         69 |         69 |       0 |    0 |     0 |      0 |      0 |          1 |
|                 genblk5[52].mul_block  |                     vproc_mul_block_74 |         55 |         55 |       0 |    0 |     0 |      0 |      0 |          1 |
|                 genblk5[53].mul_block  |                     vproc_mul_block_75 |         90 |         90 |       0 |    0 |     0 |      0 |      0 |          1 |
|                 genblk5[54].mul_block  |                     vproc_mul_block_76 |         86 |         86 |       0 |    0 |     0 |      0 |      0 |          1 |
|                 genblk5[55].mul_block  |                     vproc_mul_block_77 |         68 |         68 |       0 |    0 |     0 |      0 |      0 |          1 |
|                 genblk5[56].mul_block  |                     vproc_mul_block_78 |         56 |         56 |       0 |    0 |     0 |      0 |      0 |          1 |
|                 genblk5[57].mul_block  |                     vproc_mul_block_79 |         92 |         92 |       0 |    0 |     0 |      0 |      0 |          1 |
|                 genblk5[58].mul_block  |                     vproc_mul_block_80 |         86 |         86 |       0 |    0 |     0 |      0 |      0 |          1 |
|                 genblk5[59].mul_block  |                     vproc_mul_block_81 |         69 |         69 |       0 |    0 |     0 |      0 |      0 |          1 |
|                 genblk5[5].mul_block   |                     vproc_mul_block_82 |        101 |        101 |       0 |    0 |     0 |      0 |      0 |          1 |
|                 genblk5[60].mul_block  |                     vproc_mul_block_83 |         55 |         55 |       0 |    0 |     0 |      0 |      0 |          1 |
|                 genblk5[61].mul_block  |                     vproc_mul_block_84 |         91 |         91 |       0 |    0 |     0 |      0 |      0 |          1 |
|                 genblk5[62].mul_block  |                     vproc_mul_block_85 |         86 |         86 |       0 |    0 |     0 |      0 |      0 |          1 |
|                 genblk5[63].mul_block  |                     vproc_mul_block_86 |         69 |         69 |       0 |    0 |     0 |      0 |      0 |          1 |
|                 genblk5[64].mul_block  |                     vproc_mul_block_87 |         57 |         57 |       0 |    0 |     0 |      0 |      0 |          1 |
|                 genblk5[65].mul_block  |                     vproc_mul_block_88 |         93 |         93 |       0 |    0 |     0 |      0 |      0 |          1 |
|                 genblk5[66].mul_block  |                     vproc_mul_block_89 |         85 |         85 |       0 |    0 |     0 |      0 |      0 |          1 |
|                 genblk5[67].mul_block  |                     vproc_mul_block_90 |         69 |         69 |       0 |    0 |     0 |      0 |      0 |          1 |
|                 genblk5[68].mul_block  |                     vproc_mul_block_91 |         56 |         56 |       0 |    0 |     0 |      0 |      0 |          1 |
|                 genblk5[69].mul_block  |                     vproc_mul_block_92 |         91 |         91 |       0 |    0 |     0 |      0 |      0 |          1 |
|                 genblk5[6].mul_block   |                     vproc_mul_block_93 |         65 |         65 |       0 |    0 |     0 |      0 |      0 |          1 |
|                 genblk5[70].mul_block  |                     vproc_mul_block_94 |         87 |         87 |       0 |    0 |     0 |      0 |      0 |          1 |
|                 genblk5[71].mul_block  |                     vproc_mul_block_95 |         70 |         70 |       0 |    0 |     0 |      0 |      0 |          1 |
|                 genblk5[72].mul_block  |                     vproc_mul_block_96 |         56 |         56 |       0 |    0 |     0 |      0 |      0 |          1 |
|                 genblk5[73].mul_block  |                     vproc_mul_block_97 |         91 |         91 |       0 |    0 |     0 |      0 |      0 |          1 |
|                 genblk5[74].mul_block  |                     vproc_mul_block_98 |         86 |         86 |       0 |    0 |     0 |      0 |      0 |          1 |
|                 genblk5[75].mul_block  |                     vproc_mul_block_99 |         68 |         68 |       0 |    0 |     0 |      0 |      0 |          1 |
|                 genblk5[76].mul_block  |                    vproc_mul_block_100 |         55 |         55 |       0 |    0 |     0 |      0 |      0 |          1 |
|                 genblk5[77].mul_block  |                    vproc_mul_block_101 |         92 |         92 |       0 |    0 |     0 |      0 |      0 |          1 |
|                 genblk5[78].mul_block  |                    vproc_mul_block_102 |         86 |         86 |       0 |    0 |     0 |      0 |      0 |          1 |
|                 genblk5[79].mul_block  |                    vproc_mul_block_103 |         69 |         69 |       0 |    0 |     0 |      0 |      0 |          1 |
|                 genblk5[7].mul_block   |                    vproc_mul_block_104 |         72 |         72 |       0 |    0 |     0 |      0 |      0 |          1 |
|                 genblk5[80].mul_block  |                    vproc_mul_block_105 |         56 |         56 |       0 |    0 |     0 |      0 |      0 |          1 |
|                 genblk5[81].mul_block  |                    vproc_mul_block_106 |         92 |         92 |       0 |    0 |     0 |      0 |      0 |          1 |
|                 genblk5[82].mul_block  |                    vproc_mul_block_107 |         85 |         85 |       0 |    0 |     0 |      0 |      0 |          1 |
|                 genblk5[83].mul_block  |                    vproc_mul_block_108 |         67 |         67 |       0 |    0 |     0 |      0 |      0 |          1 |
|                 genblk5[84].mul_block  |                    vproc_mul_block_109 |         57 |         57 |       0 |    0 |     0 |      0 |      0 |          1 |
|                 genblk5[85].mul_block  |                    vproc_mul_block_110 |         93 |         93 |       0 |    0 |     0 |      0 |      0 |          1 |
|                 genblk5[86].mul_block  |                    vproc_mul_block_111 |         86 |         86 |       0 |    0 |     0 |      0 |      0 |          1 |
|                 genblk5[87].mul_block  |                    vproc_mul_block_112 |         68 |         68 |       0 |    0 |     0 |      0 |      0 |          1 |
|                 genblk5[88].mul_block  |                    vproc_mul_block_113 |         56 |         56 |       0 |    0 |     0 |      0 |      0 |          1 |
|                 genblk5[89].mul_block  |                    vproc_mul_block_114 |         92 |         92 |       0 |    0 |     0 |      0 |      0 |          1 |
|                 genblk5[8].mul_block   |                    vproc_mul_block_115 |         30 |         30 |       0 |    0 |     0 |      0 |      0 |          1 |
|                 genblk5[90].mul_block  |                    vproc_mul_block_116 |         85 |         85 |       0 |    0 |     0 |      0 |      0 |          1 |
|                 genblk5[91].mul_block  |                    vproc_mul_block_117 |         67 |         67 |       0 |    0 |     0 |      0 |      0 |          1 |
|                 genblk5[92].mul_block  |                    vproc_mul_block_118 |         55 |         55 |       0 |    0 |     0 |      0 |      0 |          1 |
|                 genblk5[93].mul_block  |                    vproc_mul_block_119 |         90 |         90 |       0 |    0 |     0 |      0 |      0 |          1 |
|                 genblk5[94].mul_block  |                    vproc_mul_block_120 |         86 |         86 |       0 |    0 |     0 |      0 |      0 |          1 |
|                 genblk5[95].mul_block  |                    vproc_mul_block_121 |         68 |         68 |       0 |    0 |     0 |      0 |      0 |          1 |
|                 genblk5[96].mul_block  |                    vproc_mul_block_122 |         55 |         55 |       0 |    0 |     0 |      0 |      0 |          1 |
|                 genblk5[97].mul_block  |                    vproc_mul_block_123 |         90 |         90 |       0 |    0 |     0 |      0 |      0 |          1 |
|                 genblk5[98].mul_block  |                    vproc_mul_block_124 |         86 |         86 |       0 |    0 |     0 |      0 |      0 |          1 |
|                 genblk5[99].mul_block  |                    vproc_mul_block_125 |         68 |         68 |       0 |    0 |     0 |      0 |      0 |          1 |
|                 genblk5[9].mul_block   |                    vproc_mul_block_126 |        103 |        103 |       0 |    0 |     0 |      0 |      0 |          1 |
|             genblk1[3].unit            |     vproc_unit_wrapper__parameterized3 |      20688 |      20688 |       0 |    0 |  3599 |      0 |      0 |          0 |
|               (genblk1[3].unit)        |     vproc_unit_wrapper__parameterized3 |      12144 |      12144 |       0 |    0 |     0 |      0 |      0 |          0 |
|               sld                      |                              vproc_sld |       8580 |       8580 |       0 |    0 |  3599 |      0 |      0 |          0 |
|             unit_queue                 |            vproc_queue__parameterized2 |         23 |         23 |       0 |    0 |    17 |      0 |      0 |          0 |
|           unpack                       |       vproc_vregunpack__parameterized0 |      12664 |      12616 |       0 |   48 | 11561 |      0 |      0 |          0 |
|       instr_queue                      |                            vproc_queue |        147 |        147 |       0 |    0 |   245 |      0 |      0 |          0 |
|       result_if                        |                           vproc_result |        127 |        127 |       0 |    0 |    30 |      0 |      0 |          0 |
|       vregfile                         |                         vproc_vregfile |       8192 |          0 |    8192 |    0 |     0 |      0 |      0 |          0 |
+----------------------------------------+----------------------------------------+------------+------------+---------+------+-------+--------+--------+------------+
* Note: The sum of lower-level cells may be larger than their parent cells total, due to cross-hierarchy LUT combining


