Copyright 1986-2021 Xilinx, Inc. All Rights Reserved.
------------------------------------------------------------------------------------
| Tool Version : Vivado v.2021.2 (lin64) Build 3367213 Tue Oct 19 02:47:39 MDT 2021
| Date         : Tue May 13 23:38:47 2025
| Host         : return running 64-bit Ubuntu 20.04.6 LTS
| Command      : report_timing -file timing_report.rpt
| Design       : demo_top
| Device       : 7k325t-ffg900
| Speed File   : -2  PRODUCTION 1.12 2017-02-17
------------------------------------------------------------------------------------

Timing Report

Slack (MET) :             0.034ns  (required time - arrival time)
  Source:                 vproc/core/ex_stage_i/ex_wb_pipe_o_reg[first_op]/C
                            (rising edge-triggered cell FDCE clocked by clk_raw  {rise@0.000ns fall@4.062ns period=8.125ns})
  Destination:            u_ram/mem_reg_0_1_0/ENARDEN
                            (rising edge-triggered cell RAMB36E1 clocked by clk_raw  {rise@0.000ns fall@4.062ns period=8.125ns})
  Path Group:             clk_raw
  Path Type:              Setup (Max at Slow Process Corner)
  Requirement:            8.125ns  (clk_raw rise@8.125ns - clk_raw rise@0.000ns)
  Data Path Delay:        5.505ns  (logic 0.748ns (13.589%)  route 4.757ns (86.411%))
  Logic Levels:           10  (LUT2=1 LUT4=1 LUT5=3 LUT6=5)
  Clock Path Skew:        -2.202ns (DCD - SCD + CPR)
    Destination Clock Delay (DCD):    4.852ns = ( 12.977 - 8.125 ) 
    Source Clock Delay      (SCD):    7.391ns
    Clock Pessimism Removal (CPR):    0.337ns
  Clock Uncertainty:      0.056ns  ((TSJ^2 + DJ^2)^1/2) / 2 + PE
    Total System Jitter     (TSJ):    0.071ns
    Discrete Jitter          (DJ):    0.088ns
    Phase Error              (PE):    0.000ns

    Location             Delay type                Incr(ns)  Path(ns)    Netlist Resource(s)
  -------------------------------------------------------------------    -------------------
                         (clock clk_raw rise edge)    0.000     0.000 r  
    AD12                                              0.000     0.000 r  sys_clk_pi (IN)
                         net (fo=0)                   0.000     0.000    sys_clk_pi
    AD12                 IBUF (Prop_ibuf_I_O)         0.906     0.906 r  sys_clk_pi_IBUF_inst/O
                         net (fo=1, routed)           1.137     2.043    sys_clk_pi_IBUF
    PLLE2_ADV_X1Y2       PLLE2_ADV (Prop_plle2_adv_CLKIN1_CLKOUT0)
                                                      0.077     2.120 r  pll_inst/CLKOUT0
                         net (fo=1, routed)           1.789     3.909    clk_raw
    BUFGCTRL_X0Y1        BUFG (Prop_bufg_I_O)         0.093     4.002 r  clkbuf/O
                         net (fo=225, routed)         1.478     5.479    vproc/core/sleep_unit_i/core_clock_gate_i/clk
    SLICE_X79Y196        LUT2 (Prop_lut2_I0_O)        0.043     5.522 r  vproc/core/sleep_unit_i/core_clock_gate_i/state_q_i_3/O
                         net (fo=1, routed)           0.504     6.026    vproc_n_126
    BUFGCTRL_X0Y0        BUFG (Prop_bufg_I_O)         0.093     6.119 r  state_q_reg_i_2/O
                         net (fo=1884, routed)        1.272     7.391    vproc/core/ex_stage_i/clk_0
    SLICE_X44Y180        FDCE                                         r  vproc/core/ex_stage_i/ex_wb_pipe_o_reg[first_op]/C
  -------------------------------------------------------------------    -------------------
    SLICE_X44Y180        FDCE (Prop_fdce_C_Q)         0.223     7.614 r  vproc/core/ex_stage_i/ex_wb_pipe_o_reg[first_op]/Q
                         net (fo=2, routed)           0.514     8.128    vproc/core/if_stage_i/ex_wb_pipe[first_op]
    SLICE_X48Y180        LUT6 (Prop_lut6_I2_O)        0.043     8.171 r  vproc/core/if_stage_i/core_busy_d_i_21/O
                         net (fo=1, routed)           0.266     8.437    vproc/core/load_store_unit_i/trans_addr_q[9]_i_9_0
    SLICE_X49Y180        LUT5 (Prop_lut5_I4_O)        0.043     8.480 r  vproc/core/load_store_unit_i/core_busy_d_i_18/O
                         net (fo=4, routed)           0.198     8.678    vproc/core/cs_registers_i/dcsr_csr_i/p_87_in
    SLICE_X46Y180        LUT5 (Prop_lut5_I4_O)        0.043     8.721 r  vproc/core/cs_registers_i/dcsr_csr_i/trans_addr_q[9]_i_9/O
                         net (fo=10, routed)          0.374     9.094    vproc/core/controller_i/controller_fsm_i/ctrl_fsm_o190_out__0
    SLICE_X46Y180        LUT4 (Prop_lut4_I3_O)        0.047     9.141 f  vproc/core/controller_i/controller_fsm_i/pop_q_i_8/O
                         net (fo=2, routed)           0.196     9.337    vproc/core/ex_stage_i/mul.mult_i/gen_rf[1].mem[1][31]_i_4_2
    SLICE_X44Y180        LUT6 (Prop_lut6_I5_O)        0.134     9.471 f  vproc/core/ex_stage_i/mul.mult_i/mulh_state[1]_i_5/O
                         net (fo=4, routed)           0.362     9.833    vproc/core/id_stage_i/pop_q_i_16
    SLICE_X46Y181        LUT6 (Prop_lut6_I0_O)        0.043     9.876 f  vproc/core/id_stage_i/bus_cnt_q[1]_i_4/O
                         net (fo=2, routed)           0.197    10.074    vproc/core/load_store_unit_i/response_filter_i/bus_cnt_q_reg[1]_2
    SLICE_X44Y181        LUT6 (Prop_lut6_I3_O)        0.043    10.117 r  vproc/core/load_store_unit_i/response_filter_i/bus_cnt_q[1]_i_2/O
                         net (fo=11, routed)          0.252    10.369    vproc/core/load_store_unit_i/response_filter_i/sdata_req
    SLICE_X43Y181        LUT2 (Prop_lut2_I1_O)        0.043    10.412 f  vproc/core/load_store_unit_i/response_filter_i/mem_reg_0_0_0_i_26/O
                         net (fo=2, routed)           0.272    10.683    vproc/core/load_store_unit_i/response_filter_i/mem_reg_0_0_0_i_26_n_0
    SLICE_X43Y183        LUT6 (Prop_lut6_I5_O)        0.043    10.726 f  vproc/core/load_store_unit_i/response_filter_i/mem_reg_0_0_0_i_6/O
                         net (fo=6, routed)           0.372    11.099    vproc/core/load_store_unit_i/response_filter_i/mem_reg_0_0_0_i_6_n_0
    SLICE_X42Y183        LUT5 (Prop_lut5_I0_O)        0.043    11.142 r  vproc/core/load_store_unit_i/response_filter_i/mem_reg_0_0_0_i_1/O
                         net (fo=22, routed)          1.754    12.896    u_ram/mem_reg_2_1_3_0
    RAMB36_X4Y37         RAMB36E1                                     r  u_ram/mem_reg_0_1_0/ENARDEN
  -------------------------------------------------------------------    -------------------

                         (clock clk_raw rise edge)    8.125     8.125 r  
    AD12                                              0.000     8.125 r  sys_clk_pi (IN)
                         net (fo=0)                   0.000     8.125    sys_clk_pi
    AD12                 IBUF (Prop_ibuf_I_O)         0.803     8.928 r  sys_clk_pi_IBUF_inst/O
                         net (fo=1, routed)           1.033     9.961    sys_clk_pi_IBUF
    PLLE2_ADV_X1Y2       PLLE2_ADV (Prop_plle2_adv_CLKIN1_CLKOUT0)
                                                      0.073    10.034 r  pll_inst/CLKOUT0
                         net (fo=1, routed)           1.672    11.706    clk_raw
    BUFGCTRL_X0Y1        BUFG (Prop_bufg_I_O)         0.083    11.789 r  clkbuf/O
                         net (fo=225, routed)         1.188    12.977    u_ram/clk
    RAMB36_X4Y37         RAMB36E1                                     r  u_ram/mem_reg_0_1_0/CLKARDCLK
                         clock pessimism              0.337    13.314    
                         clock uncertainty           -0.056    13.258    
    RAMB36_X4Y37         RAMB36E1 (Setup_ramb36e1_CLKARDCLK_ENARDEN)
                                                     -0.328    12.930    u_ram/mem_reg_0_1_0
  -------------------------------------------------------------------
                         required time                         12.930    
                         arrival time                         -12.896    
  -------------------------------------------------------------------
                         slack                                  0.034    




