Copyright 1986-2021 Xilinx, Inc. All Rights Reserved.
------------------------------------------------------------------------------------
| Tool Version : Vivado v.2021.2 (lin64) Build 3367213 Tue Oct 19 02:47:39 MDT 2021
| Date         : Tue May 13 23:38:47 2025
| Host         : return running 64-bit Ubuntu 20.04.6 LTS
| Command      : report_utilization -hierarchical -file utilization_report.rpt
| Design       : demo_top
| Device       : xc7k325tffg900-2
| Speed File   : -2
| Design State : Routed
------------------------------------------------------------------------------------

Utilization Design Information

Table of Contents
-----------------
1. Utilization by Hierarchy

1. Utilization by Hierarchy
---------------------------

+-------------------------------+--------------------------------+------------+------------+---------+------+------+--------+--------+------------+
|            Instance           |             Module             | Total LUTs | Logic LUTs | LUTRAMs | SRLs |  FFs | RAMB36 | RAMB18 | DSP Blocks |
+-------------------------------+--------------------------------+------------+------------+---------+------+------+--------+--------+------------+
| demo_top                      |                          (top) |       3013 |       3008 |       0 |    5 | 1967 |     66 |      0 |          3 |
|   (demo_top)                  |                          (top) |          0 |          0 |       0 |    0 |    1 |      0 |      0 |          0 |
|   hwregs                      |                    hwreg_iface |         81 |         76 |       0 |    5 |   77 |      0 |      0 |          0 |
|     (hwregs)                  |                    hwreg_iface |         45 |         45 |       0 |    0 |   10 |      0 |      0 |          0 |
|     uart                      |                     uart_iface |         36 |         31 |       0 |    5 |   67 |      0 |      0 |          0 |
|       (uart)                  |                     uart_iface |          9 |          4 |       0 |    5 |   19 |      0 |      0 |          0 |
|       rx_inst                 |                        uart_rx |         12 |         12 |       0 |    0 |   32 |      0 |      0 |          0 |
|       tx_inst                 |                        uart_tx |         15 |         15 |       0 |    0 |   16 |      0 |      0 |          0 |
|   u_iram                      |                          ram32 |          0 |          0 |       0 |    0 |    0 |      2 |      0 |          0 |
|   u_ram                       |                        ram32_0 |          5 |          5 |       0 |    0 |    1 |     64 |      0 |          0 |
|   vproc                       |                      vproc_top |       2927 |       2927 |       0 |    0 | 1888 |      0 |      0 |          3 |
|     (vproc)                   |                      vproc_top |         32 |         32 |       0 |    0 |    1 |      0 |      0 |          0 |
|     core                      |                  cv32e40x_core |       2896 |       2896 |       0 |    0 | 1887 |      0 |      0 |          3 |
|       controller_i            |            cv32e40x_controller |        196 |        196 |       0 |    0 |   12 |      0 |      0 |          0 |
|         controller_fsm_i      |        cv32e40x_controller_fsm |        196 |        196 |       0 |    0 |   12 |      0 |      0 |          0 |
|       cs_registers_i          |          cv32e40x_cs_registers |          7 |          7 |       0 |    0 |   82 |      0 |      0 |          0 |
|         dcsr_csr_i            |   cv32e40x_csr__parameterized1 |          2 |          2 |       0 |    0 |    6 |      0 |      0 |          0 |
|         dpc_csr_i             |   cv32e40x_csr__parameterized0 |          0 |          0 |       0 |    0 |   31 |      0 |      0 |          0 |
|         mcause_csr_i          | cv32e40x_csr__parameterized0_1 |          4 |          4 |       0 |    0 |   12 |      0 |      0 |          0 |
|         mepc_csr_i            | cv32e40x_csr__parameterized0_2 |          0 |          0 |       0 |    0 |   31 |      0 |      0 |          0 |
|         mstatus_csr_i         |   cv32e40x_csr__parameterized2 |          1 |          1 |       0 |    0 |    2 |      0 |      0 |          0 |
|       ex_stage_i              |              cv32e40x_ex_stage |        559 |        559 |       0 |    0 |  259 |      0 |      0 |          3 |
|         (ex_stage_i)          |              cv32e40x_ex_stage |        291 |        291 |       0 |    0 |  116 |      0 |      0 |          0 |
|         div.div_i             |                   cv32e40x_div |        182 |        182 |       0 |    0 |  108 |      0 |      0 |          0 |
|         mul.mult_i            |                  cv32e40x_mult |         86 |         86 |       0 |    0 |   35 |      0 |      0 |          3 |
|       id_stage_i              |              cv32e40x_id_stage |        846 |        846 |       0 |    0 |  243 |      0 |      0 |          0 |
|         (id_stage_i)          |              cv32e40x_id_stage |        816 |        816 |       0 |    0 |  243 |      0 |      0 |          0 |
|         cv32e40x_pc_target_i  |             cv32e40x_pc_target |         30 |         30 |       0 |    0 |    0 |      0 |      0 |          0 |
|       if_stage_i              |              cv32e40x_if_stage |        561 |        561 |       0 |    0 |  248 |      0 |      0 |          0 |
|         (if_stage_i)          |              cv32e40x_if_stage |        253 |        253 |       0 |    0 |   75 |      0 |      0 |          0 |
|         mpu_i                 |                   cv32e40x_mpu |          4 |          4 |       0 |    0 |    2 |      0 |      0 |          0 |
|         prefetch_unit_i       |         cv32e40x_prefetch_unit |        308 |        308 |       0 |    0 |  171 |      0 |      0 |          0 |
|           alignment_buffer_i  |      cv32e40x_alignment_buffer |        294 |        294 |       0 |    0 |  153 |      0 |      0 |          0 |
|           prefetcher_i        |            cv32e40x_prefetcher |         14 |         14 |       0 |    0 |   18 |      0 |      0 |          0 |
|       load_store_unit_i       |       cv32e40x_load_store_unit |        107 |        107 |       0 |    0 |   48 |      0 |      0 |          0 |
|         (load_store_unit_i)   |       cv32e40x_load_store_unit |         76 |         76 |       0 |    0 |   41 |      0 |      0 |          0 |
|         mpu_i                 |   cv32e40x_mpu__parameterized0 |         16 |         16 |       0 |    0 |    3 |      0 |      0 |          0 |
|         response_filter_i     |   cv32e40x_lsu_response_filter |         16 |         16 |       0 |    0 |    4 |      0 |      0 |          0 |
|       register_file_wrapper_i | cv32e40x_register_file_wrapper |        625 |        625 |       0 |    0 |  992 |      0 |      0 |          0 |
|         register_file_i       |         cv32e40x_register_file |        625 |        625 |       0 |    0 |  992 |      0 |      0 |          0 |
|       sleep_unit_i            |            cv32e40x_sleep_unit |          3 |          3 |       0 |    0 |    3 |      0 |      0 |          0 |
|         (sleep_unit_i)        |            cv32e40x_sleep_unit |          2 |          2 |       0 |    0 |    2 |      0 |      0 |          0 |
|         core_clock_gate_i     |            cv32e40x_clock_gate |          1 |          1 |       0 |    0 |    1 |      0 |      0 |          0 |
+-------------------------------+--------------------------------+------------+------------+---------+------+------+--------+--------+------------+
* Note: The sum of lower-level cells may be larger than their parent cells total, due to cross-hierarchy LUT combining


