Copyright 1986-2021 Xilinx, Inc. All Rights Reserved.
------------------------------------------------------------------------------------
| Tool Version : Vivado v.2021.2 (lin64) Build 3367213 Tue Oct 19 02:47:39 MDT 2021
| Date         : Fri May  9 07:43:02 2025
| Host         : return running 64-bit Ubuntu 20.04.6 LTS
| Command      : report_utilization -hierarchical -file utilization_report.rpt
| Design       : demo_top
| Device       : xc7k325tffg900-2
| Speed File   : -2
| Design State : Routed
------------------------------------------------------------------------------------

Utilization Design Information

Table of Contents
-----------------
1. Utilization by Hierarchy

1. Utilization by Hierarchy
---------------------------

+--------------------------------------------------------------------------------------------------------------------------+----------------------------------------------+------------+------------+---------+------+-------+--------+--------+------------+
|                                                         Instance                                                         |                    Module                    | Total LUTs | Logic LUTs | LUTRAMs | SRLs |  FFs  | RAMB36 | RAMB18 | DSP Blocks |
+--------------------------------------------------------------------------------------------------------------------------+----------------------------------------------+------------+------------+---------+------+-------+--------+--------+------------+
| demo_top                                                                                                                 |                                        (top) |      28811 |      28445 |     256 |  110 | 10598 |     66 |      0 |         15 |
|   (demo_top)                                                                                                             |                                        (top) |         30 |         30 |       0 |    0 |     1 |      0 |      0 |          0 |
|   hwregs                                                                                                                 |                                  hwreg_iface |         66 |         61 |       0 |    5 |    77 |      0 |      0 |          0 |
|     (hwregs)                                                                                                             |                                  hwreg_iface |         33 |         33 |       0 |    0 |    10 |      0 |      0 |          0 |
|     uart                                                                                                                 |                                   uart_iface |         33 |         28 |       0 |    5 |    67 |      0 |      0 |          0 |
|       (uart)                                                                                                             |                                   uart_iface |          9 |          4 |       0 |    5 |    19 |      0 |      0 |          0 |
|       rx_inst                                                                                                            |                                      uart_rx |         13 |         13 |       0 |    0 |    32 |      0 |      0 |          0 |
|       tx_inst                                                                                                            |                                      uart_tx |         11 |         11 |       0 |    0 |    16 |      0 |      0 |          0 |
|   u_iram                                                                                                                 |                                        ram32 |          0 |          0 |       0 |    0 |     0 |      2 |      0 |          0 |
|   u_ram                                                                                                                  |                                      ram32_0 |         32 |         32 |       0 |    0 |     1 |     64 |      0 |          0 |
|   vproc                                                                                                                  |                                    vproc_top |      28685 |      28324 |     256 |  105 | 10519 |      0 |      0 |         15 |
|     (vproc)                                                                                                              |                                    vproc_top |          2 |          1 |       0 |    1 |    24 |      0 |      0 |          0 |
|     core                                                                                                                 |                                cv32e40x_core |       4625 |       4625 |       0 |    0 |  2330 |      0 |      0 |          3 |
|       controller_i                                                                                                       |                          cv32e40x_controller |        254 |        254 |       0 |    0 |    16 |      0 |      0 |          0 |
|         bypass_i                                                                                                         |                   cv32e40x_controller_bypass |          1 |          1 |       0 |    0 |     0 |      0 |      0 |          0 |
|         controller_fsm_i                                                                                                 |                      cv32e40x_controller_fsm |        253 |        253 |       0 |    0 |    16 |      0 |      0 |          0 |
|       cs_registers_i                                                                                                     |                        cv32e40x_cs_registers |         41 |         41 |       0 |    0 |   476 |      0 |      0 |          0 |
|         (cs_registers_i)                                                                                                 |                        cv32e40x_cs_registers |         12 |         12 |       0 |    0 |   220 |      0 |      0 |          0 |
|         basic_mode_csrs.mie_csr_i                                                                                        |                 cv32e40x_csr__parameterized0 |          2 |          2 |       0 |    0 |    19 |      0 |      0 |          0 |
|         basic_mode_csrs.mtvec_csr_i                                                                                      |                                 cv32e40x_csr |          4 |          4 |       0 |    0 |    26 |      0 |      0 |          0 |
|         dcsr_csr_i                                                                                                       |                 cv32e40x_csr__parameterized1 |          1 |          1 |       0 |    0 |     6 |      0 |      0 |          0 |
|         dpc_csr_i                                                                                                        |              cv32e40x_csr__parameterized0_31 |          0 |          0 |       0 |    0 |    31 |      0 |      0 |          0 |
|         dscratch0_csr_i                                                                                                  |              cv32e40x_csr__parameterized0_32 |          0 |          0 |       0 |    0 |    32 |      0 |      0 |          0 |
|         dscratch1_csr_i                                                                                                  |              cv32e40x_csr__parameterized0_33 |         12 |         12 |       0 |    0 |    32 |      0 |      0 |          0 |
|         mcause_csr_i                                                                                                     |              cv32e40x_csr__parameterized0_34 |          1 |          1 |       0 |    0 |    12 |      0 |      0 |          0 |
|         mepc_csr_i                                                                                                       |              cv32e40x_csr__parameterized0_35 |          4 |          4 |       0 |    0 |    31 |      0 |      0 |          0 |
|         mscratch_csr_i                                                                                                   |              cv32e40x_csr__parameterized0_36 |          0 |          0 |       0 |    0 |    32 |      0 |      0 |          0 |
|         mstatus_csr_i                                                                                                    |                 cv32e40x_csr__parameterized2 |          0 |          0 |       0 |    0 |     2 |      0 |      0 |          0 |
|         tdata1_csr_i                                                                                                     |                 cv32e40x_csr__parameterized3 |          1 |          1 |       0 |    0 |     1 |      0 |      0 |          0 |
|         tdata2_csr_i                                                                                                     |              cv32e40x_csr__parameterized0_37 |          4 |          4 |       0 |    0 |    32 |      0 |      0 |          0 |
|       ex_stage_i                                                                                                         |                            cv32e40x_ex_stage |        733 |        733 |       0 |    0 |   280 |      0 |      0 |          3 |
|         (ex_stage_i)                                                                                                     |                            cv32e40x_ex_stage |        438 |        438 |       0 |    0 |   137 |      0 |      0 |          0 |
|         div.div_i                                                                                                        |                              cv32e40x_div_30 |        208 |        208 |       0 |    0 |   108 |      0 |      0 |          0 |
|         mul.mult_i                                                                                                       |                                cv32e40x_mult |         87 |         87 |       0 |    0 |    35 |      0 |      0 |          3 |
|       id_stage_i                                                                                                         |                            cv32e40x_id_stage |       1271 |       1271 |       0 |    0 |   244 |      0 |      0 |          0 |
|         (id_stage_i)                                                                                                     |                            cv32e40x_id_stage |       1249 |       1249 |       0 |    0 |   244 |      0 |      0 |          0 |
|         cv32e40x_pc_target_i                                                                                             |                           cv32e40x_pc_target |         22 |         22 |       0 |    0 |     0 |      0 |      0 |          0 |
|       if_stage_i                                                                                                         |                            cv32e40x_if_stage |       1511 |       1511 |       0 |    0 |   265 |      0 |      0 |          0 |
|         (if_stage_i)                                                                                                     |                            cv32e40x_if_stage |       1116 |       1116 |       0 |    0 |    89 |      0 |      0 |          0 |
|         mpu_i                                                                                                            |                                 cv32e40x_mpu |          4 |          4 |       0 |    0 |     2 |      0 |      0 |          0 |
|         prefetch_unit_i                                                                                                  |                       cv32e40x_prefetch_unit |        392 |        392 |       0 |    0 |   174 |      0 |      0 |          0 |
|           alignment_buffer_i                                                                                             |                    cv32e40x_alignment_buffer |        380 |        380 |       0 |    0 |   153 |      0 |      0 |          0 |
|           prefetcher_i                                                                                                   |                          cv32e40x_prefetcher |         12 |         12 |       0 |    0 |    21 |      0 |      0 |          0 |
|       load_store_unit_i                                                                                                  |                     cv32e40x_load_store_unit |        188 |        188 |       0 |    0 |    54 |      0 |      0 |          0 |
|         (load_store_unit_i)                                                                                              |                     cv32e40x_load_store_unit |         52 |         52 |       0 |    0 |    47 |      0 |      0 |          0 |
|         mpu_i                                                                                                            |                 cv32e40x_mpu__parameterized0 |        129 |        129 |       0 |    0 |     3 |      0 |      0 |          0 |
|         response_filter_i                                                                                                |                 cv32e40x_lsu_response_filter |          8 |          8 |       0 |    0 |     4 |      0 |      0 |          0 |
|       register_file_wrapper_i                                                                                            |               cv32e40x_register_file_wrapper |        642 |        642 |       0 |    0 |   992 |      0 |      0 |          0 |
|         register_file_i                                                                                                  |                       cv32e40x_register_file |        642 |        642 |       0 |    0 |   992 |      0 |      0 |          0 |
|       sleep_unit_i                                                                                                       |                          cv32e40x_sleep_unit |          3 |          3 |       0 |    0 |     3 |      0 |      0 |          0 |
|         (sleep_unit_i)                                                                                                   |                          cv32e40x_sleep_unit |          2 |          2 |       0 |    0 |     2 |      0 |      0 |          0 |
|         core_clock_gate_i                                                                                                |                          cv32e40x_clock_gate |          1 |          1 |       0 |    0 |     1 |      0 |      0 |          0 |
|     fpu_ss_i                                                                                                             |                                       fpu_ss |       6895 |       6895 |       0 |    0 |  2092 |      0 |      0 |          2 |
|       (fpu_ss_i)                                                                                                         |                                       fpu_ss |          3 |          3 |       0 |    0 |     0 |      0 |      0 |          0 |
|       fpu_ss_controller_i                                                                                                |                            fpu_ss_controller |         63 |         63 |       0 |    0 |    49 |      0 |      0 |          0 |
|       fpu_ss_csr_i                                                                                                       |                                   fpu_ss_csr |         30 |         30 |       0 |    0 |    33 |      0 |      0 |          0 |
|       gen_fp_register_file.fpu_ss_regfile_i                                                                              |                               fpu_ss_regfile |       1175 |       1175 |       0 |    0 |  1024 |      0 |      0 |          0 |
|       gen_input_stream_fifo.input_stream_fifo_i                                                                          |                                  stream_fifo |          7 |          7 |       0 |    0 |    69 |      0 |      0 |          0 |
|         fifo_i                                                                                                           |                                      fifo_v3 |          7 |          7 |       0 |    0 |    69 |      0 |      0 |          0 |
|       i_fpnew_bulk                                                                                                       |                    fpnew_top__parameterized0 |       5549 |       5549 |       0 |    0 |   886 |      0 |      0 |          2 |
|         gen_operation_groups[0].i_opgroup_block                                                                          |          fpnew_opgroup_block__parameterized3 |       1395 |       1395 |       0 |    0 |   119 |      0 |      0 |          2 |
|           gen_merged_slice.i_multifmt_slice                                                                              | fpnew_opgroup_multifmt_slice__parameterized1 |       1395 |       1395 |       0 |    0 |   119 |      0 |      0 |          2 |
|             (gen_merged_slice.i_multifmt_slice)                                                                          | fpnew_opgroup_multifmt_slice__parameterized1 |          1 |          1 |       0 |    0 |     0 |      0 |      0 |          0 |
|             gen_num_lanes[0].active_lane.lane_instance.i_fpnew_fma_multi                                                 |                              fpnew_fma_multi |       1394 |       1394 |       0 |    0 |   119 |      0 |      0 |          2 |
|         gen_operation_groups[1].i_opgroup_block                                                                          |          fpnew_opgroup_block__parameterized4 |       3078 |       3078 |       0 |    0 |   572 |      0 |      0 |          0 |
|           gen_merged_slice.i_multifmt_slice                                                                              | fpnew_opgroup_multifmt_slice__parameterized2 |       3077 |       3077 |       0 |    0 |   572 |      0 |      0 |          0 |
|             gen_num_lanes[0].active_lane.lane_instance.gen_thmulti_c910_divsqrt.i_fpnew_divsqrt_th_64_c910               |    fpnew_divsqrt_th_64_multi__parameterized1 |       3077 |       3077 |       0 |    0 |   572 |      0 |      0 |          0 |
|               (gen_num_lanes[0].active_lane.lane_instance.gen_thmulti_c910_divsqrt.i_fpnew_divsqrt_th_64_c910)           |    fpnew_divsqrt_th_64_multi__parameterized1 |          2 |          2 |       0 |    0 |   170 |      0 |      0 |          0 |
|               i_ct_vfdsu_top                                                                                             |                              ct_vfdsu_top_20 |       3076 |       3076 |       0 |    0 |   402 |      0 |      0 |          0 |
|                 x_ct_vfdsu_ctrl                                                                                          |                             ct_vfdsu_ctrl_21 |         46 |         46 |       0 |    0 |    17 |      0 |      0 |          0 |
|                 x_ct_vfdsu_double                                                                                        |                           ct_vfdsu_double_22 |       3021 |       3021 |       0 |    0 |   377 |      0 |      0 |          0 |
|                   (x_ct_vfdsu_double)                                                                                    |                           ct_vfdsu_double_22 |         12 |         12 |       0 |    0 |     0 |      0 |      0 |          0 |
|                   x_ct_vfdsu_pack                                                                                        |                             ct_vfdsu_pack_24 |          1 |          1 |       0 |    0 |     0 |      0 |      0 |          0 |
|                   x_ct_vfdsu_prepare                                                                                     |                          ct_vfdsu_prepare_25 |        632 |        632 |       0 |    0 |    34 |      0 |      0 |          0 |
|                   x_ct_vfdsu_round                                                                                       |                            ct_vfdsu_round_26 |        291 |        291 |       0 |    0 |    64 |      0 |      0 |          0 |
|                   x_ct_vfdsu_srt                                                                                         |                              ct_vfdsu_srt_27 |       2093 |       2093 |       0 |    0 |   279 |      0 |      0 |          0 |
|                     (x_ct_vfdsu_srt)                                                                                     |                              ct_vfdsu_srt_27 |        134 |        134 |       0 |    0 |    51 |      0 |      0 |          0 |
|                     x_ct_vfdsu_srt_radix16_with_sqrt                                                                     |            ct_vfdsu_srt_radix16_with_sqrt_28 |       1961 |       1961 |       0 |    0 |   228 |      0 |      0 |          0 |
|                       (x_ct_vfdsu_srt_radix16_with_sqrt)                                                                 |            ct_vfdsu_srt_radix16_with_sqrt_28 |       1884 |       1884 |       0 |    0 |   228 |      0 |      0 |          0 |
|                       x_ct_vfdsu_srt_radix16_bound_table                                                                 |          ct_vfdsu_srt_radix16_bound_table_29 |         77 |         77 |       0 |    0 |     0 |      0 |      0 |          0 |
|                 x_ct_vfdsu_scalar_dp                                                                                     |                        ct_vfdsu_scalar_dp_23 |         10 |         10 |       0 |    0 |     8 |      0 |      0 |          0 |
|           i_arbiter                                                                                                      |               rr_arb_tree__parameterized1_19 |          1 |          1 |       0 |    0 |     0 |      0 |      0 |          0 |
|         gen_operation_groups[2].i_opgroup_block                                                                          |          fpnew_opgroup_block__parameterized5 |        326 |        326 |       0 |    0 |   137 |      0 |      0 |          0 |
|           gen_parallel_slices[0].active_format.i_fmt_slice                                                               |      fpnew_opgroup_fmt_slice__parameterized3 |        158 |        158 |       0 |    0 |    84 |      0 |      0 |          0 |
|             gen_num_lanes[0].active_lane.lane_instance.i_noncomp                                                         |                fpnew_noncomp__parameterized1 |        158 |        158 |       0 |    0 |    84 |      0 |      0 |          0 |
|           gen_parallel_slices[2].active_format.i_fmt_slice                                                               |      fpnew_opgroup_fmt_slice__parameterized4 |        168 |        168 |       0 |    0 |    52 |      0 |      0 |          0 |
|             gen_num_lanes[0].active_lane.lane_instance.i_noncomp                                                         |                fpnew_noncomp__parameterized2 |        168 |        168 |       0 |    0 |    52 |      0 |      0 |          0 |
|           i_arbiter                                                                                                      |                  rr_arb_tree__parameterized1 |          1 |          1 |       0 |    0 |     1 |      0 |      0 |          0 |
|         gen_operation_groups[3].i_opgroup_block                                                                          |          fpnew_opgroup_block__parameterized6 |        746 |        746 |       0 |    0 |    56 |      0 |      0 |          0 |
|           gen_merged_slice.i_multifmt_slice                                                                              | fpnew_opgroup_multifmt_slice__parameterized3 |        746 |        746 |       0 |    0 |    56 |      0 |      0 |          0 |
|             gen_num_lanes[0].active_lane.lane_instance.i_fpnew_cast_multi                                                |             fpnew_cast_multi__parameterized0 |        746 |        746 |       0 |    0 |    56 |      0 |      0 |          0 |
|         i_arbiter                                                                                                        |                  rr_arb_tree__parameterized2 |          4 |          4 |       0 |    0 |     2 |      0 |      0 |          0 |
|       mem_stream_fifo_i                                                                                                  |                  stream_fifo__parameterized0 |         69 |         69 |       0 |    0 |    31 |      0 |      0 |          0 |
|         fifo_i                                                                                                           |                      fifo_v3__parameterized0 |         69 |         69 |       0 |    0 |    31 |      0 |      0 |          0 |
|     v_core                                                                                                               |                                   vproc_core |      17167 |      16807 |     256 |  104 |  6073 |      0 |      0 |         10 |
|       (v_core)                                                                                                           |                                   vproc_core |        182 |        182 |       0 |    0 |   484 |      0 |      0 |          0 |
|       dec                                                                                                                |                                vproc_decoder |          0 |          0 |       0 |    0 |     3 |      0 |      0 |          0 |
|       dispatcher                                                                                                         |                             vproc_dispatcher |         19 |         19 |       0 |    0 |    32 |      0 |      0 |          0 |
|       genblk9[0].pipe                                                                                                    |                       vproc_pipeline_wrapper |       2996 |       2944 |       0 |   52 |  1791 |      0 |      0 |          2 |
|         pipeline                                                                                                         |                               vproc_pipeline |       2996 |       2944 |       0 |   52 |  1791 |      0 |      0 |          2 |
|           (pipeline)                                                                                                     |                               vproc_pipeline |        693 |        693 |       0 |    0 |   227 |      0 |      0 |          0 |
|           pack                                                                                                           |                               vproc_vregpack |         98 |         98 |       0 |    0 |   159 |      0 |      0 |          0 |
|           unit_mux                                                                                                       |                               vproc_unit_mux |        586 |        586 |       0 |    0 |   419 |      0 |      0 |          2 |
|             genblk1[0].unit                                                                                              |                           vproc_unit_wrapper |        458 |        458 |       0 |    0 |   291 |      0 |      0 |          2 |
|               lsu                                                                                                        |                                    vproc_lsu |        458 |        458 |       0 |    0 |   291 |      0 |      0 |          2 |
|                 (lsu)                                                                                                    |                                    vproc_lsu |        163 |        163 |       0 |    0 |   157 |      0 |      0 |          2 |
|                 lsu_queue                                                                                                |                  vproc_queue__parameterized0 |        263 |        263 |       0 |    0 |   121 |      0 |      0 |          0 |
|                 trans_complete_queue                                                                                     |                  vproc_queue__parameterized1 |         32 |         32 |       0 |    0 |    13 |      0 |      0 |          0 |
|             genblk1[6].unit                                                                                              |           vproc_unit_wrapper__parameterized0 |        104 |        104 |       0 |    0 |   111 |      0 |      0 |          0 |
|               (genblk1[6].unit)                                                                                          |           vproc_unit_wrapper__parameterized0 |          2 |          2 |       0 |    0 |    22 |      0 |      0 |          0 |
|               elem                                                                                                       |                                   vproc_elem |        102 |        102 |       0 |    0 |    89 |      0 |      0 |          0 |
|             unit_queue                                                                                                   |               vproc_queue__parameterized2_18 |         24 |         24 |       0 |    0 |    17 |      0 |      0 |          0 |
|           unpack                                                                                                         |                             vproc_vregunpack |       1623 |       1571 |       0 |   52 |   986 |      0 |      0 |          0 |
|       genblk9[1].pipe                                                                                                    |       vproc_pipeline_wrapper__parameterized0 |      13110 |      13058 |       0 |   52 |  3469 |      0 |      0 |          8 |
|         pipeline                                                                                                         |               vproc_pipeline__parameterized0 |      13110 |      13058 |       0 |   52 |  3469 |      0 |      0 |          8 |
|           (pipeline)                                                                                                     |               vproc_pipeline__parameterized0 |        317 |        317 |       0 |    0 |   169 |      0 |      0 |          0 |
|           pack                                                                                                           |               vproc_vregpack__parameterized0 |        344 |        344 |       0 |    0 |   188 |      0 |      0 |          0 |
|           unit_mux                                                                                                       |               vproc_unit_mux__parameterized0 |      11539 |      11539 |       0 |    0 |  2202 |      0 |      0 |          8 |
|             genblk1[1].unit                                                                                              |           vproc_unit_wrapper__parameterized1 |        786 |        786 |       0 |    0 |   360 |      0 |      0 |          0 |
|               (genblk1[1].unit)                                                                                          |           vproc_unit_wrapper__parameterized1 |          1 |          1 |       0 |    0 |     0 |      0 |      0 |          0 |
|               alu                                                                                                        |                                    vproc_alu |        785 |        785 |       0 |    0 |   360 |      0 |      0 |          0 |
|             genblk1[2].unit                                                                                              |           vproc_unit_wrapper__parameterized2 |        288 |        288 |       0 |    0 |   254 |      0 |      0 |          4 |
|               mul                                                                                                        |                                    vproc_mul |        288 |        288 |       0 |    0 |   254 |      0 |      0 |          4 |
|                 (mul)                                                                                                    |                                    vproc_mul |        116 |        116 |       0 |    0 |   254 |      0 |      0 |          0 |
|                 genblk5[0].mul_block                                                                                     |                              vproc_mul_block |         42 |         42 |       0 |    0 |     0 |      0 |      0 |          1 |
|                 genblk5[1].mul_block                                                                                     |                           vproc_mul_block_15 |         41 |         41 |       0 |    0 |     0 |      0 |      0 |          1 |
|                 genblk5[2].mul_block                                                                                     |                           vproc_mul_block_16 |         74 |         74 |       0 |    0 |     0 |      0 |      0 |          1 |
|                 genblk5[3].mul_block                                                                                     |                           vproc_mul_block_17 |         19 |         19 |       0 |    0 |     0 |      0 |      0 |          1 |
|             genblk1[3].unit                                                                                              |           vproc_unit_wrapper__parameterized3 |        527 |        527 |       0 |    0 |   306 |      0 |      0 |          0 |
|               div                                                                                                        |                                    vproc_div |        527 |        527 |       0 |    0 |   306 |      0 |      0 |          0 |
|                 (div)                                                                                                    |                                    vproc_div |         48 |         48 |       0 |    0 |   197 |      0 |      0 |          0 |
|                 genblk1[0].div_i                                                                                         |                                 cv32e40x_div |        479 |        479 |       0 |    0 |   109 |      0 |      0 |          0 |
|             genblk1[4].unit                                                                                              |           vproc_unit_wrapper__parameterized4 |       9544 |       9544 |       0 |    0 |  1120 |      0 |      0 |          4 |
|               (genblk1[4].unit)                                                                                          |           vproc_unit_wrapper__parameterized4 |          0 |          0 |       0 |    0 |    23 |      0 |      0 |          0 |
|               fpu                                                                                                        |                                    vproc_fpu |       9544 |       9544 |       0 |    0 |  1097 |      0 |      0 |          4 |
|                 (fpu)                                                                                                    |                                    vproc_fpu |       1803 |       1803 |       0 |    0 |   169 |      0 |      0 |          0 |
|                 genblk1[0].fpnew_i                                                                                       |                                    fpnew_top |       7748 |       7748 |       0 |    0 |   928 |      0 |      0 |          4 |
|                   gen_operation_groups[0].i_opgroup_block                                                                |                          fpnew_opgroup_block |       2010 |       2010 |       0 |    0 |     1 |      0 |      0 |          4 |
|                     gen_parallel_slices[0].active_format.i_fmt_slice                                                     |                      fpnew_opgroup_fmt_slice |       1062 |       1062 |       0 |    0 |     0 |      0 |      0 |          2 |
|                       gen_num_lanes[0].active_lane.lane_instance.i_fma                                                   |                                    fpnew_fma |       1062 |       1062 |       0 |    0 |     0 |      0 |      0 |          2 |
|                     gen_parallel_slices[2].active_format.i_fmt_slice                                                     |      fpnew_opgroup_fmt_slice__parameterized0 |        920 |        920 |       0 |    0 |     0 |      0 |      0 |          2 |
|                       gen_num_lanes[0].active_lane.lane_instance.i_fma                                                   |                    fpnew_fma__parameterized0 |        456 |        456 |       0 |    0 |     0 |      0 |      0 |          1 |
|                       gen_num_lanes[1].active_lane.lane_instance.i_fma                                                   |                 fpnew_fma__parameterized0_14 |        464 |        464 |       0 |    0 |     0 |      0 |      0 |          1 |
|                     i_arbiter                                                                                            |                               rr_arb_tree_13 |         30 |         30 |       0 |    0 |     1 |      0 |      0 |          0 |
|                   gen_operation_groups[1].i_opgroup_block                                                                |          fpnew_opgroup_block__parameterized0 |       5300 |       5300 |       0 |    0 |   924 |      0 |      0 |          0 |
|                     gen_merged_slice.i_multifmt_slice                                                                    |                 fpnew_opgroup_multifmt_slice |       5294 |       5294 |       0 |    0 |   924 |      0 |      0 |          0 |
|                       gen_num_lanes[0].active_lane.lane_instance.gen_thmulti_c910_divsqrt.i_fpnew_divsqrt_th_64_c910     |                    fpnew_divsqrt_th_64_multi |       3146 |       3146 |       0 |    0 |   537 |      0 |      0 |          0 |
|                         (gen_num_lanes[0].active_lane.lane_instance.gen_thmulti_c910_divsqrt.i_fpnew_divsqrt_th_64_c910) |                    fpnew_divsqrt_th_64_multi |          3 |          3 |       0 |    0 |   135 |      0 |      0 |          0 |
|                         i_ct_vfdsu_top                                                                                   |                               ct_vfdsu_top_3 |       3143 |       3143 |       0 |    0 |   402 |      0 |      0 |          0 |
|                           x_ct_vfdsu_ctrl                                                                                |                              ct_vfdsu_ctrl_4 |         93 |         93 |       0 |    0 |    17 |      0 |      0 |          0 |
|                           x_ct_vfdsu_double                                                                              |                            ct_vfdsu_double_5 |       3040 |       3040 |       0 |    0 |   377 |      0 |      0 |          0 |
|                             (x_ct_vfdsu_double)                                                                          |                            ct_vfdsu_double_5 |         12 |         12 |       0 |    0 |     0 |      0 |      0 |          0 |
|                             x_ct_vfdsu_pack                                                                              |                              ct_vfdsu_pack_7 |          1 |          1 |       0 |    0 |     0 |      0 |      0 |          0 |
|                             x_ct_vfdsu_prepare                                                                           |                           ct_vfdsu_prepare_8 |        632 |        632 |       0 |    0 |    34 |      0 |      0 |          0 |
|                             x_ct_vfdsu_round                                                                             |                             ct_vfdsu_round_9 |        310 |        310 |       0 |    0 |    64 |      0 |      0 |          0 |
|                             x_ct_vfdsu_srt                                                                               |                              ct_vfdsu_srt_10 |       2093 |       2093 |       0 |    0 |   279 |      0 |      0 |          0 |
|                               (x_ct_vfdsu_srt)                                                                           |                              ct_vfdsu_srt_10 |        134 |        134 |       0 |    0 |    51 |      0 |      0 |          0 |
|                               x_ct_vfdsu_srt_radix16_with_sqrt                                                           |            ct_vfdsu_srt_radix16_with_sqrt_11 |       1961 |       1961 |       0 |    0 |   228 |      0 |      0 |          0 |
|                                 (x_ct_vfdsu_srt_radix16_with_sqrt)                                                       |            ct_vfdsu_srt_radix16_with_sqrt_11 |       1884 |       1884 |       0 |    0 |   228 |      0 |      0 |          0 |
|                                 x_ct_vfdsu_srt_radix16_bound_table                                                       |          ct_vfdsu_srt_radix16_bound_table_12 |         77 |         77 |       0 |    0 |     0 |      0 |      0 |          0 |
|                           x_ct_vfdsu_scalar_dp                                                                           |                         ct_vfdsu_scalar_dp_6 |         10 |         10 |       0 |    0 |     8 |      0 |      0 |          0 |
|                       gen_num_lanes[1].active_lane.lane_instance.gen_thmulti_c910_divsqrt.i_fpnew_divsqrt_th_64_c910     |    fpnew_divsqrt_th_64_multi__parameterized0 |       2149 |       2149 |       0 |    0 |   387 |      0 |      0 |          0 |
|                         (gen_num_lanes[1].active_lane.lane_instance.gen_thmulti_c910_divsqrt.i_fpnew_divsqrt_th_64_c910) |    fpnew_divsqrt_th_64_multi__parameterized0 |         18 |         18 |       0 |    0 |    61 |      0 |      0 |          0 |
|                         i_ct_vfdsu_top                                                                                   |                                 ct_vfdsu_top |       2132 |       2132 |       0 |    0 |   326 |      0 |      0 |          0 |
|                           x_ct_vfdsu_ctrl                                                                                |                                ct_vfdsu_ctrl |         40 |         40 |       0 |    0 |    17 |      0 |      0 |          0 |
|                           x_ct_vfdsu_double                                                                              |                              ct_vfdsu_double |       2087 |       2087 |       0 |    0 |   307 |      0 |      0 |          0 |
|                             (x_ct_vfdsu_double)                                                                          |                              ct_vfdsu_double |         12 |         12 |       0 |    0 |     0 |      0 |      0 |          0 |
|                             x_ct_vfdsu_pack                                                                              |                                ct_vfdsu_pack |          1 |          1 |       0 |    0 |     0 |      0 |      0 |          0 |
|                             x_ct_vfdsu_prepare                                                                           |                             ct_vfdsu_prepare |        180 |        180 |       0 |    0 |    27 |      0 |      0 |          0 |
|                             x_ct_vfdsu_round                                                                             |                               ct_vfdsu_round |         98 |         98 |       0 |    0 |    38 |      0 |      0 |          0 |
|                             x_ct_vfdsu_srt                                                                               |                                 ct_vfdsu_srt |       1803 |       1803 |       0 |    0 |   242 |      0 |      0 |          0 |
|                               (x_ct_vfdsu_srt)                                                                           |                                 ct_vfdsu_srt |         61 |         61 |       0 |    0 |    36 |      0 |      0 |          0 |
|                               x_ct_vfdsu_srt_radix16_with_sqrt                                                           |               ct_vfdsu_srt_radix16_with_sqrt |       1743 |       1743 |       0 |    0 |   206 |      0 |      0 |          0 |
|                                 (x_ct_vfdsu_srt_radix16_with_sqrt)                                                       |               ct_vfdsu_srt_radix16_with_sqrt |       1666 |       1666 |       0 |    0 |   206 |      0 |      0 |          0 |
|                                 x_ct_vfdsu_srt_radix16_bound_table                                                       |             ct_vfdsu_srt_radix16_bound_table |         77 |         77 |       0 |    0 |     0 |      0 |      0 |          0 |
|                           x_ct_vfdsu_scalar_dp                                                                           |                           ct_vfdsu_scalar_dp |          5 |          5 |       0 |    0 |     2 |      0 |      0 |          0 |
|                     i_arbiter                                                                                            |                                rr_arb_tree_2 |          6 |          6 |       0 |    0 |     0 |      0 |      0 |          0 |
|                   gen_operation_groups[2].i_opgroup_block                                                                |          fpnew_opgroup_block__parameterized1 |        236 |        236 |       0 |    0 |     1 |      0 |      0 |          0 |
|                     gen_parallel_slices[0].active_format.i_fmt_slice                                                     |      fpnew_opgroup_fmt_slice__parameterized1 |        128 |        128 |       0 |    0 |     0 |      0 |      0 |          0 |
|                       gen_num_lanes[0].active_lane.lane_instance.i_noncomp                                               |                                fpnew_noncomp |        128 |        128 |       0 |    0 |     0 |      0 |      0 |          0 |
|                     gen_parallel_slices[2].active_format.i_fmt_slice                                                     |      fpnew_opgroup_fmt_slice__parameterized2 |        108 |        108 |       0 |    0 |     0 |      0 |      0 |          0 |
|                       gen_num_lanes[0].active_lane.lane_instance.i_noncomp                                               |                fpnew_noncomp__parameterized0 |         62 |         62 |       0 |    0 |     0 |      0 |      0 |          0 |
|                       gen_num_lanes[1].active_lane.lane_instance.i_noncomp                                               |              fpnew_noncomp__parameterized0_1 |         46 |         46 |       0 |    0 |     0 |      0 |      0 |          0 |
|                     i_arbiter                                                                                            |                                  rr_arb_tree |          1 |          1 |       0 |    0 |     1 |      0 |      0 |          0 |
|                   i_arbiter                                                                                              |                  rr_arb_tree__parameterized0 |        203 |        203 |       0 |    0 |     2 |      0 |      0 |          0 |
|             genblk1[5].unit                                                                                              |           vproc_unit_wrapper__parameterized5 |         42 |         42 |       0 |    0 |   145 |      0 |      0 |          0 |
|               sld                                                                                                        |                                    vproc_sld |         42 |         42 |       0 |    0 |   145 |      0 |      0 |          0 |
|             unit_queue                                                                                                   |                  vproc_queue__parameterized2 |        355 |        355 |       0 |    0 |    17 |      0 |      0 |          0 |
|           unpack                                                                                                         |             vproc_vregunpack__parameterized0 |        913 |        861 |       0 |   52 |   910 |      0 |      0 |          0 |
|       instr_queue                                                                                                        |                                  vproc_queue |        423 |        423 |       0 |    0 |   246 |      0 |      0 |          0 |
|       result_if                                                                                                          |                                 vproc_result |        183 |        183 |       0 |    0 |    48 |      0 |      0 |          0 |
|       vregfile                                                                                                           |                               vproc_vregfile |        256 |          0 |     256 |    0 |     0 |      0 |      0 |          0 |
+--------------------------------------------------------------------------------------------------------------------------+----------------------------------------------+------------+------------+---------+------+-------+--------+--------+------------+
* Note: The sum of lower-level cells may be larger than their parent cells total, due to cross-hierarchy LUT combining


