Copyright 1986-2020 Xilinx, Inc. All Rights Reserved.
------------------------------------------------------------------------------------
| Tool Version : Vivado v.2020.2 (lin64) Build 3064766 Wed Nov 18 09:12:47 MST 2020
| Date         : Wed May  7 22:24:16 2025
| Host         : return running 64-bit Ubuntu 20.04.6 LTS
| Command      : report_utilization -hierarchical -file utilization_report.rpt
| Design       : demo_top
| Device       : 7k325tffg900-2
| Design State : Routed
------------------------------------------------------------------------------------

Utilization Design Information

Table of Contents
-----------------
1. Utilization by Hierarchy

1. Utilization by Hierarchy
---------------------------

+--------------------------------------+----------------------------------------+------------+------------+---------+------+------+--------+--------+------------+
|               Instance               |                 Module                 | Total LUTs | Logic LUTs | LUTRAMs | SRLs |  FFs | RAMB36 | RAMB18 | DSP Blocks |
+--------------------------------------+----------------------------------------+------------+------------+---------+------+------+--------+--------+------------+
| demo_top                             |                                  (top) |      10275 |       9910 |     256 |  109 | 7129 |     66 |      0 |          9 |
|   (demo_top)                         |                                  (top) |          0 |          0 |       0 |    0 |    1 |      0 |      0 |          0 |
|   hwregs                             |                            hwreg_iface |         64 |         59 |       0 |    5 |   77 |      0 |      0 |          0 |
|     (hwregs)                         |                            hwreg_iface |         32 |         32 |       0 |    0 |   10 |      0 |      0 |          0 |
|     uart                             |                             uart_iface |         32 |         27 |       0 |    5 |   67 |      0 |      0 |          0 |
|       (uart)                         |                             uart_iface |          9 |          4 |       0 |    5 |   19 |      0 |      0 |          0 |
|       rx_inst                        |                                uart_rx |         13 |         13 |       0 |    0 |   32 |      0 |      0 |          0 |
|       tx_inst                        |                                uart_tx |         10 |         10 |       0 |    0 |   16 |      0 |      0 |          0 |
|   u_iram                             |                                  ram32 |          0 |          0 |       0 |    0 |    0 |      2 |      0 |          0 |
|   u_ram                              |                                ram32_0 |          0 |          0 |       0 |    0 |    1 |     64 |      0 |          0 |
|   vproc                              |                              vproc_top |      10211 |       9851 |     256 |  104 | 7050 |      0 |      0 |          9 |
|     (vproc)                          |                              vproc_top |          2 |          1 |       0 |    1 |    8 |      0 |      0 |          0 |
|     core                             |                          cv32e40x_core |       3643 |       3643 |       0 |    0 | 2318 |      0 |      0 |          3 |
|       controller_i                   |                    cv32e40x_controller |        240 |        240 |       0 |    0 |   16 |      0 |      0 |          0 |
|         bypass_i                     |             cv32e40x_controller_bypass |          1 |          1 |       0 |    0 |    0 |      0 |      0 |          0 |
|         controller_fsm_i             |                cv32e40x_controller_fsm |        239 |        239 |       0 |    0 |   16 |      0 |      0 |          0 |
|       cs_registers_i                 |                  cv32e40x_cs_registers |         57 |         57 |       0 |    0 |  476 |      0 |      0 |          0 |
|         (cs_registers_i)             |                  cv32e40x_cs_registers |         18 |         18 |       0 |    0 |  220 |      0 |      0 |          0 |
|         basic_mode_csrs.mie_csr_i    |           cv32e40x_csr__parameterized0 |          0 |          0 |       0 |    0 |   19 |      0 |      0 |          0 |
|         basic_mode_csrs.mtvec_csr_i  |                           cv32e40x_csr |         12 |         12 |       0 |    0 |   26 |      0 |      0 |          0 |
|         dcsr_csr_i                   |           cv32e40x_csr__parameterized1 |          6 |          6 |       0 |    0 |    6 |      0 |      0 |          0 |
|         dpc_csr_i                    |         cv32e40x_csr__parameterized0_5 |          0 |          0 |       0 |    0 |   31 |      0 |      0 |          0 |
|         dscratch0_csr_i              |         cv32e40x_csr__parameterized0_6 |          0 |          0 |       0 |    0 |   32 |      0 |      0 |          0 |
|         dscratch1_csr_i              |         cv32e40x_csr__parameterized0_7 |         10 |         10 |       0 |    0 |   32 |      0 |      0 |          0 |
|         mcause_csr_i                 |         cv32e40x_csr__parameterized0_8 |          1 |          1 |       0 |    0 |   12 |      0 |      0 |          0 |
|         mepc_csr_i                   |         cv32e40x_csr__parameterized0_9 |          3 |          3 |       0 |    0 |   31 |      0 |      0 |          0 |
|         mscratch_csr_i               |        cv32e40x_csr__parameterized0_10 |          2 |          2 |       0 |    0 |   32 |      0 |      0 |          0 |
|         mstatus_csr_i                |           cv32e40x_csr__parameterized2 |          0 |          0 |       0 |    0 |    2 |      0 |      0 |          0 |
|         tdata1_csr_i                 |           cv32e40x_csr__parameterized3 |          1 |          1 |       0 |    0 |    1 |      0 |      0 |          0 |
|         tdata2_csr_i                 |        cv32e40x_csr__parameterized0_11 |          4 |          4 |       0 |    0 |   32 |      0 |      0 |          0 |
|       ex_stage_i                     |                      cv32e40x_ex_stage |        557 |        557 |       0 |    0 |  280 |      0 |      0 |          3 |
|         (ex_stage_i)                 |                      cv32e40x_ex_stage |        311 |        311 |       0 |    0 |  137 |      0 |      0 |          0 |
|         div.div_i                    |                           cv32e40x_div |        192 |        192 |       0 |    0 |  108 |      0 |      0 |          0 |
|         mul.mult_i                   |                          cv32e40x_mult |         55 |         55 |       0 |    0 |   35 |      0 |      0 |          3 |
|       id_stage_i                     |                      cv32e40x_id_stage |       1148 |       1148 |       0 |    0 |  244 |      0 |      0 |          0 |
|         (id_stage_i)                 |                      cv32e40x_id_stage |       1148 |       1148 |       0 |    0 |  244 |      0 |      0 |          0 |
|         cv32e40x_pc_target_i         |                     cv32e40x_pc_target |          0 |          0 |       0 |    0 |    0 |      0 |      0 |          0 |
|       if_stage_i                     |                      cv32e40x_if_stage |        976 |        976 |       0 |    0 |  259 |      0 |      0 |          0 |
|         (if_stage_i)                 |                      cv32e40x_if_stage |        638 |        638 |       0 |    0 |   86 |      0 |      0 |          0 |
|         mpu_i                        |                           cv32e40x_mpu |          4 |          4 |       0 |    0 |    2 |      0 |      0 |          0 |
|         prefetch_unit_i              |                 cv32e40x_prefetch_unit |        334 |        334 |       0 |    0 |  171 |      0 |      0 |          0 |
|           alignment_buffer_i         |              cv32e40x_alignment_buffer |        316 |        316 |       0 |    0 |  153 |      0 |      0 |          0 |
|           prefetcher_i               |                    cv32e40x_prefetcher |         18 |         18 |       0 |    0 |   18 |      0 |      0 |          0 |
|       load_store_unit_i              |               cv32e40x_load_store_unit |         92 |         92 |       0 |    0 |   48 |      0 |      0 |          0 |
|         (load_store_unit_i)          |               cv32e40x_load_store_unit |         71 |         71 |       0 |    0 |   41 |      0 |      0 |          0 |
|         mpu_i                        |           cv32e40x_mpu__parameterized0 |         16 |         16 |       0 |    0 |    3 |      0 |      0 |          0 |
|         response_filter_i            |           cv32e40x_lsu_response_filter |          5 |          5 |       0 |    0 |    4 |      0 |      0 |          0 |
|       register_file_wrapper_i        |         cv32e40x_register_file_wrapper |        577 |        577 |       0 |    0 |  992 |      0 |      0 |          0 |
|         register_file_i              |                 cv32e40x_register_file |        577 |        577 |       0 |    0 |  992 |      0 |      0 |          0 |
|       sleep_unit_i                   |                    cv32e40x_sleep_unit |          3 |          3 |       0 |    0 |    3 |      0 |      0 |          0 |
|         (sleep_unit_i)               |                    cv32e40x_sleep_unit |          2 |          2 |       0 |    0 |    2 |      0 |      0 |          0 |
|         core_clock_gate_i            |                    cv32e40x_clock_gate |          1 |          1 |       0 |    0 |    1 |      0 |      0 |          0 |
|     v_core                           |                             vproc_core |       6567 |       6208 |     256 |  103 | 4724 |      0 |      0 |          6 |
|       (v_core)                       |                             vproc_core |        198 |        198 |       0 |    0 |  484 |      0 |      0 |          0 |
|       dec                            |                          vproc_decoder |          2 |          2 |       0 |    0 |    3 |      0 |      0 |          0 |
|       dispatcher                     |                       vproc_dispatcher |         18 |         18 |       0 |    0 |   32 |      0 |      0 |          0 |
|       genblk9[0].pipe                |                 vproc_pipeline_wrapper |       3901 |       3844 |       0 |   57 | 2307 |      0 |      0 |          2 |
|         (genblk9[0].pipe)            |                 vproc_pipeline_wrapper |          2 |          2 |       0 |    0 |    0 |      0 |      0 |          0 |
|         pipeline                     |                         vproc_pipeline |       3899 |       3842 |       0 |   57 | 2307 |      0 |      0 |          2 |
|           (pipeline)                 |                         vproc_pipeline |        728 |        728 |       0 |    0 |  270 |      0 |      0 |          0 |
|           pack                       |                         vproc_vregpack |         74 |         74 |       0 |    0 |  188 |      0 |      0 |          0 |
|           unit_mux                   |                         vproc_unit_mux |       1403 |       1403 |       0 |    0 |  779 |      0 |      0 |          2 |
|             genblk1[0].unit          |                     vproc_unit_wrapper |        263 |        263 |       0 |    0 |  292 |      0 |      0 |          2 |
|               lsu                    |                              vproc_lsu |        263 |        263 |       0 |    0 |  292 |      0 |      0 |          2 |
|                 (lsu)                |                              vproc_lsu |         17 |         17 |       0 |    0 |  158 |      0 |      0 |          2 |
|                 lsu_queue            |            vproc_queue__parameterized0 |        226 |        226 |       0 |    0 |  121 |      0 |      0 |          0 |
|                 trans_complete_queue |            vproc_queue__parameterized1 |         20 |         20 |       0 |    0 |   13 |      0 |      0 |          0 |
|             genblk1[1].unit          |     vproc_unit_wrapper__parameterized0 |        799 |        799 |       0 |    0 |  360 |      0 |      0 |          0 |
|               (genblk1[1].unit)      |     vproc_unit_wrapper__parameterized0 |          1 |          1 |       0 |    0 |    0 |      0 |      0 |          0 |
|               alu                    |                              vproc_alu |        798 |        798 |       0 |    0 |  360 |      0 |      0 |          0 |
|             genblk1[6].unit          |     vproc_unit_wrapper__parameterized1 |         97 |         97 |       0 |    0 |  110 |      0 |      0 |          0 |
|               (genblk1[6].unit)      |     vproc_unit_wrapper__parameterized1 |          0 |          0 |       0 |    0 |   22 |      0 |      0 |          0 |
|               elem                   |                             vproc_elem |         97 |         97 |       0 |    0 |   88 |      0 |      0 |          0 |
|             unit_queue               |          vproc_queue__parameterized2_4 |        247 |        247 |       0 |    0 |   17 |      0 |      0 |          0 |
|           unpack                     |                       vproc_vregunpack |       1698 |       1641 |       0 |   57 | 1070 |      0 |      0 |          0 |
|       genblk9[1].pipe                | vproc_pipeline_wrapper__parameterized0 |       1640 |       1594 |       0 |   46 | 1610 |      0 |      0 |          4 |
|         pipeline                     |         vproc_pipeline__parameterized0 |       1640 |       1594 |       0 |   46 | 1610 |      0 |      0 |          4 |
|           (pipeline)                 |         vproc_pipeline__parameterized0 |        313 |        313 |       0 |    0 |  152 |      0 |      0 |          0 |
|           pack                       |         vproc_vregpack__parameterized0 |         49 |         49 |       0 |    0 |  156 |      0 |      0 |          0 |
|           unit_mux                   |         vproc_unit_mux__parameterized0 |        508 |        508 |       0 |    0 |  410 |      0 |      0 |          4 |
|             genblk1[2].unit          |     vproc_unit_wrapper__parameterized2 |        291 |        291 |       0 |    0 |  252 |      0 |      0 |          4 |
|               mul                    |                              vproc_mul |        291 |        291 |       0 |    0 |  252 |      0 |      0 |          4 |
|                 (mul)                |                              vproc_mul |        114 |        114 |       0 |    0 |  252 |      0 |      0 |          0 |
|                 genblk5[0].mul_block |                        vproc_mul_block |         42 |         42 |       0 |    0 |    0 |      0 |      0 |          1 |
|                 genblk5[1].mul_block |                      vproc_mul_block_1 |         49 |         49 |       0 |    0 |    0 |      0 |      0 |          1 |
|                 genblk5[2].mul_block |                      vproc_mul_block_2 |         68 |         68 |       0 |    0 |    0 |      0 |      0 |          1 |
|                 genblk5[3].mul_block |                      vproc_mul_block_3 |         22 |         22 |       0 |    0 |    0 |      0 |      0 |          1 |
|             genblk1[5].unit          |     vproc_unit_wrapper__parameterized3 |        189 |        189 |       0 |    0 |  141 |      0 |      0 |          0 |
|               sld                    |                              vproc_sld |        189 |        189 |       0 |    0 |  141 |      0 |      0 |          0 |
|             unit_queue               |            vproc_queue__parameterized2 |         28 |         28 |       0 |    0 |   17 |      0 |      0 |          0 |
|           unpack                     |       vproc_vregunpack__parameterized0 |        774 |        728 |       0 |   46 |  892 |      0 |      0 |          0 |
|       instr_queue                    |                            vproc_queue |         77 |         77 |       0 |    0 |  245 |      0 |      0 |          0 |
|       queue_pending_wr               |                       vproc_pending_wr |        191 |        191 |       0 |    0 |    0 |      0 |      0 |          0 |
|       result_if                      |                           vproc_result |        123 |        123 |       0 |    0 |   43 |      0 |      0 |          0 |
|       vreg_wr_mux                    |                      vproc_vreg_wr_mux |        167 |        167 |       0 |    0 |    0 |      0 |      0 |          0 |
|       vregfile                       |                         vproc_vregfile |        256 |          0 |     256 |    0 |    0 |      0 |      0 |          0 |
+--------------------------------------+----------------------------------------+------------+------------+---------+------+------+--------+--------+------------+
* Note: The sum of lower-level cells may be larger than their parent cells total, due to cross-hierarchy LUT combining


