Copyright 1986-2021 Xilinx, Inc. All Rights Reserved.
----------------------------------------------------------------------------------------------
| Tool Version : Vivado v.2021.2 (lin64) Build 3367213 Tue Oct 19 02:47:39 MDT 2021
| Date         : Tue May 13 21:31:48 2025
| Host         : return running 64-bit Ubuntu 20.04.6 LTS
| Command      : report_timing -nworst 5 -path_type full -input_pins -file timing2_report.rpt
| Design       : demo_top
| Device       : 7k325t-ffg900
| Speed File   : -2  PRODUCTION 1.12 2017-02-17
----------------------------------------------------------------------------------------------

Timing Report

Slack (MET) :             0.034ns  (required time - arrival time)
  Source:                 vproc/core/ex_stage_i/ex_wb_pipe_o_reg[first_op]/C
                            (rising edge-triggered cell FDCE clocked by clk_raw  {rise@0.000ns fall@4.062ns period=8.125ns})
  Destination:            u_ram/mem_reg_0_1_0/ENARDEN
                            (rising edge-triggered cell RAMB36E1 clocked by clk_raw  {rise@0.000ns fall@4.062ns period=8.125ns})
  Path Group:             clk_raw
  Path Type:              Setup (Max at Slow Process Corner)
  Requirement:            8.125ns  (clk_raw rise@8.125ns - clk_raw rise@0.000ns)
  Data Path Delay:        5.505ns  (logic 0.748ns (13.589%)  route 4.757ns (86.411%))
  Logic Levels:           10  (LUT2=1 LUT4=1 LUT5=3 LUT6=5)
  Clock Path Skew:        -2.202ns (DCD - SCD + CPR)
    Destination Clock Delay (DCD):    4.852ns = ( 12.977 - 8.125 ) 
    Source Clock Delay      (SCD):    7.391ns
    Clock Pessimism Removal (CPR):    0.337ns
  Clock Uncertainty:      0.056ns  ((TSJ^2 + DJ^2)^1/2) / 2 + PE
    Total System Jitter     (TSJ):    0.071ns
    Discrete Jitter          (DJ):    0.088ns
    Phase Error              (PE):    0.000ns

    Location             Delay type                Incr(ns)  Path(ns)    Netlist Resource(s)
  -------------------------------------------------------------------    -------------------
                         (clock clk_raw rise edge)    0.000     0.000 r  
                         clock source latency         2.120     2.120    
                         propagated clock network latency
                                                      5.271     7.391    
    SLICE_X44Y180        FDCE                         0.000     7.391 r  vproc/core/ex_stage_i/ex_wb_pipe_o_reg[first_op]/C
    SLICE_X44Y180        FDCE (Prop_fdce_C_Q)         0.223     7.614 r  vproc/core/ex_stage_i/ex_wb_pipe_o_reg[first_op]/Q
                         net (fo=2, routed)           0.514     8.128    vproc/core/if_stage_i/ex_wb_pipe[first_op]
    SLICE_X48Y180                                                     r  vproc/core/if_stage_i/core_busy_d_i_21/I2
    SLICE_X48Y180        LUT6 (Prop_lut6_I2_O)        0.043     8.171 r  vproc/core/if_stage_i/core_busy_d_i_21/O
                         net (fo=1, routed)           0.266     8.437    vproc/core/load_store_unit_i/trans_addr_q[9]_i_9_0
    SLICE_X49Y180                                                     r  vproc/core/load_store_unit_i/core_busy_d_i_18/I4
    SLICE_X49Y180        LUT5 (Prop_lut5_I4_O)        0.043     8.480 r  vproc/core/load_store_unit_i/core_busy_d_i_18/O
                         net (fo=4, routed)           0.198     8.678    vproc/core/cs_registers_i/dcsr_csr_i/p_87_in
    SLICE_X46Y180                                                     r  vproc/core/cs_registers_i/dcsr_csr_i/trans_addr_q[9]_i_9/I4
    SLICE_X46Y180        LUT5 (Prop_lut5_I4_O)        0.043     8.721 r  vproc/core/cs_registers_i/dcsr_csr_i/trans_addr_q[9]_i_9/O
                         net (fo=10, routed)          0.374     9.094    vproc/core/controller_i/controller_fsm_i/ctrl_fsm_o190_out__0
    SLICE_X46Y180                                                     r  vproc/core/controller_i/controller_fsm_i/pop_q_i_8/I3
    SLICE_X46Y180        LUT4 (Prop_lut4_I3_O)        0.047     9.141 f  vproc/core/controller_i/controller_fsm_i/pop_q_i_8/O
                         net (fo=2, routed)           0.196     9.337    vproc/core/ex_stage_i/mul.mult_i/gen_rf[1].mem[1][31]_i_4_2
    SLICE_X44Y180                                                     f  vproc/core/ex_stage_i/mul.mult_i/mulh_state[1]_i_5/I5
    SLICE_X44Y180        LUT6 (Prop_lut6_I5_O)        0.134     9.471 f  vproc/core/ex_stage_i/mul.mult_i/mulh_state[1]_i_5/O
                         net (fo=4, routed)           0.362     9.833    vproc/core/id_stage_i/pop_q_i_16
    SLICE_X46Y181                                                     f  vproc/core/id_stage_i/bus_cnt_q[1]_i_4/I0
    SLICE_X46Y181        LUT6 (Prop_lut6_I0_O)        0.043     9.876 f  vproc/core/id_stage_i/bus_cnt_q[1]_i_4/O
                         net (fo=2, routed)           0.197    10.074    vproc/core/load_store_unit_i/response_filter_i/bus_cnt_q_reg[1]_2
    SLICE_X44Y181                                                     f  vproc/core/load_store_unit_i/response_filter_i/bus_cnt_q[1]_i_2/I3
    SLICE_X44Y181        LUT6 (Prop_lut6_I3_O)        0.043    10.117 r  vproc/core/load_store_unit_i/response_filter_i/bus_cnt_q[1]_i_2/O
                         net (fo=11, routed)          0.252    10.369    vproc/core/load_store_unit_i/response_filter_i/sdata_req
    SLICE_X43Y181                                                     r  vproc/core/load_store_unit_i/response_filter_i/mem_reg_0_0_0_i_26/I1
    SLICE_X43Y181        LUT2 (Prop_lut2_I1_O)        0.043    10.412 f  vproc/core/load_store_unit_i/response_filter_i/mem_reg_0_0_0_i_26/O
                         net (fo=2, routed)           0.272    10.683    vproc/core/load_store_unit_i/response_filter_i/mem_reg_0_0_0_i_26_n_0
    SLICE_X43Y183                                                     f  vproc/core/load_store_unit_i/response_filter_i/mem_reg_0_0_0_i_6/I5
    SLICE_X43Y183        LUT6 (Prop_lut6_I5_O)        0.043    10.726 f  vproc/core/load_store_unit_i/response_filter_i/mem_reg_0_0_0_i_6/O
                         net (fo=6, routed)           0.372    11.099    vproc/core/load_store_unit_i/response_filter_i/mem_reg_0_0_0_i_6_n_0
    SLICE_X42Y183                                                     f  vproc/core/load_store_unit_i/response_filter_i/mem_reg_0_0_0_i_1/I0
    SLICE_X42Y183        LUT5 (Prop_lut5_I0_O)        0.043    11.142 r  vproc/core/load_store_unit_i/response_filter_i/mem_reg_0_0_0_i_1/O
                         net (fo=22, routed)          1.754    12.896    u_ram/mem_reg_2_1_3_0
    RAMB36_X4Y37         RAMB36E1                                     r  u_ram/mem_reg_0_1_0/ENARDEN
  -------------------------------------------------------------------    -------------------

                         (clock clk_raw rise edge)    8.125     8.125 r  
                         clock source latency         1.909    10.034    
                         propagated clock network latency
                                                      2.943    12.977    
                         clock pessimism              0.337    13.314    
                         clock uncertainty           -0.056    13.258    
    RAMB36_X4Y37         RAMB36E1 (Setup_ramb36e1_CLKARDCLK_ENARDEN)
                                                     -0.328    12.930    u_ram/mem_reg_0_1_0
  -------------------------------------------------------------------
                         required time                         12.930    
                         arrival time                         -12.896    
  -------------------------------------------------------------------
                         slack                                  0.034    

Slack (MET) :             0.034ns  (required time - arrival time)
  Source:                 vproc/core/ex_stage_i/ex_wb_pipe_o_reg[first_op]/C
                            (rising edge-triggered cell FDCE clocked by clk_raw  {rise@0.000ns fall@4.062ns period=8.125ns})
  Destination:            u_ram/mem_reg_0_1_0/ENARDEN
                            (rising edge-triggered cell RAMB36E1 clocked by clk_raw  {rise@0.000ns fall@4.062ns period=8.125ns})
  Path Group:             clk_raw
  Path Type:              Setup (Max at Slow Process Corner)
  Requirement:            8.125ns  (clk_raw rise@8.125ns - clk_raw rise@0.000ns)
  Data Path Delay:        5.505ns  (logic 0.748ns (13.589%)  route 4.757ns (86.411%))
  Logic Levels:           10  (LUT2=1 LUT4=1 LUT5=3 LUT6=5)
  Clock Path Skew:        -2.202ns (DCD - SCD + CPR)
    Destination Clock Delay (DCD):    4.852ns = ( 12.977 - 8.125 ) 
    Source Clock Delay      (SCD):    7.391ns
    Clock Pessimism Removal (CPR):    0.337ns
  Clock Uncertainty:      0.056ns  ((TSJ^2 + DJ^2)^1/2) / 2 + PE
    Total System Jitter     (TSJ):    0.071ns
    Discrete Jitter          (DJ):    0.088ns
    Phase Error              (PE):    0.000ns

    Location             Delay type                Incr(ns)  Path(ns)    Netlist Resource(s)
  -------------------------------------------------------------------    -------------------
                         (clock clk_raw rise edge)    0.000     0.000 r  
                         clock source latency         2.120     2.120    
                         propagated clock network latency
                                                      5.271     7.391    
    SLICE_X44Y180        FDCE                         0.000     7.391 r  vproc/core/ex_stage_i/ex_wb_pipe_o_reg[first_op]/C
    SLICE_X44Y180        FDCE (Prop_fdce_C_Q)         0.223     7.614 f  vproc/core/ex_stage_i/ex_wb_pipe_o_reg[first_op]/Q
                         net (fo=2, routed)           0.514     8.128    vproc/core/if_stage_i/ex_wb_pipe[first_op]
    SLICE_X48Y180                                                     f  vproc/core/if_stage_i/core_busy_d_i_21/I2
    SLICE_X48Y180        LUT6 (Prop_lut6_I2_O)        0.043     8.171 f  vproc/core/if_stage_i/core_busy_d_i_21/O
                         net (fo=1, routed)           0.266     8.437    vproc/core/load_store_unit_i/trans_addr_q[9]_i_9_0
    SLICE_X49Y180                                                     f  vproc/core/load_store_unit_i/core_busy_d_i_18/I4
    SLICE_X49Y180        LUT5 (Prop_lut5_I4_O)        0.043     8.480 f  vproc/core/load_store_unit_i/core_busy_d_i_18/O
                         net (fo=4, routed)           0.198     8.678    vproc/core/cs_registers_i/dcsr_csr_i/p_87_in
    SLICE_X46Y180                                                     f  vproc/core/cs_registers_i/dcsr_csr_i/trans_addr_q[9]_i_9/I4
    SLICE_X46Y180        LUT5 (Prop_lut5_I4_O)        0.043     8.721 f  vproc/core/cs_registers_i/dcsr_csr_i/trans_addr_q[9]_i_9/O
                         net (fo=10, routed)          0.374     9.094    vproc/core/controller_i/controller_fsm_i/ctrl_fsm_o190_out__0
    SLICE_X46Y180                                                     f  vproc/core/controller_i/controller_fsm_i/pop_q_i_8/I3
    SLICE_X46Y180        LUT4 (Prop_lut4_I3_O)        0.047     9.141 r  vproc/core/controller_i/controller_fsm_i/pop_q_i_8/O
                         net (fo=2, routed)           0.196     9.337    vproc/core/ex_stage_i/mul.mult_i/gen_rf[1].mem[1][31]_i_4_2
    SLICE_X44Y180                                                     r  vproc/core/ex_stage_i/mul.mult_i/mulh_state[1]_i_5/I5
    SLICE_X44Y180        LUT6 (Prop_lut6_I5_O)        0.134     9.471 r  vproc/core/ex_stage_i/mul.mult_i/mulh_state[1]_i_5/O
                         net (fo=4, routed)           0.362     9.833    vproc/core/id_stage_i/pop_q_i_16
    SLICE_X46Y181                                                     r  vproc/core/id_stage_i/bus_cnt_q[1]_i_4/I0
    SLICE_X46Y181        LUT6 (Prop_lut6_I0_O)        0.043     9.876 r  vproc/core/id_stage_i/bus_cnt_q[1]_i_4/O
                         net (fo=2, routed)           0.197    10.074    vproc/core/load_store_unit_i/response_filter_i/bus_cnt_q_reg[1]_2
    SLICE_X44Y181                                                     r  vproc/core/load_store_unit_i/response_filter_i/bus_cnt_q[1]_i_2/I3
    SLICE_X44Y181        LUT6 (Prop_lut6_I3_O)        0.043    10.117 f  vproc/core/load_store_unit_i/response_filter_i/bus_cnt_q[1]_i_2/O
                         net (fo=11, routed)          0.252    10.369    vproc/core/load_store_unit_i/response_filter_i/sdata_req
    SLICE_X43Y181                                                     f  vproc/core/load_store_unit_i/response_filter_i/mem_reg_0_0_0_i_26/I1
    SLICE_X43Y181        LUT2 (Prop_lut2_I1_O)        0.043    10.412 r  vproc/core/load_store_unit_i/response_filter_i/mem_reg_0_0_0_i_26/O
                         net (fo=2, routed)           0.272    10.683    vproc/core/load_store_unit_i/response_filter_i/mem_reg_0_0_0_i_26_n_0
    SLICE_X43Y183                                                     r  vproc/core/load_store_unit_i/response_filter_i/mem_reg_0_0_0_i_6/I5
    SLICE_X43Y183        LUT6 (Prop_lut6_I5_O)        0.043    10.726 r  vproc/core/load_store_unit_i/response_filter_i/mem_reg_0_0_0_i_6/O
                         net (fo=6, routed)           0.372    11.099    vproc/core/load_store_unit_i/response_filter_i/mem_reg_0_0_0_i_6_n_0
    SLICE_X42Y183                                                     r  vproc/core/load_store_unit_i/response_filter_i/mem_reg_0_0_0_i_1/I0
    SLICE_X42Y183        LUT5 (Prop_lut5_I0_O)        0.043    11.142 f  vproc/core/load_store_unit_i/response_filter_i/mem_reg_0_0_0_i_1/O
                         net (fo=22, routed)          1.754    12.896    u_ram/mem_reg_2_1_3_0
    RAMB36_X4Y37         RAMB36E1                                     f  u_ram/mem_reg_0_1_0/ENARDEN
  -------------------------------------------------------------------    -------------------

                         (clock clk_raw rise edge)    8.125     8.125 r  
                         clock source latency         1.909    10.034    
                         propagated clock network latency
                                                      2.943    12.977    
                         clock pessimism              0.337    13.314    
                         clock uncertainty           -0.056    13.258    
    RAMB36_X4Y37         RAMB36E1 (Setup_ramb36e1_CLKARDCLK_ENARDEN)
                                                     -0.328    12.930    u_ram/mem_reg_0_1_0
  -------------------------------------------------------------------
                         required time                         12.930    
                         arrival time                         -12.896    
  -------------------------------------------------------------------
                         slack                                  0.034    

Slack (MET) :             0.048ns  (required time - arrival time)
  Source:                 vproc/core/ex_stage_i/ex_wb_pipe_o_reg[first_op]/C
                            (rising edge-triggered cell FDCE clocked by clk_raw  {rise@0.000ns fall@4.062ns period=8.125ns})
  Destination:            u_ram/mem_reg_0_1_4/ENARDEN
                            (rising edge-triggered cell RAMB36E1 clocked by clk_raw  {rise@0.000ns fall@4.062ns period=8.125ns})
  Path Group:             clk_raw
  Path Type:              Setup (Max at Slow Process Corner)
  Requirement:            8.125ns  (clk_raw rise@8.125ns - clk_raw rise@0.000ns)
  Data Path Delay:        5.426ns  (logic 0.748ns (13.785%)  route 4.678ns (86.215%))
  Logic Levels:           10  (LUT2=1 LUT4=1 LUT5=3 LUT6=5)
  Clock Path Skew:        -2.267ns (DCD - SCD + CPR)
    Destination Clock Delay (DCD):    4.787ns = ( 12.912 - 8.125 ) 
    Source Clock Delay      (SCD):    7.391ns
    Clock Pessimism Removal (CPR):    0.337ns
  Clock Uncertainty:      0.056ns  ((TSJ^2 + DJ^2)^1/2) / 2 + PE
    Total System Jitter     (TSJ):    0.071ns
    Discrete Jitter          (DJ):    0.088ns
    Phase Error              (PE):    0.000ns

    Location             Delay type                Incr(ns)  Path(ns)    Netlist Resource(s)
  -------------------------------------------------------------------    -------------------
                         (clock clk_raw rise edge)    0.000     0.000 r  
                         clock source latency         2.120     2.120    
                         propagated clock network latency
                                                      5.271     7.391    
    SLICE_X44Y180        FDCE                         0.000     7.391 r  vproc/core/ex_stage_i/ex_wb_pipe_o_reg[first_op]/C
    SLICE_X44Y180        FDCE (Prop_fdce_C_Q)         0.223     7.614 r  vproc/core/ex_stage_i/ex_wb_pipe_o_reg[first_op]/Q
                         net (fo=2, routed)           0.514     8.128    vproc/core/if_stage_i/ex_wb_pipe[first_op]
    SLICE_X48Y180                                                     r  vproc/core/if_stage_i/core_busy_d_i_21/I2
    SLICE_X48Y180        LUT6 (Prop_lut6_I2_O)        0.043     8.171 r  vproc/core/if_stage_i/core_busy_d_i_21/O
                         net (fo=1, routed)           0.266     8.437    vproc/core/load_store_unit_i/trans_addr_q[9]_i_9_0
    SLICE_X49Y180                                                     r  vproc/core/load_store_unit_i/core_busy_d_i_18/I4
    SLICE_X49Y180        LUT5 (Prop_lut5_I4_O)        0.043     8.480 r  vproc/core/load_store_unit_i/core_busy_d_i_18/O
                         net (fo=4, routed)           0.198     8.678    vproc/core/cs_registers_i/dcsr_csr_i/p_87_in
    SLICE_X46Y180                                                     r  vproc/core/cs_registers_i/dcsr_csr_i/trans_addr_q[9]_i_9/I4
    SLICE_X46Y180        LUT5 (Prop_lut5_I4_O)        0.043     8.721 r  vproc/core/cs_registers_i/dcsr_csr_i/trans_addr_q[9]_i_9/O
                         net (fo=10, routed)          0.374     9.094    vproc/core/controller_i/controller_fsm_i/ctrl_fsm_o190_out__0
    SLICE_X46Y180                                                     r  vproc/core/controller_i/controller_fsm_i/pop_q_i_8/I3
    SLICE_X46Y180        LUT4 (Prop_lut4_I3_O)        0.047     9.141 f  vproc/core/controller_i/controller_fsm_i/pop_q_i_8/O
                         net (fo=2, routed)           0.196     9.337    vproc/core/ex_stage_i/mul.mult_i/gen_rf[1].mem[1][31]_i_4_2
    SLICE_X44Y180                                                     f  vproc/core/ex_stage_i/mul.mult_i/mulh_state[1]_i_5/I5
    SLICE_X44Y180        LUT6 (Prop_lut6_I5_O)        0.134     9.471 f  vproc/core/ex_stage_i/mul.mult_i/mulh_state[1]_i_5/O
                         net (fo=4, routed)           0.362     9.833    vproc/core/id_stage_i/pop_q_i_16
    SLICE_X46Y181                                                     f  vproc/core/id_stage_i/bus_cnt_q[1]_i_4/I0
    SLICE_X46Y181        LUT6 (Prop_lut6_I0_O)        0.043     9.876 f  vproc/core/id_stage_i/bus_cnt_q[1]_i_4/O
                         net (fo=2, routed)           0.197    10.074    vproc/core/load_store_unit_i/response_filter_i/bus_cnt_q_reg[1]_2
    SLICE_X44Y181                                                     f  vproc/core/load_store_unit_i/response_filter_i/bus_cnt_q[1]_i_2/I3
    SLICE_X44Y181        LUT6 (Prop_lut6_I3_O)        0.043    10.117 r  vproc/core/load_store_unit_i/response_filter_i/bus_cnt_q[1]_i_2/O
                         net (fo=11, routed)          0.252    10.369    vproc/core/load_store_unit_i/response_filter_i/sdata_req
    SLICE_X43Y181                                                     r  vproc/core/load_store_unit_i/response_filter_i/mem_reg_0_0_0_i_26/I1
    SLICE_X43Y181        LUT2 (Prop_lut2_I1_O)        0.043    10.412 f  vproc/core/load_store_unit_i/response_filter_i/mem_reg_0_0_0_i_26/O
                         net (fo=2, routed)           0.272    10.683    vproc/core/load_store_unit_i/response_filter_i/mem_reg_0_0_0_i_26_n_0
    SLICE_X43Y183                                                     f  vproc/core/load_store_unit_i/response_filter_i/mem_reg_0_0_0_i_6/I5
    SLICE_X43Y183        LUT6 (Prop_lut6_I5_O)        0.043    10.726 f  vproc/core/load_store_unit_i/response_filter_i/mem_reg_0_0_0_i_6/O
                         net (fo=6, routed)           0.372    11.099    vproc/core/load_store_unit_i/response_filter_i/mem_reg_0_0_0_i_6_n_0
    SLICE_X42Y183                                                     f  vproc/core/load_store_unit_i/response_filter_i/mem_reg_0_0_0_i_1/I0
    SLICE_X42Y183        LUT5 (Prop_lut5_I0_O)        0.043    11.142 r  vproc/core/load_store_unit_i/response_filter_i/mem_reg_0_0_0_i_1/O
                         net (fo=22, routed)          1.675    12.817    u_ram/mem_reg_2_1_3_0
    RAMB36_X3Y41         RAMB36E1                                     r  u_ram/mem_reg_0_1_4/ENARDEN
  -------------------------------------------------------------------    -------------------

                         (clock clk_raw rise edge)    8.125     8.125 r  
                         clock source latency         1.909    10.034    
                         propagated clock network latency
                                                      2.878    12.912    
                         clock pessimism              0.337    13.249    
                         clock uncertainty           -0.056    13.193    
    RAMB36_X3Y41         RAMB36E1 (Setup_ramb36e1_CLKARDCLK_ENARDEN)
                                                     -0.328    12.865    u_ram/mem_reg_0_1_4
  -------------------------------------------------------------------
                         required time                         12.865    
                         arrival time                         -12.817    
  -------------------------------------------------------------------
                         slack                                  0.048    

Slack (MET) :             0.048ns  (required time - arrival time)
  Source:                 vproc/core/ex_stage_i/ex_wb_pipe_o_reg[first_op]/C
                            (rising edge-triggered cell FDCE clocked by clk_raw  {rise@0.000ns fall@4.062ns period=8.125ns})
  Destination:            u_ram/mem_reg_0_1_4/ENARDEN
                            (rising edge-triggered cell RAMB36E1 clocked by clk_raw  {rise@0.000ns fall@4.062ns period=8.125ns})
  Path Group:             clk_raw
  Path Type:              Setup (Max at Slow Process Corner)
  Requirement:            8.125ns  (clk_raw rise@8.125ns - clk_raw rise@0.000ns)
  Data Path Delay:        5.426ns  (logic 0.748ns (13.785%)  route 4.678ns (86.215%))
  Logic Levels:           10  (LUT2=1 LUT4=1 LUT5=3 LUT6=5)
  Clock Path Skew:        -2.267ns (DCD - SCD + CPR)
    Destination Clock Delay (DCD):    4.787ns = ( 12.912 - 8.125 ) 
    Source Clock Delay      (SCD):    7.391ns
    Clock Pessimism Removal (CPR):    0.337ns
  Clock Uncertainty:      0.056ns  ((TSJ^2 + DJ^2)^1/2) / 2 + PE
    Total System Jitter     (TSJ):    0.071ns
    Discrete Jitter          (DJ):    0.088ns
    Phase Error              (PE):    0.000ns

    Location             Delay type                Incr(ns)  Path(ns)    Netlist Resource(s)
  -------------------------------------------------------------------    -------------------
                         (clock clk_raw rise edge)    0.000     0.000 r  
                         clock source latency         2.120     2.120    
                         propagated clock network latency
                                                      5.271     7.391    
    SLICE_X44Y180        FDCE                         0.000     7.391 r  vproc/core/ex_stage_i/ex_wb_pipe_o_reg[first_op]/C
    SLICE_X44Y180        FDCE (Prop_fdce_C_Q)         0.223     7.614 f  vproc/core/ex_stage_i/ex_wb_pipe_o_reg[first_op]/Q
                         net (fo=2, routed)           0.514     8.128    vproc/core/if_stage_i/ex_wb_pipe[first_op]
    SLICE_X48Y180                                                     f  vproc/core/if_stage_i/core_busy_d_i_21/I2
    SLICE_X48Y180        LUT6 (Prop_lut6_I2_O)        0.043     8.171 f  vproc/core/if_stage_i/core_busy_d_i_21/O
                         net (fo=1, routed)           0.266     8.437    vproc/core/load_store_unit_i/trans_addr_q[9]_i_9_0
    SLICE_X49Y180                                                     f  vproc/core/load_store_unit_i/core_busy_d_i_18/I4
    SLICE_X49Y180        LUT5 (Prop_lut5_I4_O)        0.043     8.480 f  vproc/core/load_store_unit_i/core_busy_d_i_18/O
                         net (fo=4, routed)           0.198     8.678    vproc/core/cs_registers_i/dcsr_csr_i/p_87_in
    SLICE_X46Y180                                                     f  vproc/core/cs_registers_i/dcsr_csr_i/trans_addr_q[9]_i_9/I4
    SLICE_X46Y180        LUT5 (Prop_lut5_I4_O)        0.043     8.721 f  vproc/core/cs_registers_i/dcsr_csr_i/trans_addr_q[9]_i_9/O
                         net (fo=10, routed)          0.374     9.094    vproc/core/controller_i/controller_fsm_i/ctrl_fsm_o190_out__0
    SLICE_X46Y180                                                     f  vproc/core/controller_i/controller_fsm_i/pop_q_i_8/I3
    SLICE_X46Y180        LUT4 (Prop_lut4_I3_O)        0.047     9.141 r  vproc/core/controller_i/controller_fsm_i/pop_q_i_8/O
                         net (fo=2, routed)           0.196     9.337    vproc/core/ex_stage_i/mul.mult_i/gen_rf[1].mem[1][31]_i_4_2
    SLICE_X44Y180                                                     r  vproc/core/ex_stage_i/mul.mult_i/mulh_state[1]_i_5/I5
    SLICE_X44Y180        LUT6 (Prop_lut6_I5_O)        0.134     9.471 r  vproc/core/ex_stage_i/mul.mult_i/mulh_state[1]_i_5/O
                         net (fo=4, routed)           0.362     9.833    vproc/core/id_stage_i/pop_q_i_16
    SLICE_X46Y181                                                     r  vproc/core/id_stage_i/bus_cnt_q[1]_i_4/I0
    SLICE_X46Y181        LUT6 (Prop_lut6_I0_O)        0.043     9.876 r  vproc/core/id_stage_i/bus_cnt_q[1]_i_4/O
                         net (fo=2, routed)           0.197    10.074    vproc/core/load_store_unit_i/response_filter_i/bus_cnt_q_reg[1]_2
    SLICE_X44Y181                                                     r  vproc/core/load_store_unit_i/response_filter_i/bus_cnt_q[1]_i_2/I3
    SLICE_X44Y181        LUT6 (Prop_lut6_I3_O)        0.043    10.117 f  vproc/core/load_store_unit_i/response_filter_i/bus_cnt_q[1]_i_2/O
                         net (fo=11, routed)          0.252    10.369    vproc/core/load_store_unit_i/response_filter_i/sdata_req
    SLICE_X43Y181                                                     f  vproc/core/load_store_unit_i/response_filter_i/mem_reg_0_0_0_i_26/I1
    SLICE_X43Y181        LUT2 (Prop_lut2_I1_O)        0.043    10.412 r  vproc/core/load_store_unit_i/response_filter_i/mem_reg_0_0_0_i_26/O
                         net (fo=2, routed)           0.272    10.683    vproc/core/load_store_unit_i/response_filter_i/mem_reg_0_0_0_i_26_n_0
    SLICE_X43Y183                                                     r  vproc/core/load_store_unit_i/response_filter_i/mem_reg_0_0_0_i_6/I5
    SLICE_X43Y183        LUT6 (Prop_lut6_I5_O)        0.043    10.726 r  vproc/core/load_store_unit_i/response_filter_i/mem_reg_0_0_0_i_6/O
                         net (fo=6, routed)           0.372    11.099    vproc/core/load_store_unit_i/response_filter_i/mem_reg_0_0_0_i_6_n_0
    SLICE_X42Y183                                                     r  vproc/core/load_store_unit_i/response_filter_i/mem_reg_0_0_0_i_1/I0
    SLICE_X42Y183        LUT5 (Prop_lut5_I0_O)        0.043    11.142 f  vproc/core/load_store_unit_i/response_filter_i/mem_reg_0_0_0_i_1/O
                         net (fo=22, routed)          1.675    12.817    u_ram/mem_reg_2_1_3_0
    RAMB36_X3Y41         RAMB36E1                                     f  u_ram/mem_reg_0_1_4/ENARDEN
  -------------------------------------------------------------------    -------------------

                         (clock clk_raw rise edge)    8.125     8.125 r  
                         clock source latency         1.909    10.034    
                         propagated clock network latency
                                                      2.878    12.912    
                         clock pessimism              0.337    13.249    
                         clock uncertainty           -0.056    13.193    
    RAMB36_X3Y41         RAMB36E1 (Setup_ramb36e1_CLKARDCLK_ENARDEN)
                                                     -0.328    12.865    u_ram/mem_reg_0_1_4
  -------------------------------------------------------------------
                         required time                         12.865    
                         arrival time                         -12.817    
  -------------------------------------------------------------------
                         slack                                  0.048    

Slack (MET) :             0.070ns  (required time - arrival time)
  Source:                 vproc/core/id_stage_i/id_ex_pipe_o_reg[muldiv_operand_a][16]/C
                            (rising edge-triggered cell FDCE clocked by clk_raw  {rise@0.000ns fall@4.062ns period=8.125ns})
  Destination:            vproc/core/id_stage_i/id_ex_pipe_o_reg[muldiv_operand_b][31]/D
                            (rising edge-triggered cell FDCE clocked by clk_raw  {rise@0.000ns fall@4.062ns period=8.125ns})
  Path Group:             clk_raw
  Path Type:              Setup (Max at Slow Process Corner)
  Requirement:            8.125ns  (clk_raw rise@8.125ns - clk_raw rise@0.000ns)
  Data Path Delay:        7.987ns  (logic 5.333ns (66.771%)  route 2.654ns (33.229%))
  Logic Levels:           11  (CARRY4=4 DSP48E1=2 LUT2=1 LUT4=1 LUT6=3)
  Clock Path Skew:        -0.025ns (DCD - SCD + CPR)
    Destination Clock Delay (DCD):    6.618ns = ( 14.743 - 8.125 ) 
    Source Clock Delay      (SCD):    7.341ns
    Clock Pessimism Removal (CPR):    0.698ns
  Clock Uncertainty:      0.056ns  ((TSJ^2 + DJ^2)^1/2) / 2 + PE
    Total System Jitter     (TSJ):    0.071ns
    Discrete Jitter          (DJ):    0.088ns
    Phase Error              (PE):    0.000ns

    Location             Delay type                Incr(ns)  Path(ns)    Netlist Resource(s)
  -------------------------------------------------------------------    -------------------
                         (clock clk_raw rise edge)    0.000     0.000 r  
                         clock source latency         2.120     2.120    
                         propagated clock network latency
                                                      5.221     7.341    
    SLICE_X54Y199        FDCE                         0.000     7.341 r  vproc/core/id_stage_i/id_ex_pipe_o_reg[muldiv_operand_a][16]/C
    SLICE_X54Y199        FDCE (Prop_fdce_C_Q)         0.259     7.600 r  vproc/core/id_stage_i/id_ex_pipe_o_reg[muldiv_operand_a][16]/Q
                         net (fo=4, routed)           0.539     8.139    vproc/core/id_stage_i/id_ex_pipe_o_reg[muldiv_operand_a][30]_0[16]
    SLICE_X55Y196                                                     r  vproc/core/id_stage_i/int_result__0_i_17/I3
    SLICE_X55Y196        LUT4 (Prop_lut4_I3_O)        0.043     8.182 r  vproc/core/id_stage_i/int_result__0_i_17/O
                         net (fo=1, routed)           0.240     8.422    vproc/core/ex_stage_i/mul.mult_i/op_a[0]
    DSP48_X2Y78                                                       r  vproc/core/ex_stage_i/mul.mult_i/int_result__0/A[0]
    DSP48_X2Y78          DSP48E1 (Prop_dsp48e1_A[0]_PCOUT[47])
                                                      2.879    11.301 r  vproc/core/ex_stage_i/mul.mult_i/int_result__0/PCOUT[47]
                         net (fo=1, routed)           0.000    11.301    vproc/core/ex_stage_i/mul.mult_i/int_result__0_n_106
    DSP48_X2Y79                                                       r  vproc/core/ex_stage_i/mul.mult_i/int_result__1/PCIN[47]
    DSP48_X2Y79          DSP48E1 (Prop_dsp48e1_PCIN[47]_P[3])
                                                      1.077    12.378 r  vproc/core/ex_stage_i/mul.mult_i/int_result__1/P[3]
                         net (fo=2, routed)           0.513    12.891    vproc/core/ex_stage_i/mul.mult_i/int_result__1_n_102
    SLICE_X53Y197                                                     r  vproc/core/ex_stage_i/mul.mult_i/int_result_carry__0_i_4/I0
    SLICE_X53Y197        LUT2 (Prop_lut2_I0_O)        0.043    12.934 r  vproc/core/ex_stage_i/mul.mult_i/int_result_carry__0_i_4/O
                         net (fo=1, routed)           0.000    12.934    vproc/core/ex_stage_i/mul.mult_i/int_result_carry__0_i_4_n_0
    SLICE_X53Y197                                                     r  vproc/core/ex_stage_i/mul.mult_i/int_result_carry__0/S[0]
    SLICE_X53Y197        CARRY4 (Prop_carry4_S[0]_CO[3])
                                                      0.259    13.193 r  vproc/core/ex_stage_i/mul.mult_i/int_result_carry__0/CO[3]
                         net (fo=1, routed)           0.000    13.193    vproc/core/ex_stage_i/mul.mult_i/int_result_carry__0_n_0
    SLICE_X53Y198                                                     r  vproc/core/ex_stage_i/mul.mult_i/int_result_carry__1/CI
    SLICE_X53Y198        CARRY4 (Prop_carry4_CI_CO[3])
                                                      0.053    13.246 r  vproc/core/ex_stage_i/mul.mult_i/int_result_carry__1/CO[3]
                         net (fo=1, routed)           0.000    13.246    vproc/core/ex_stage_i/mul.mult_i/int_result_carry__1_n_0
    SLICE_X53Y199                                                     r  vproc/core/ex_stage_i/mul.mult_i/int_result_carry__2/CI
    SLICE_X53Y199        CARRY4 (Prop_carry4_CI_O[0])
                                                      0.111    13.357 r  vproc/core/ex_stage_i/mul.mult_i/int_result_carry__2/O[0]
                         net (fo=2, routed)           0.375    13.732    vproc/core/ex_stage_i/mul.mult_i/int_result__3[28]
    SLICE_X52Y199                                                     r  vproc/core/ex_stage_i/mul.mult_i/result_carry__6/DI[0]
    SLICE_X52Y199        CARRY4 (Prop_carry4_DI[0]_O[3])
                                                      0.403    14.135 r  vproc/core/ex_stage_i/mul.mult_i/result_carry__6/O[3]
                         net (fo=3, routed)           0.293    14.428    vproc/core/id_stage_i/ex_wb_pipe_o_reg[rf_wdata][31]_1[3]
    SLICE_X55Y200                                                     r  vproc/core/id_stage_i/ex_wb_pipe_o[rf_wdata][31]_i_8/I0
    SLICE_X55Y200        LUT6 (Prop_lut6_I0_O)        0.120    14.548 r  vproc/core/id_stage_i/ex_wb_pipe_o[rf_wdata][31]_i_8/O
                         net (fo=1, routed)           0.189    14.737    vproc/core/id_stage_i/ex_wb_pipe_o[rf_wdata][31]_i_8_n_0
    SLICE_X56Y200                                                     r  vproc/core/id_stage_i/ex_wb_pipe_o[rf_wdata][31]_i_2/I4
    SLICE_X56Y200        LUT6 (Prop_lut6_I4_O)        0.043    14.780 r  vproc/core/id_stage_i/ex_wb_pipe_o[rf_wdata][31]_i_2/O
                         net (fo=6, routed)           0.221    15.001    vproc/core/ex_stage_i/rf_wdata_ex[31]
    SLICE_X59Y200                                                     r  vproc/core/ex_stage_i/id_ex_pipe_o[muldiv_operand_b][31]_i_1/I4
    SLICE_X59Y200        LUT6 (Prop_lut6_I4_O)        0.043    15.044 r  vproc/core/ex_stage_i/id_ex_pipe_o[muldiv_operand_b][31]_i_1/O
                         net (fo=1, routed)           0.284    15.328    vproc/core/id_stage_i/id_ex_pipe_o_reg[muldiv_operand_b][31]_2[31]
    SLICE_X56Y199        FDCE                                         r  vproc/core/id_stage_i/id_ex_pipe_o_reg[muldiv_operand_b][31]/D
  -------------------------------------------------------------------    -------------------

                         (clock clk_raw rise edge)    8.125     8.125 r  
                         clock source latency         1.909    10.034    
                         propagated clock network latency
                                                      4.708    14.743    
                         clock pessimism              0.698    15.441    
                         clock uncertainty           -0.056    15.385    
    SLICE_X56Y199        FDCE (Setup_fdce_C_D)        0.013    15.398    vproc/core/id_stage_i/id_ex_pipe_o_reg[muldiv_operand_b][31]
  -------------------------------------------------------------------
                         required time                         15.398    
                         arrival time                         -15.328    
  -------------------------------------------------------------------
                         slack                                  0.070    




