Copyright 1986-2021 Xilinx, Inc. All Rights Reserved.
------------------------------------------------------------------------------------
| Tool Version : Vivado v.2021.2 (lin64) Build 3367213 Tue Oct 19 02:47:39 MDT 2021
| Date         : Thu May 15 14:08:39 2025
| Host         : return running 64-bit Ubuntu 20.04.6 LTS
| Command      : report_utilization -hierarchical -file utilization_report.rpt
| Design       : demo_top
| Device       : xc7k325tffg900-2
| Speed File   : -2
| Design State : Routed
------------------------------------------------------------------------------------

Utilization Design Information

Table of Contents
-----------------
1. Utilization by Hierarchy

1. Utilization by Hierarchy
---------------------------

+--------------------------------------------------------------------------------------------------------------------------+-----------------------------------------------+------------+------------+---------+------+-------+--------+--------+------------+
|                                                         Instance                                                         |                     Module                    | Total LUTs | Logic LUTs | LUTRAMs | SRLs |  FFs  | RAMB36 | RAMB18 | DSP Blocks |
+--------------------------------------------------------------------------------------------------------------------------+-----------------------------------------------+------------+------------+---------+------+-------+--------+--------+------------+
| demo_top                                                                                                                 |                                         (top) |      65254 |      64076 |    1024 |  154 | 18751 |     66 |      0 |         39 |
|   (demo_top)                                                                                                             |                                         (top) |        123 |        123 |       0 |    0 |     1 |      0 |      0 |          0 |
|   hwregs                                                                                                                 |                                   hwreg_iface |         66 |         61 |       0 |    5 |    77 |      0 |      0 |          0 |
|     (hwregs)                                                                                                             |                                   hwreg_iface |         33 |         33 |       0 |    0 |    10 |      0 |      0 |          0 |
|     uart                                                                                                                 |                                    uart_iface |         33 |         28 |       0 |    5 |    67 |      0 |      0 |          0 |
|       (uart)                                                                                                             |                                    uart_iface |          9 |          4 |       0 |    5 |    19 |      0 |      0 |          0 |
|       rx_inst                                                                                                            |                                       uart_rx |         13 |         13 |       0 |    0 |    32 |      0 |      0 |          0 |
|       tx_inst                                                                                                            |                                       uart_tx |         11 |         11 |       0 |    0 |    16 |      0 |      0 |          0 |
|   u_iram                                                                                                                 |                                         ram32 |          0 |          0 |       0 |    0 |     0 |      2 |      0 |          0 |
|   u_ram                                                                                                                  |                                       ram32_0 |         32 |         32 |       0 |    0 |     1 |     64 |      0 |          0 |
|   vproc                                                                                                                  |                                     vproc_top |      65043 |      63870 |    1024 |  149 | 18672 |      0 |      0 |         39 |
|     (vproc)                                                                                                              |                                     vproc_top |          2 |          1 |       0 |    1 |    27 |      0 |      0 |          0 |
|     core                                                                                                                 |                                 cv32e40x_core |       4652 |       4652 |       0 |    0 |  2329 |      0 |      0 |          3 |
|       controller_i                                                                                                       |                           cv32e40x_controller |        254 |        254 |       0 |    0 |    16 |      0 |      0 |          0 |
|         bypass_i                                                                                                         |                    cv32e40x_controller_bypass |          1 |          1 |       0 |    0 |     0 |      0 |      0 |          0 |
|         controller_fsm_i                                                                                                 |                       cv32e40x_controller_fsm |        253 |        253 |       0 |    0 |    16 |      0 |      0 |          0 |
|       cs_registers_i                                                                                                     |                         cv32e40x_cs_registers |         41 |         41 |       0 |    0 |   476 |      0 |      0 |          0 |
|         (cs_registers_i)                                                                                                 |                         cv32e40x_cs_registers |         12 |         12 |       0 |    0 |   220 |      0 |      0 |          0 |
|         basic_mode_csrs.mie_csr_i                                                                                        |                  cv32e40x_csr__parameterized0 |          2 |          2 |       0 |    0 |    19 |      0 |      0 |          0 |
|         basic_mode_csrs.mtvec_csr_i                                                                                      |                                  cv32e40x_csr |          4 |          4 |       0 |    0 |    26 |      0 |      0 |          0 |
|         dcsr_csr_i                                                                                                       |                  cv32e40x_csr__parameterized1 |          1 |          1 |       0 |    0 |     6 |      0 |      0 |          0 |
|         dpc_csr_i                                                                                                        |              cv32e40x_csr__parameterized0_164 |          0 |          0 |       0 |    0 |    31 |      0 |      0 |          0 |
|         dscratch0_csr_i                                                                                                  |              cv32e40x_csr__parameterized0_165 |          0 |          0 |       0 |    0 |    32 |      0 |      0 |          0 |
|         dscratch1_csr_i                                                                                                  |              cv32e40x_csr__parameterized0_166 |         12 |         12 |       0 |    0 |    32 |      0 |      0 |          0 |
|         mcause_csr_i                                                                                                     |              cv32e40x_csr__parameterized0_167 |          1 |          1 |       0 |    0 |    12 |      0 |      0 |          0 |
|         mepc_csr_i                                                                                                       |              cv32e40x_csr__parameterized0_168 |          4 |          4 |       0 |    0 |    31 |      0 |      0 |          0 |
|         mscratch_csr_i                                                                                                   |              cv32e40x_csr__parameterized0_169 |          0 |          0 |       0 |    0 |    32 |      0 |      0 |          0 |
|         mstatus_csr_i                                                                                                    |                  cv32e40x_csr__parameterized2 |          0 |          0 |       0 |    0 |     2 |      0 |      0 |          0 |
|         tdata1_csr_i                                                                                                     |                  cv32e40x_csr__parameterized3 |          1 |          1 |       0 |    0 |     1 |      0 |      0 |          0 |
|         tdata2_csr_i                                                                                                     |              cv32e40x_csr__parameterized0_170 |          4 |          4 |       0 |    0 |    32 |      0 |      0 |          0 |
|       ex_stage_i                                                                                                         |                             cv32e40x_ex_stage |        748 |        748 |       0 |    0 |   280 |      0 |      0 |          3 |
|         (ex_stage_i)                                                                                                     |                             cv32e40x_ex_stage |        453 |        453 |       0 |    0 |   137 |      0 |      0 |          0 |
|         div.div_i                                                                                                        |                              cv32e40x_div_163 |        208 |        208 |       0 |    0 |   108 |      0 |      0 |          0 |
|         mul.mult_i                                                                                                       |                                 cv32e40x_mult |         87 |         87 |       0 |    0 |    35 |      0 |      0 |          3 |
|       id_stage_i                                                                                                         |                             cv32e40x_id_stage |       1290 |       1290 |       0 |    0 |   244 |      0 |      0 |          0 |
|         (id_stage_i)                                                                                                     |                             cv32e40x_id_stage |       1268 |       1268 |       0 |    0 |   244 |      0 |      0 |          0 |
|         cv32e40x_pc_target_i                                                                                             |                            cv32e40x_pc_target |         22 |         22 |       0 |    0 |     0 |      0 |      0 |          0 |
|       if_stage_i                                                                                                         |                             cv32e40x_if_stage |       1501 |       1501 |       0 |    0 |   264 |      0 |      0 |          0 |
|         (if_stage_i)                                                                                                     |                             cv32e40x_if_stage |       1132 |       1132 |       0 |    0 |    88 |      0 |      0 |          0 |
|         mpu_i                                                                                                            |                                  cv32e40x_mpu |          4 |          4 |       0 |    0 |     2 |      0 |      0 |          0 |
|         prefetch_unit_i                                                                                                  |                        cv32e40x_prefetch_unit |        367 |        367 |       0 |    0 |   174 |      0 |      0 |          0 |
|           alignment_buffer_i                                                                                             |                     cv32e40x_alignment_buffer |        355 |        355 |       0 |    0 |   153 |      0 |      0 |          0 |
|           prefetcher_i                                                                                                   |                           cv32e40x_prefetcher |         12 |         12 |       0 |    0 |    21 |      0 |      0 |          0 |
|       load_store_unit_i                                                                                                  |                      cv32e40x_load_store_unit |        191 |        191 |       0 |    0 |    54 |      0 |      0 |          0 |
|         (load_store_unit_i)                                                                                              |                      cv32e40x_load_store_unit |         56 |         56 |       0 |    0 |    47 |      0 |      0 |          0 |
|         mpu_i                                                                                                            |                  cv32e40x_mpu__parameterized0 |        128 |        128 |       0 |    0 |     3 |      0 |      0 |          0 |
|         response_filter_i                                                                                                |                  cv32e40x_lsu_response_filter |          8 |          8 |       0 |    0 |     4 |      0 |      0 |          0 |
|       register_file_wrapper_i                                                                                            |                cv32e40x_register_file_wrapper |        642 |        642 |       0 |    0 |   992 |      0 |      0 |          0 |
|         register_file_i                                                                                                  |                        cv32e40x_register_file |        642 |        642 |       0 |    0 |   992 |      0 |      0 |          0 |
|       sleep_unit_i                                                                                                       |                           cv32e40x_sleep_unit |          3 |          3 |       0 |    0 |     3 |      0 |      0 |          0 |
|         (sleep_unit_i)                                                                                                   |                           cv32e40x_sleep_unit |          2 |          2 |       0 |    0 |     2 |      0 |      0 |          0 |
|         core_clock_gate_i                                                                                                |                           cv32e40x_clock_gate |          1 |          1 |       0 |    0 |     1 |      0 |      0 |          0 |
|     fpu_ss_i                                                                                                             |                                        fpu_ss |       6862 |       6862 |       0 |    0 |  2092 |      0 |      0 |          2 |
|       (fpu_ss_i)                                                                                                         |                                        fpu_ss |          2 |          2 |       0 |    0 |     0 |      0 |      0 |          0 |
|       fpu_ss_controller_i                                                                                                |                             fpu_ss_controller |         63 |         63 |       0 |    0 |    49 |      0 |      0 |          0 |
|       fpu_ss_csr_i                                                                                                       |                                    fpu_ss_csr |         29 |         29 |       0 |    0 |    33 |      0 |      0 |          0 |
|       gen_fp_register_file.fpu_ss_regfile_i                                                                              |                                fpu_ss_regfile |       1175 |       1175 |       0 |    0 |  1024 |      0 |      0 |          0 |
|       gen_input_stream_fifo.input_stream_fifo_i                                                                          |                                   stream_fifo |          7 |          7 |       0 |    0 |    69 |      0 |      0 |          0 |
|         fifo_i                                                                                                           |                                       fifo_v3 |          7 |          7 |       0 |    0 |    69 |      0 |      0 |          0 |
|       i_fpnew_bulk                                                                                                       |                     fpnew_top__parameterized0 |       5521 |       5521 |       0 |    0 |   886 |      0 |      0 |          2 |
|         gen_operation_groups[0].i_opgroup_block                                                                          |           fpnew_opgroup_block__parameterized3 |       1367 |       1367 |       0 |    0 |   119 |      0 |      0 |          2 |
|           gen_merged_slice.i_multifmt_slice                                                                              |  fpnew_opgroup_multifmt_slice__parameterized1 |       1367 |       1367 |       0 |    0 |   119 |      0 |      0 |          2 |
|             (gen_merged_slice.i_multifmt_slice)                                                                          |  fpnew_opgroup_multifmt_slice__parameterized1 |          1 |          1 |       0 |    0 |     0 |      0 |      0 |          0 |
|             gen_num_lanes[0].active_lane.lane_instance.i_fpnew_fma_multi                                                 |                               fpnew_fma_multi |       1366 |       1366 |       0 |    0 |   119 |      0 |      0 |          2 |
|         gen_operation_groups[1].i_opgroup_block                                                                          |           fpnew_opgroup_block__parameterized4 |       3079 |       3079 |       0 |    0 |   572 |      0 |      0 |          0 |
|           gen_merged_slice.i_multifmt_slice                                                                              |  fpnew_opgroup_multifmt_slice__parameterized2 |       3078 |       3078 |       0 |    0 |   572 |      0 |      0 |          0 |
|             gen_num_lanes[0].active_lane.lane_instance.gen_thmulti_c910_divsqrt.i_fpnew_divsqrt_th_64_c910               |     fpnew_divsqrt_th_64_multi__parameterized1 |       3078 |       3078 |       0 |    0 |   572 |      0 |      0 |          0 |
|               (gen_num_lanes[0].active_lane.lane_instance.gen_thmulti_c910_divsqrt.i_fpnew_divsqrt_th_64_c910)           |     fpnew_divsqrt_th_64_multi__parameterized1 |          2 |          2 |       0 |    0 |   170 |      0 |      0 |          0 |
|               i_ct_vfdsu_top                                                                                             |                              ct_vfdsu_top_153 |       3077 |       3077 |       0 |    0 |   402 |      0 |      0 |          0 |
|                 x_ct_vfdsu_ctrl                                                                                          |                             ct_vfdsu_ctrl_154 |         46 |         46 |       0 |    0 |    17 |      0 |      0 |          0 |
|                 x_ct_vfdsu_double                                                                                        |                           ct_vfdsu_double_155 |       3021 |       3021 |       0 |    0 |   377 |      0 |      0 |          0 |
|                   (x_ct_vfdsu_double)                                                                                    |                           ct_vfdsu_double_155 |         12 |         12 |       0 |    0 |     0 |      0 |      0 |          0 |
|                   x_ct_vfdsu_pack                                                                                        |                             ct_vfdsu_pack_157 |          1 |          1 |       0 |    0 |     0 |      0 |      0 |          0 |
|                   x_ct_vfdsu_prepare                                                                                     |                          ct_vfdsu_prepare_158 |        631 |        631 |       0 |    0 |    34 |      0 |      0 |          0 |
|                   x_ct_vfdsu_round                                                                                       |                            ct_vfdsu_round_159 |        290 |        290 |       0 |    0 |    64 |      0 |      0 |          0 |
|                   x_ct_vfdsu_srt                                                                                         |                              ct_vfdsu_srt_160 |       2095 |       2095 |       0 |    0 |   279 |      0 |      0 |          0 |
|                     (x_ct_vfdsu_srt)                                                                                     |                              ct_vfdsu_srt_160 |        134 |        134 |       0 |    0 |    51 |      0 |      0 |          0 |
|                     x_ct_vfdsu_srt_radix16_with_sqrt                                                                     |            ct_vfdsu_srt_radix16_with_sqrt_161 |       1963 |       1963 |       0 |    0 |   228 |      0 |      0 |          0 |
|                       (x_ct_vfdsu_srt_radix16_with_sqrt)                                                                 |            ct_vfdsu_srt_radix16_with_sqrt_161 |       1886 |       1886 |       0 |    0 |   228 |      0 |      0 |          0 |
|                       x_ct_vfdsu_srt_radix16_bound_table                                                                 |          ct_vfdsu_srt_radix16_bound_table_162 |         77 |         77 |       0 |    0 |     0 |      0 |      0 |          0 |
|                 x_ct_vfdsu_scalar_dp                                                                                     |                        ct_vfdsu_scalar_dp_156 |         10 |         10 |       0 |    0 |     8 |      0 |      0 |          0 |
|           i_arbiter                                                                                                      |               rr_arb_tree__parameterized1_152 |          1 |          1 |       0 |    0 |     0 |      0 |      0 |          0 |
|         gen_operation_groups[2].i_opgroup_block                                                                          |           fpnew_opgroup_block__parameterized5 |        325 |        325 |       0 |    0 |   137 |      0 |      0 |          0 |
|           gen_parallel_slices[0].active_format.i_fmt_slice                                                               |       fpnew_opgroup_fmt_slice__parameterized3 |        158 |        158 |       0 |    0 |    84 |      0 |      0 |          0 |
|             gen_num_lanes[0].active_lane.lane_instance.i_noncomp                                                         |                 fpnew_noncomp__parameterized1 |        158 |        158 |       0 |    0 |    84 |      0 |      0 |          0 |
|           gen_parallel_slices[2].active_format.i_fmt_slice                                                               |       fpnew_opgroup_fmt_slice__parameterized4 |        167 |        167 |       0 |    0 |    52 |      0 |      0 |          0 |
|             gen_num_lanes[0].active_lane.lane_instance.i_noncomp                                                         |                 fpnew_noncomp__parameterized2 |        167 |        167 |       0 |    0 |    52 |      0 |      0 |          0 |
|           i_arbiter                                                                                                      |                   rr_arb_tree__parameterized1 |          1 |          1 |       0 |    0 |     1 |      0 |      0 |          0 |
|         gen_operation_groups[3].i_opgroup_block                                                                          |           fpnew_opgroup_block__parameterized6 |        746 |        746 |       0 |    0 |    56 |      0 |      0 |          0 |
|           gen_merged_slice.i_multifmt_slice                                                                              |  fpnew_opgroup_multifmt_slice__parameterized3 |        746 |        746 |       0 |    0 |    56 |      0 |      0 |          0 |
|             gen_num_lanes[0].active_lane.lane_instance.i_fpnew_cast_multi                                                |              fpnew_cast_multi__parameterized0 |        746 |        746 |       0 |    0 |    56 |      0 |      0 |          0 |
|         i_arbiter                                                                                                        |                   rr_arb_tree__parameterized2 |          4 |          4 |       0 |    0 |     2 |      0 |      0 |          0 |
|       mem_stream_fifo_i                                                                                                  |                   stream_fifo__parameterized0 |         68 |         68 |       0 |    0 |    31 |      0 |      0 |          0 |
|         fifo_i                                                                                                           |                       fifo_v3__parameterized0 |         68 |         68 |       0 |    0 |    31 |      0 |      0 |          0 |
|     v_core                                                                                                               |                                    vproc_core |      53535 |      52363 |    1024 |  148 | 14224 |      0 |      0 |         34 |
|       (v_core)                                                                                                           |                                    vproc_core |        275 |        275 |       0 |    0 |   553 |      0 |      0 |          0 |
|       dec                                                                                                                |                                 vproc_decoder |          0 |          0 |       0 |    0 |     3 |      0 |      0 |          0 |
|       dispatcher                                                                                                         |                              vproc_dispatcher |         52 |         52 |       0 |    0 |    32 |      0 |      0 |          0 |
|       genblk9[0].pipe                                                                                                    |                        vproc_pipeline_wrapper |       3541 |       3485 |       0 |   56 |  2721 |      0 |      0 |          2 |
|         pipeline                                                                                                         |                                vproc_pipeline |       3541 |       3485 |       0 |   56 |  2721 |      0 |      0 |          2 |
|           (pipeline)                                                                                                     |                                vproc_pipeline |        692 |        692 |       0 |    0 |   230 |      0 |      0 |          0 |
|           pack                                                                                                           |                                vproc_vregpack |         80 |         80 |       0 |    0 |   303 |      0 |      0 |          0 |
|           unit_mux                                                                                                       |                                vproc_unit_mux |        817 |        817 |       0 |    0 |   426 |      0 |      0 |          2 |
|             genblk1[0].unit                                                                                              |                            vproc_unit_wrapper |        646 |        646 |       0 |    0 |   297 |      0 |      0 |          2 |
|               lsu                                                                                                        |                                     vproc_lsu |        646 |        646 |       0 |    0 |   297 |      0 |      0 |          2 |
|                 (lsu)                                                                                                    |                                     vproc_lsu |        313 |        313 |       0 |    0 |   159 |      0 |      0 |          2 |
|                 lsu_queue                                                                                                |                   vproc_queue__parameterized0 |        322 |        322 |       0 |    0 |   125 |      0 |      0 |          0 |
|                 trans_complete_queue                                                                                     |                   vproc_queue__parameterized1 |         11 |         11 |       0 |    0 |    13 |      0 |      0 |          0 |
|             genblk1[6].unit                                                                                              |            vproc_unit_wrapper__parameterized0 |        148 |        148 |       0 |    0 |   112 |      0 |      0 |          0 |
|               (genblk1[6].unit)                                                                                          |            vproc_unit_wrapper__parameterized0 |          3 |          3 |       0 |    0 |    23 |      0 |      0 |          0 |
|               elem                                                                                                       |                                    vproc_elem |        145 |        145 |       0 |    0 |    89 |      0 |      0 |          0 |
|             unit_queue                                                                                                   |               vproc_queue__parameterized2_151 |         23 |         23 |       0 |    0 |    17 |      0 |      0 |          0 |
|           unpack                                                                                                         |                              vproc_vregunpack |       1954 |       1898 |       0 |   56 |  1762 |      0 |      0 |          0 |
|       genblk9[1].pipe                                                                                                    |        vproc_pipeline_wrapper__parameterized0 |      46365 |      46313 |       0 |   52 |  8675 |      0 |      0 |         32 |
|         pipeline                                                                                                         |                vproc_pipeline__parameterized0 |      46365 |      46313 |       0 |   52 |  8675 |      0 |      0 |         32 |
|           (pipeline)                                                                                                     |                vproc_pipeline__parameterized0 |        387 |        387 |       0 |    0 |   173 |      0 |      0 |          0 |
|           pack                                                                                                           |                vproc_vregpack__parameterized0 |        888 |        888 |       0 |    0 |   354 |      0 |      0 |          0 |
|           unit_mux                                                                                                       |                vproc_unit_mux__parameterized0 |      43105 |      43105 |       0 |    0 |  6584 |      0 |      0 |         32 |
|             genblk1[1].unit                                                                                              |            vproc_unit_wrapper__parameterized1 |       3501 |       3501 |       0 |    0 |  1156 |      0 |      0 |          0 |
|               (genblk1[1].unit)                                                                                          |            vproc_unit_wrapper__parameterized1 |        220 |        220 |       0 |    0 |     0 |      0 |      0 |          0 |
|               alu                                                                                                        |                                     vproc_alu |       3295 |       3295 |       0 |    0 |  1156 |      0 |      0 |          0 |
|             genblk1[2].unit                                                                                              |            vproc_unit_wrapper__parameterized2 |       1094 |       1094 |       0 |    0 |   785 |      0 |      0 |         16 |
|               mul                                                                                                        |                                     vproc_mul |       1094 |       1094 |       0 |    0 |   785 |      0 |      0 |         16 |
|                 (mul)                                                                                                    |                                     vproc_mul |         41 |         41 |       0 |    0 |   785 |      0 |      0 |          0 |
|                 genblk5[0].mul_block                                                                                     |                               vproc_mul_block |         52 |         52 |       0 |    0 |     0 |      0 |      0 |          1 |
|                 genblk5[10].mul_block                                                                                    |                           vproc_mul_block_136 |         93 |         93 |       0 |    0 |     0 |      0 |      0 |          1 |
|                 genblk5[11].mul_block                                                                                    |                           vproc_mul_block_137 |         56 |         56 |       0 |    0 |     0 |      0 |      0 |          1 |
|                 genblk5[12].mul_block                                                                                    |                           vproc_mul_block_138 |         50 |         50 |       0 |    0 |     0 |      0 |      0 |          1 |
|                 genblk5[13].mul_block                                                                                    |                           vproc_mul_block_139 |         93 |         93 |       0 |    0 |     0 |      0 |      0 |          1 |
|                 genblk5[14].mul_block                                                                                    |                           vproc_mul_block_140 |         87 |         87 |       0 |    0 |     0 |      0 |      0 |          1 |
|                 genblk5[15].mul_block                                                                                    |                           vproc_mul_block_141 |         64 |         64 |       0 |    0 |     0 |      0 |      0 |          1 |
|                 genblk5[1].mul_block                                                                                     |                           vproc_mul_block_142 |         87 |         87 |       0 |    0 |     0 |      0 |      0 |          1 |
|                 genblk5[2].mul_block                                                                                     |                           vproc_mul_block_143 |         88 |         88 |       0 |    0 |     0 |      0 |      0 |          1 |
|                 genblk5[3].mul_block                                                                                     |                           vproc_mul_block_144 |         64 |         64 |       0 |    0 |     0 |      0 |      0 |          1 |
|                 genblk5[4].mul_block                                                                                     |                           vproc_mul_block_145 |         57 |         57 |       0 |    0 |     0 |      0 |      0 |          1 |
|                 genblk5[5].mul_block                                                                                     |                           vproc_mul_block_146 |         84 |         84 |       0 |    0 |     0 |      0 |      0 |          1 |
|                 genblk5[6].mul_block                                                                                     |                           vproc_mul_block_147 |         85 |         85 |       0 |    0 |     0 |      0 |      0 |          1 |
|                 genblk5[7].mul_block                                                                                     |                           vproc_mul_block_148 |         58 |         58 |       0 |    0 |     0 |      0 |      0 |          1 |
|                 genblk5[8].mul_block                                                                                     |                           vproc_mul_block_149 |         56 |         56 |       0 |    0 |     0 |      0 |      0 |          1 |
|                 genblk5[9].mul_block                                                                                     |                           vproc_mul_block_150 |         87 |         87 |       0 |    0 |     0 |      0 |      0 |          1 |
|             genblk1[4].unit                                                                                              |            vproc_unit_wrapper__parameterized3 |      37449 |      37449 |       0 |    0 |  4151 |      0 |      0 |         16 |
|               (genblk1[4].unit)                                                                                          |            vproc_unit_wrapper__parameterized3 |         34 |         34 |       0 |    0 |    24 |      0 |      0 |          0 |
|               fpu                                                                                                        |                                     vproc_fpu |      37419 |      37419 |       0 |    0 |  4127 |      0 |      0 |         16 |
|                 (fpu)                                                                                                    |                                     vproc_fpu |       7055 |       7055 |       0 |    0 |   489 |      0 |      0 |          0 |
|                 genblk1[0].fpnew_i                                                                                       |                                     fpnew_top |       7668 |       7668 |       0 |    0 |   929 |      0 |      0 |          4 |
|                   gen_operation_groups[0].i_opgroup_block                                                                |                        fpnew_opgroup_block_96 |       2001 |       2001 |       0 |    0 |     1 |      0 |      0 |          4 |
|                     gen_parallel_slices[0].active_format.i_fmt_slice                                                     |                   fpnew_opgroup_fmt_slice_130 |       1058 |       1058 |       0 |    0 |     0 |      0 |      0 |          2 |
|                       gen_num_lanes[0].active_lane.lane_instance.i_fma                                                   |                                 fpnew_fma_135 |       1058 |       1058 |       0 |    0 |     0 |      0 |      0 |          2 |
|                     gen_parallel_slices[2].active_format.i_fmt_slice                                                     |   fpnew_opgroup_fmt_slice__parameterized0_131 |        917 |        917 |       0 |    0 |     0 |      0 |      0 |          2 |
|                       gen_num_lanes[0].active_lane.lane_instance.i_fma                                                   |                 fpnew_fma__parameterized0_133 |        455 |        455 |       0 |    0 |     0 |      0 |      0 |          1 |
|                       gen_num_lanes[1].active_lane.lane_instance.i_fma                                                   |                 fpnew_fma__parameterized0_134 |        462 |        462 |       0 |    0 |     0 |      0 |      0 |          1 |
|                     i_arbiter                                                                                            |                               rr_arb_tree_132 |         30 |         30 |       0 |    0 |     1 |      0 |      0 |          0 |
|                   gen_operation_groups[1].i_opgroup_block                                                                |        fpnew_opgroup_block__parameterized0_97 |       5299 |       5299 |       0 |    0 |   925 |      0 |      0 |          0 |
|                     gen_merged_slice.i_multifmt_slice                                                                    |              fpnew_opgroup_multifmt_slice_106 |       5292 |       5292 |       0 |    0 |   925 |      0 |      0 |          0 |
|                       gen_num_lanes[0].active_lane.lane_instance.gen_thmulti_c910_divsqrt.i_fpnew_divsqrt_th_64_c910     |                 fpnew_divsqrt_th_64_multi_108 |       3145 |       3145 |       0 |    0 |   538 |      0 |      0 |          0 |
|                         (gen_num_lanes[0].active_lane.lane_instance.gen_thmulti_c910_divsqrt.i_fpnew_divsqrt_th_64_c910) |                 fpnew_divsqrt_th_64_multi_108 |          1 |          1 |       0 |    0 |   136 |      0 |      0 |          0 |
|                         i_ct_vfdsu_top                                                                                   |                              ct_vfdsu_top_120 |       3144 |       3144 |       0 |    0 |   402 |      0 |      0 |          0 |
|                           x_ct_vfdsu_ctrl                                                                                |                             ct_vfdsu_ctrl_121 |         94 |         94 |       0 |    0 |    17 |      0 |      0 |          0 |
|                           x_ct_vfdsu_double                                                                              |                           ct_vfdsu_double_122 |       3041 |       3041 |       0 |    0 |   377 |      0 |      0 |          0 |
|                             (x_ct_vfdsu_double)                                                                          |                           ct_vfdsu_double_122 |         12 |         12 |       0 |    0 |     0 |      0 |      0 |          0 |
|                             x_ct_vfdsu_pack                                                                              |                             ct_vfdsu_pack_124 |          1 |          1 |       0 |    0 |     0 |      0 |      0 |          0 |
|                             x_ct_vfdsu_prepare                                                                           |                          ct_vfdsu_prepare_125 |        631 |        631 |       0 |    0 |    34 |      0 |      0 |          0 |
|                             x_ct_vfdsu_round                                                                             |                            ct_vfdsu_round_126 |        310 |        310 |       0 |    0 |    64 |      0 |      0 |          0 |
|                             x_ct_vfdsu_srt                                                                               |                              ct_vfdsu_srt_127 |       2094 |       2094 |       0 |    0 |   279 |      0 |      0 |          0 |
|                               (x_ct_vfdsu_srt)                                                                           |                              ct_vfdsu_srt_127 |        134 |        134 |       0 |    0 |    51 |      0 |      0 |          0 |
|                               x_ct_vfdsu_srt_radix16_with_sqrt                                                           |            ct_vfdsu_srt_radix16_with_sqrt_128 |       1962 |       1962 |       0 |    0 |   228 |      0 |      0 |          0 |
|                                 (x_ct_vfdsu_srt_radix16_with_sqrt)                                                       |            ct_vfdsu_srt_radix16_with_sqrt_128 |       1885 |       1885 |       0 |    0 |   228 |      0 |      0 |          0 |
|                                 x_ct_vfdsu_srt_radix16_bound_table                                                       |          ct_vfdsu_srt_radix16_bound_table_129 |         77 |         77 |       0 |    0 |     0 |      0 |      0 |          0 |
|                           x_ct_vfdsu_scalar_dp                                                                           |                        ct_vfdsu_scalar_dp_123 |         10 |         10 |       0 |    0 |     8 |      0 |      0 |          0 |
|                       gen_num_lanes[1].active_lane.lane_instance.gen_thmulti_c910_divsqrt.i_fpnew_divsqrt_th_64_c910     | fpnew_divsqrt_th_64_multi__parameterized0_109 |       2148 |       2148 |       0 |    0 |   387 |      0 |      0 |          0 |
|                         (gen_num_lanes[1].active_lane.lane_instance.gen_thmulti_c910_divsqrt.i_fpnew_divsqrt_th_64_c910) | fpnew_divsqrt_th_64_multi__parameterized0_109 |         19 |         19 |       0 |    0 |    61 |      0 |      0 |          0 |
|                         i_ct_vfdsu_top                                                                                   |                              ct_vfdsu_top_110 |       2130 |       2130 |       0 |    0 |   326 |      0 |      0 |          0 |
|                           x_ct_vfdsu_ctrl                                                                                |                             ct_vfdsu_ctrl_111 |         39 |         39 |       0 |    0 |    17 |      0 |      0 |          0 |
|                           x_ct_vfdsu_double                                                                              |                           ct_vfdsu_double_112 |       2086 |       2086 |       0 |    0 |   307 |      0 |      0 |          0 |
|                             (x_ct_vfdsu_double)                                                                          |                           ct_vfdsu_double_112 |         12 |         12 |       0 |    0 |     0 |      0 |      0 |          0 |
|                             x_ct_vfdsu_pack                                                                              |                             ct_vfdsu_pack_114 |          1 |          1 |       0 |    0 |     0 |      0 |      0 |          0 |
|                             x_ct_vfdsu_prepare                                                                           |                          ct_vfdsu_prepare_115 |        181 |        181 |       0 |    0 |    27 |      0 |      0 |          0 |
|                             x_ct_vfdsu_round                                                                             |                            ct_vfdsu_round_116 |         98 |         98 |       0 |    0 |    38 |      0 |      0 |          0 |
|                             x_ct_vfdsu_srt                                                                               |                              ct_vfdsu_srt_117 |       1803 |       1803 |       0 |    0 |   242 |      0 |      0 |          0 |
|                               (x_ct_vfdsu_srt)                                                                           |                              ct_vfdsu_srt_117 |         61 |         61 |       0 |    0 |    36 |      0 |      0 |          0 |
|                               x_ct_vfdsu_srt_radix16_with_sqrt                                                           |            ct_vfdsu_srt_radix16_with_sqrt_118 |       1743 |       1743 |       0 |    0 |   206 |      0 |      0 |          0 |
|                                 (x_ct_vfdsu_srt_radix16_with_sqrt)                                                       |            ct_vfdsu_srt_radix16_with_sqrt_118 |       1666 |       1666 |       0 |    0 |   206 |      0 |      0 |          0 |
|                                 x_ct_vfdsu_srt_radix16_bound_table                                                       |          ct_vfdsu_srt_radix16_bound_table_119 |         77 |         77 |       0 |    0 |     0 |      0 |      0 |          0 |
|                           x_ct_vfdsu_scalar_dp                                                                           |                        ct_vfdsu_scalar_dp_113 |          5 |          5 |       0 |    0 |     2 |      0 |      0 |          0 |
|                     i_arbiter                                                                                            |                               rr_arb_tree_107 |          7 |          7 |       0 |    0 |     0 |      0 |      0 |          0 |
|                   gen_operation_groups[2].i_opgroup_block                                                                |        fpnew_opgroup_block__parameterized1_98 |        236 |        236 |       0 |    0 |     1 |      0 |      0 |          0 |
|                     gen_parallel_slices[0].active_format.i_fmt_slice                                                     |   fpnew_opgroup_fmt_slice__parameterized1_100 |        128 |        128 |       0 |    0 |     0 |      0 |      0 |          0 |
|                       gen_num_lanes[0].active_lane.lane_instance.i_noncomp                                               |                             fpnew_noncomp_105 |        128 |        128 |       0 |    0 |     0 |      0 |      0 |          0 |
|                     gen_parallel_slices[2].active_format.i_fmt_slice                                                     |   fpnew_opgroup_fmt_slice__parameterized2_101 |        108 |        108 |       0 |    0 |     0 |      0 |      0 |          0 |
|                       gen_num_lanes[0].active_lane.lane_instance.i_noncomp                                               |             fpnew_noncomp__parameterized0_103 |         62 |         62 |       0 |    0 |     0 |      0 |      0 |          0 |
|                       gen_num_lanes[1].active_lane.lane_instance.i_noncomp                                               |             fpnew_noncomp__parameterized0_104 |         46 |         46 |       0 |    0 |     0 |      0 |      0 |          0 |
|                     i_arbiter                                                                                            |                               rr_arb_tree_102 |          1 |          1 |       0 |    0 |     1 |      0 |      0 |          0 |
|                   i_arbiter                                                                                              |                rr_arb_tree__parameterized0_99 |        132 |        132 |       0 |    0 |     2 |      0 |      0 |          0 |
|                 genblk1[1].fpnew_i                                                                                       |                                   fpnew_top_2 |       7580 |       7580 |       0 |    0 |   903 |      0 |      0 |          4 |
|                   gen_operation_groups[0].i_opgroup_block                                                                |                        fpnew_opgroup_block_57 |       2004 |       2004 |       0 |    0 |     1 |      0 |      0 |          4 |
|                     gen_parallel_slices[0].active_format.i_fmt_slice                                                     |                    fpnew_opgroup_fmt_slice_90 |       1059 |       1059 |       0 |    0 |     0 |      0 |      0 |          2 |
|                       gen_num_lanes[0].active_lane.lane_instance.i_fma                                                   |                                  fpnew_fma_95 |       1059 |       1059 |       0 |    0 |     0 |      0 |      0 |          2 |
|                     gen_parallel_slices[2].active_format.i_fmt_slice                                                     |    fpnew_opgroup_fmt_slice__parameterized0_91 |        917 |        917 |       0 |    0 |     0 |      0 |      0 |          2 |
|                       gen_num_lanes[0].active_lane.lane_instance.i_fma                                                   |                  fpnew_fma__parameterized0_93 |        455 |        455 |       0 |    0 |     0 |      0 |      0 |          1 |
|                       gen_num_lanes[1].active_lane.lane_instance.i_fma                                                   |                  fpnew_fma__parameterized0_94 |        463 |        463 |       0 |    0 |     0 |      0 |      0 |          1 |
|                     i_arbiter                                                                                            |                                rr_arb_tree_92 |         30 |         30 |       0 |    0 |     1 |      0 |      0 |          0 |
|                   gen_operation_groups[1].i_opgroup_block                                                                |        fpnew_opgroup_block__parameterized0_58 |       5275 |       5275 |       0 |    0 |   899 |      0 |      0 |          0 |
|                     gen_merged_slice.i_multifmt_slice                                                                    |               fpnew_opgroup_multifmt_slice_67 |       5275 |       5275 |       0 |    0 |   899 |      0 |      0 |          0 |
|                       gen_num_lanes[0].active_lane.lane_instance.gen_thmulti_c910_divsqrt.i_fpnew_divsqrt_th_64_c910     |                  fpnew_divsqrt_th_64_multi_68 |       3129 |       3129 |       0 |    0 |   512 |      0 |      0 |          0 |
|                         (gen_num_lanes[0].active_lane.lane_instance.gen_thmulti_c910_divsqrt.i_fpnew_divsqrt_th_64_c910) |                  fpnew_divsqrt_th_64_multi_68 |          1 |          1 |       0 |    0 |   110 |      0 |      0 |          0 |
|                         i_ct_vfdsu_top                                                                                   |                               ct_vfdsu_top_80 |       3129 |       3129 |       0 |    0 |   402 |      0 |      0 |          0 |
|                           x_ct_vfdsu_ctrl                                                                                |                              ct_vfdsu_ctrl_81 |         78 |         78 |       0 |    0 |    17 |      0 |      0 |          0 |
|                           x_ct_vfdsu_double                                                                              |                            ct_vfdsu_double_82 |       3041 |       3041 |       0 |    0 |   377 |      0 |      0 |          0 |
|                             (x_ct_vfdsu_double)                                                                          |                            ct_vfdsu_double_82 |         12 |         12 |       0 |    0 |     0 |      0 |      0 |          0 |
|                             x_ct_vfdsu_pack                                                                              |                              ct_vfdsu_pack_84 |          1 |          1 |       0 |    0 |     0 |      0 |      0 |          0 |
|                             x_ct_vfdsu_prepare                                                                           |                           ct_vfdsu_prepare_85 |        631 |        631 |       0 |    0 |    34 |      0 |      0 |          0 |
|                             x_ct_vfdsu_round                                                                             |                             ct_vfdsu_round_86 |        310 |        310 |       0 |    0 |    64 |      0 |      0 |          0 |
|                             x_ct_vfdsu_srt                                                                               |                               ct_vfdsu_srt_87 |       2094 |       2094 |       0 |    0 |   279 |      0 |      0 |          0 |
|                               (x_ct_vfdsu_srt)                                                                           |                               ct_vfdsu_srt_87 |        134 |        134 |       0 |    0 |    51 |      0 |      0 |          0 |
|                               x_ct_vfdsu_srt_radix16_with_sqrt                                                           |             ct_vfdsu_srt_radix16_with_sqrt_88 |       1962 |       1962 |       0 |    0 |   228 |      0 |      0 |          0 |
|                                 (x_ct_vfdsu_srt_radix16_with_sqrt)                                                       |             ct_vfdsu_srt_radix16_with_sqrt_88 |       1885 |       1885 |       0 |    0 |   228 |      0 |      0 |          0 |
|                                 x_ct_vfdsu_srt_radix16_bound_table                                                       |           ct_vfdsu_srt_radix16_bound_table_89 |         77 |         77 |       0 |    0 |     0 |      0 |      0 |          0 |
|                           x_ct_vfdsu_scalar_dp                                                                           |                         ct_vfdsu_scalar_dp_83 |         10 |         10 |       0 |    0 |     8 |      0 |      0 |          0 |
|                       gen_num_lanes[1].active_lane.lane_instance.gen_thmulti_c910_divsqrt.i_fpnew_divsqrt_th_64_c910     |  fpnew_divsqrt_th_64_multi__parameterized0_69 |       2146 |       2146 |       0 |    0 |   387 |      0 |      0 |          0 |
|                         (gen_num_lanes[1].active_lane.lane_instance.gen_thmulti_c910_divsqrt.i_fpnew_divsqrt_th_64_c910) |  fpnew_divsqrt_th_64_multi__parameterized0_69 |         17 |         17 |       0 |    0 |    61 |      0 |      0 |          0 |
|                         i_ct_vfdsu_top                                                                                   |                               ct_vfdsu_top_70 |       2130 |       2130 |       0 |    0 |   326 |      0 |      0 |          0 |
|                           x_ct_vfdsu_ctrl                                                                                |                              ct_vfdsu_ctrl_71 |         39 |         39 |       0 |    0 |    17 |      0 |      0 |          0 |
|                           x_ct_vfdsu_double                                                                              |                            ct_vfdsu_double_72 |       2086 |       2086 |       0 |    0 |   307 |      0 |      0 |          0 |
|                             (x_ct_vfdsu_double)                                                                          |                            ct_vfdsu_double_72 |         12 |         12 |       0 |    0 |     0 |      0 |      0 |          0 |
|                             x_ct_vfdsu_pack                                                                              |                              ct_vfdsu_pack_74 |          1 |          1 |       0 |    0 |     0 |      0 |      0 |          0 |
|                             x_ct_vfdsu_prepare                                                                           |                           ct_vfdsu_prepare_75 |        181 |        181 |       0 |    0 |    27 |      0 |      0 |          0 |
|                             x_ct_vfdsu_round                                                                             |                             ct_vfdsu_round_76 |         98 |         98 |       0 |    0 |    38 |      0 |      0 |          0 |
|                             x_ct_vfdsu_srt                                                                               |                               ct_vfdsu_srt_77 |       1803 |       1803 |       0 |    0 |   242 |      0 |      0 |          0 |
|                               (x_ct_vfdsu_srt)                                                                           |                               ct_vfdsu_srt_77 |         61 |         61 |       0 |    0 |    36 |      0 |      0 |          0 |
|                               x_ct_vfdsu_srt_radix16_with_sqrt                                                           |             ct_vfdsu_srt_radix16_with_sqrt_78 |       1743 |       1743 |       0 |    0 |   206 |      0 |      0 |          0 |
|                                 (x_ct_vfdsu_srt_radix16_with_sqrt)                                                       |             ct_vfdsu_srt_radix16_with_sqrt_78 |       1666 |       1666 |       0 |    0 |   206 |      0 |      0 |          0 |
|                                 x_ct_vfdsu_srt_radix16_bound_table                                                       |           ct_vfdsu_srt_radix16_bound_table_79 |         77 |         77 |       0 |    0 |     0 |      0 |      0 |          0 |
|                           x_ct_vfdsu_scalar_dp                                                                           |                         ct_vfdsu_scalar_dp_73 |          5 |          5 |       0 |    0 |     2 |      0 |      0 |          0 |
|                   gen_operation_groups[2].i_opgroup_block                                                                |        fpnew_opgroup_block__parameterized1_59 |        236 |        236 |       0 |    0 |     1 |      0 |      0 |          0 |
|                     gen_parallel_slices[0].active_format.i_fmt_slice                                                     |    fpnew_opgroup_fmt_slice__parameterized1_61 |        128 |        128 |       0 |    0 |     0 |      0 |      0 |          0 |
|                       gen_num_lanes[0].active_lane.lane_instance.i_noncomp                                               |                              fpnew_noncomp_66 |        128 |        128 |       0 |    0 |     0 |      0 |      0 |          0 |
|                     gen_parallel_slices[2].active_format.i_fmt_slice                                                     |    fpnew_opgroup_fmt_slice__parameterized2_62 |        108 |        108 |       0 |    0 |     0 |      0 |      0 |          0 |
|                       gen_num_lanes[0].active_lane.lane_instance.i_noncomp                                               |              fpnew_noncomp__parameterized0_64 |         62 |         62 |       0 |    0 |     0 |      0 |      0 |          0 |
|                       gen_num_lanes[1].active_lane.lane_instance.i_noncomp                                               |              fpnew_noncomp__parameterized0_65 |         46 |         46 |       0 |    0 |     0 |      0 |      0 |          0 |
|                     i_arbiter                                                                                            |                                rr_arb_tree_63 |          1 |          1 |       0 |    0 |     1 |      0 |      0 |          0 |
|                   i_arbiter                                                                                              |                rr_arb_tree__parameterized0_60 |         66 |         66 |       0 |    0 |     2 |      0 |      0 |          0 |
|                 genblk1[2].fpnew_i                                                                                       |                                   fpnew_top_3 |       7575 |       7575 |       0 |    0 |   903 |      0 |      0 |          4 |
|                   gen_operation_groups[0].i_opgroup_block                                                                |                        fpnew_opgroup_block_18 |       2002 |       2002 |       0 |    0 |     1 |      0 |      0 |          4 |
|                     gen_parallel_slices[0].active_format.i_fmt_slice                                                     |                    fpnew_opgroup_fmt_slice_51 |       1058 |       1058 |       0 |    0 |     0 |      0 |      0 |          2 |
|                       gen_num_lanes[0].active_lane.lane_instance.i_fma                                                   |                                  fpnew_fma_56 |       1058 |       1058 |       0 |    0 |     0 |      0 |      0 |          2 |
|                     gen_parallel_slices[2].active_format.i_fmt_slice                                                     |    fpnew_opgroup_fmt_slice__parameterized0_52 |        917 |        917 |       0 |    0 |     0 |      0 |      0 |          2 |
|                       gen_num_lanes[0].active_lane.lane_instance.i_fma                                                   |                  fpnew_fma__parameterized0_54 |        454 |        454 |       0 |    0 |     0 |      0 |      0 |          1 |
|                       gen_num_lanes[1].active_lane.lane_instance.i_fma                                                   |                  fpnew_fma__parameterized0_55 |        463 |        463 |       0 |    0 |     0 |      0 |      0 |          1 |
|                     i_arbiter                                                                                            |                                rr_arb_tree_53 |         30 |         30 |       0 |    0 |     1 |      0 |      0 |          0 |
|                   gen_operation_groups[1].i_opgroup_block                                                                |        fpnew_opgroup_block__parameterized0_19 |       5274 |       5274 |       0 |    0 |   899 |      0 |      0 |          0 |
|                     gen_merged_slice.i_multifmt_slice                                                                    |               fpnew_opgroup_multifmt_slice_28 |       5274 |       5274 |       0 |    0 |   899 |      0 |      0 |          0 |
|                       gen_num_lanes[0].active_lane.lane_instance.gen_thmulti_c910_divsqrt.i_fpnew_divsqrt_th_64_c910     |                  fpnew_divsqrt_th_64_multi_29 |       3128 |       3128 |       0 |    0 |   512 |      0 |      0 |          0 |
|                         (gen_num_lanes[0].active_lane.lane_instance.gen_thmulti_c910_divsqrt.i_fpnew_divsqrt_th_64_c910) |                  fpnew_divsqrt_th_64_multi_29 |          2 |          2 |       0 |    0 |   110 |      0 |      0 |          0 |
|                         i_ct_vfdsu_top                                                                                   |                               ct_vfdsu_top_41 |       3126 |       3126 |       0 |    0 |   402 |      0 |      0 |          0 |
|                           x_ct_vfdsu_ctrl                                                                                |                              ct_vfdsu_ctrl_42 |         75 |         75 |       0 |    0 |    17 |      0 |      0 |          0 |
|                           x_ct_vfdsu_double                                                                              |                            ct_vfdsu_double_43 |       3042 |       3042 |       0 |    0 |   377 |      0 |      0 |          0 |
|                             (x_ct_vfdsu_double)                                                                          |                            ct_vfdsu_double_43 |         12 |         12 |       0 |    0 |     0 |      0 |      0 |          0 |
|                             x_ct_vfdsu_pack                                                                              |                              ct_vfdsu_pack_45 |          1 |          1 |       0 |    0 |     0 |      0 |      0 |          0 |
|                             x_ct_vfdsu_prepare                                                                           |                           ct_vfdsu_prepare_46 |        631 |        631 |       0 |    0 |    34 |      0 |      0 |          0 |
|                             x_ct_vfdsu_round                                                                             |                             ct_vfdsu_round_47 |        310 |        310 |       0 |    0 |    64 |      0 |      0 |          0 |
|                             x_ct_vfdsu_srt                                                                               |                               ct_vfdsu_srt_48 |       2095 |       2095 |       0 |    0 |   279 |      0 |      0 |          0 |
|                               (x_ct_vfdsu_srt)                                                                           |                               ct_vfdsu_srt_48 |        134 |        134 |       0 |    0 |    51 |      0 |      0 |          0 |
|                               x_ct_vfdsu_srt_radix16_with_sqrt                                                           |             ct_vfdsu_srt_radix16_with_sqrt_49 |       1961 |       1961 |       0 |    0 |   228 |      0 |      0 |          0 |
|                                 (x_ct_vfdsu_srt_radix16_with_sqrt)                                                       |             ct_vfdsu_srt_radix16_with_sqrt_49 |       1884 |       1884 |       0 |    0 |   228 |      0 |      0 |          0 |
|                                 x_ct_vfdsu_srt_radix16_bound_table                                                       |           ct_vfdsu_srt_radix16_bound_table_50 |         77 |         77 |       0 |    0 |     0 |      0 |      0 |          0 |
|                           x_ct_vfdsu_scalar_dp                                                                           |                         ct_vfdsu_scalar_dp_44 |         10 |         10 |       0 |    0 |     8 |      0 |      0 |          0 |
|                       gen_num_lanes[1].active_lane.lane_instance.gen_thmulti_c910_divsqrt.i_fpnew_divsqrt_th_64_c910     |  fpnew_divsqrt_th_64_multi__parameterized0_30 |       2146 |       2146 |       0 |    0 |   387 |      0 |      0 |          0 |
|                         (gen_num_lanes[1].active_lane.lane_instance.gen_thmulti_c910_divsqrt.i_fpnew_divsqrt_th_64_c910) |  fpnew_divsqrt_th_64_multi__parameterized0_30 |         17 |         17 |       0 |    0 |    61 |      0 |      0 |          0 |
|                         i_ct_vfdsu_top                                                                                   |                               ct_vfdsu_top_31 |       2129 |       2129 |       0 |    0 |   326 |      0 |      0 |          0 |
|                           x_ct_vfdsu_ctrl                                                                                |                              ct_vfdsu_ctrl_32 |         39 |         39 |       0 |    0 |    17 |      0 |      0 |          0 |
|                           x_ct_vfdsu_double                                                                              |                            ct_vfdsu_double_33 |       2086 |       2086 |       0 |    0 |   307 |      0 |      0 |          0 |
|                             (x_ct_vfdsu_double)                                                                          |                            ct_vfdsu_double_33 |         12 |         12 |       0 |    0 |     0 |      0 |      0 |          0 |
|                             x_ct_vfdsu_pack                                                                              |                              ct_vfdsu_pack_35 |          1 |          1 |       0 |    0 |     0 |      0 |      0 |          0 |
|                             x_ct_vfdsu_prepare                                                                           |                           ct_vfdsu_prepare_36 |        181 |        181 |       0 |    0 |    27 |      0 |      0 |          0 |
|                             x_ct_vfdsu_round                                                                             |                             ct_vfdsu_round_37 |         98 |         98 |       0 |    0 |    38 |      0 |      0 |          0 |
|                             x_ct_vfdsu_srt                                                                               |                               ct_vfdsu_srt_38 |       1803 |       1803 |       0 |    0 |   242 |      0 |      0 |          0 |
|                               (x_ct_vfdsu_srt)                                                                           |                               ct_vfdsu_srt_38 |         61 |         61 |       0 |    0 |    36 |      0 |      0 |          0 |
|                               x_ct_vfdsu_srt_radix16_with_sqrt                                                           |             ct_vfdsu_srt_radix16_with_sqrt_39 |       1743 |       1743 |       0 |    0 |   206 |      0 |      0 |          0 |
|                                 (x_ct_vfdsu_srt_radix16_with_sqrt)                                                       |             ct_vfdsu_srt_radix16_with_sqrt_39 |       1666 |       1666 |       0 |    0 |   206 |      0 |      0 |          0 |
|                                 x_ct_vfdsu_srt_radix16_bound_table                                                       |           ct_vfdsu_srt_radix16_bound_table_40 |         77 |         77 |       0 |    0 |     0 |      0 |      0 |          0 |
|                           x_ct_vfdsu_scalar_dp                                                                           |                         ct_vfdsu_scalar_dp_34 |          5 |          5 |       0 |    0 |     2 |      0 |      0 |          0 |
|                   gen_operation_groups[2].i_opgroup_block                                                                |        fpnew_opgroup_block__parameterized1_20 |        236 |        236 |       0 |    0 |     1 |      0 |      0 |          0 |
|                     gen_parallel_slices[0].active_format.i_fmt_slice                                                     |    fpnew_opgroup_fmt_slice__parameterized1_22 |        128 |        128 |       0 |    0 |     0 |      0 |      0 |          0 |
|                       gen_num_lanes[0].active_lane.lane_instance.i_noncomp                                               |                              fpnew_noncomp_27 |        128 |        128 |       0 |    0 |     0 |      0 |      0 |          0 |
|                     gen_parallel_slices[2].active_format.i_fmt_slice                                                     |    fpnew_opgroup_fmt_slice__parameterized2_23 |        108 |        108 |       0 |    0 |     0 |      0 |      0 |          0 |
|                       gen_num_lanes[0].active_lane.lane_instance.i_noncomp                                               |              fpnew_noncomp__parameterized0_25 |         62 |         62 |       0 |    0 |     0 |      0 |      0 |          0 |
|                       gen_num_lanes[1].active_lane.lane_instance.i_noncomp                                               |              fpnew_noncomp__parameterized0_26 |         46 |         46 |       0 |    0 |     0 |      0 |      0 |          0 |
|                     i_arbiter                                                                                            |                                rr_arb_tree_24 |          1 |          1 |       0 |    0 |     1 |      0 |      0 |          0 |
|                   i_arbiter                                                                                              |                rr_arb_tree__parameterized0_21 |         63 |         63 |       0 |    0 |     2 |      0 |      0 |          0 |
|                 genblk1[3].fpnew_i                                                                                       |                                   fpnew_top_4 |       7575 |       7575 |       0 |    0 |   903 |      0 |      0 |          4 |
|                   gen_operation_groups[0].i_opgroup_block                                                                |                           fpnew_opgroup_block |       2004 |       2004 |       0 |    0 |     1 |      0 |      0 |          4 |
|                     gen_parallel_slices[0].active_format.i_fmt_slice                                                     |                       fpnew_opgroup_fmt_slice |       1059 |       1059 |       0 |    0 |     0 |      0 |      0 |          2 |
|                       gen_num_lanes[0].active_lane.lane_instance.i_fma                                                   |                                     fpnew_fma |       1059 |       1059 |       0 |    0 |     0 |      0 |      0 |          2 |
|                     gen_parallel_slices[2].active_format.i_fmt_slice                                                     |       fpnew_opgroup_fmt_slice__parameterized0 |        918 |        918 |       0 |    0 |     0 |      0 |      0 |          2 |
|                       gen_num_lanes[0].active_lane.lane_instance.i_fma                                                   |                     fpnew_fma__parameterized0 |        456 |        456 |       0 |    0 |     0 |      0 |      0 |          1 |
|                       gen_num_lanes[1].active_lane.lane_instance.i_fma                                                   |                  fpnew_fma__parameterized0_17 |        463 |        463 |       0 |    0 |     0 |      0 |      0 |          1 |
|                     i_arbiter                                                                                            |                                rr_arb_tree_16 |         30 |         30 |       0 |    0 |     1 |      0 |      0 |          0 |
|                   gen_operation_groups[1].i_opgroup_block                                                                |           fpnew_opgroup_block__parameterized0 |       5272 |       5272 |       0 |    0 |   899 |      0 |      0 |          0 |
|                     gen_merged_slice.i_multifmt_slice                                                                    |                  fpnew_opgroup_multifmt_slice |       5272 |       5272 |       0 |    0 |   899 |      0 |      0 |          0 |
|                       gen_num_lanes[0].active_lane.lane_instance.gen_thmulti_c910_divsqrt.i_fpnew_divsqrt_th_64_c910     |                     fpnew_divsqrt_th_64_multi |       3124 |       3124 |       0 |    0 |   512 |      0 |      0 |          0 |
|                         (gen_num_lanes[0].active_lane.lane_instance.gen_thmulti_c910_divsqrt.i_fpnew_divsqrt_th_64_c910) |                     fpnew_divsqrt_th_64_multi |          1 |          1 |       0 |    0 |   110 |      0 |      0 |          0 |
|                         i_ct_vfdsu_top                                                                                   |                                ct_vfdsu_top_6 |       3123 |       3123 |       0 |    0 |   402 |      0 |      0 |          0 |
|                           x_ct_vfdsu_ctrl                                                                                |                               ct_vfdsu_ctrl_7 |         75 |         75 |       0 |    0 |    17 |      0 |      0 |          0 |
|                           x_ct_vfdsu_double                                                                              |                             ct_vfdsu_double_8 |       3039 |       3039 |       0 |    0 |   377 |      0 |      0 |          0 |
|                             (x_ct_vfdsu_double)                                                                          |                             ct_vfdsu_double_8 |         12 |         12 |       0 |    0 |     0 |      0 |      0 |          0 |
|                             x_ct_vfdsu_pack                                                                              |                              ct_vfdsu_pack_10 |          1 |          1 |       0 |    0 |     0 |      0 |      0 |          0 |
|                             x_ct_vfdsu_prepare                                                                           |                           ct_vfdsu_prepare_11 |        629 |        629 |       0 |    0 |    34 |      0 |      0 |          0 |
|                             x_ct_vfdsu_round                                                                             |                             ct_vfdsu_round_12 |        310 |        310 |       0 |    0 |    64 |      0 |      0 |          0 |
|                             x_ct_vfdsu_srt                                                                               |                               ct_vfdsu_srt_13 |       2091 |       2091 |       0 |    0 |   279 |      0 |      0 |          0 |
|                               (x_ct_vfdsu_srt)                                                                           |                               ct_vfdsu_srt_13 |        134 |        134 |       0 |    0 |    51 |      0 |      0 |          0 |
|                               x_ct_vfdsu_srt_radix16_with_sqrt                                                           |             ct_vfdsu_srt_radix16_with_sqrt_14 |       1959 |       1959 |       0 |    0 |   228 |      0 |      0 |          0 |
|                                 (x_ct_vfdsu_srt_radix16_with_sqrt)                                                       |             ct_vfdsu_srt_radix16_with_sqrt_14 |       1882 |       1882 |       0 |    0 |   228 |      0 |      0 |          0 |
|                                 x_ct_vfdsu_srt_radix16_bound_table                                                       |           ct_vfdsu_srt_radix16_bound_table_15 |         77 |         77 |       0 |    0 |     0 |      0 |      0 |          0 |
|                           x_ct_vfdsu_scalar_dp                                                                           |                          ct_vfdsu_scalar_dp_9 |         10 |         10 |       0 |    0 |     8 |      0 |      0 |          0 |
|                       gen_num_lanes[1].active_lane.lane_instance.gen_thmulti_c910_divsqrt.i_fpnew_divsqrt_th_64_c910     |     fpnew_divsqrt_th_64_multi__parameterized0 |       2148 |       2148 |       0 |    0 |   387 |      0 |      0 |          0 |
|                         (gen_num_lanes[1].active_lane.lane_instance.gen_thmulti_c910_divsqrt.i_fpnew_divsqrt_th_64_c910) |     fpnew_divsqrt_th_64_multi__parameterized0 |         18 |         18 |       0 |    0 |    61 |      0 |      0 |          0 |
|                         i_ct_vfdsu_top                                                                                   |                                  ct_vfdsu_top |       2130 |       2130 |       0 |    0 |   326 |      0 |      0 |          0 |
|                           x_ct_vfdsu_ctrl                                                                                |                                 ct_vfdsu_ctrl |         39 |         39 |       0 |    0 |    17 |      0 |      0 |          0 |
|                           x_ct_vfdsu_double                                                                              |                               ct_vfdsu_double |       2086 |       2086 |       0 |    0 |   307 |      0 |      0 |          0 |
|                             (x_ct_vfdsu_double)                                                                          |                               ct_vfdsu_double |         12 |         12 |       0 |    0 |     0 |      0 |      0 |          0 |
|                             x_ct_vfdsu_pack                                                                              |                                 ct_vfdsu_pack |          1 |          1 |       0 |    0 |     0 |      0 |      0 |          0 |
|                             x_ct_vfdsu_prepare                                                                           |                              ct_vfdsu_prepare |        181 |        181 |       0 |    0 |    27 |      0 |      0 |          0 |
|                             x_ct_vfdsu_round                                                                             |                                ct_vfdsu_round |         98 |         98 |       0 |    0 |    38 |      0 |      0 |          0 |
|                             x_ct_vfdsu_srt                                                                               |                                  ct_vfdsu_srt |       1803 |       1803 |       0 |    0 |   242 |      0 |      0 |          0 |
|                               (x_ct_vfdsu_srt)                                                                           |                                  ct_vfdsu_srt |         61 |         61 |       0 |    0 |    36 |      0 |      0 |          0 |
|                               x_ct_vfdsu_srt_radix16_with_sqrt                                                           |                ct_vfdsu_srt_radix16_with_sqrt |       1743 |       1743 |       0 |    0 |   206 |      0 |      0 |          0 |
|                                 (x_ct_vfdsu_srt_radix16_with_sqrt)                                                       |                ct_vfdsu_srt_radix16_with_sqrt |       1666 |       1666 |       0 |    0 |   206 |      0 |      0 |          0 |
|                                 x_ct_vfdsu_srt_radix16_bound_table                                                       |              ct_vfdsu_srt_radix16_bound_table |         77 |         77 |       0 |    0 |     0 |      0 |      0 |          0 |
|                           x_ct_vfdsu_scalar_dp                                                                           |                            ct_vfdsu_scalar_dp |          5 |          5 |       0 |    0 |     2 |      0 |      0 |          0 |
|                   gen_operation_groups[2].i_opgroup_block                                                                |           fpnew_opgroup_block__parameterized1 |        236 |        236 |       0 |    0 |     1 |      0 |      0 |          0 |
|                     gen_parallel_slices[0].active_format.i_fmt_slice                                                     |       fpnew_opgroup_fmt_slice__parameterized1 |        128 |        128 |       0 |    0 |     0 |      0 |      0 |          0 |
|                       gen_num_lanes[0].active_lane.lane_instance.i_noncomp                                               |                                 fpnew_noncomp |        128 |        128 |       0 |    0 |     0 |      0 |      0 |          0 |
|                     gen_parallel_slices[2].active_format.i_fmt_slice                                                     |       fpnew_opgroup_fmt_slice__parameterized2 |        108 |        108 |       0 |    0 |     0 |      0 |      0 |          0 |
|                       gen_num_lanes[0].active_lane.lane_instance.i_noncomp                                               |                 fpnew_noncomp__parameterized0 |         62 |         62 |       0 |    0 |     0 |      0 |      0 |          0 |
|                       gen_num_lanes[1].active_lane.lane_instance.i_noncomp                                               |               fpnew_noncomp__parameterized0_5 |         46 |         46 |       0 |    0 |     0 |      0 |      0 |          0 |
|                     i_arbiter                                                                                            |                                   rr_arb_tree |          1 |          1 |       0 |    0 |     1 |      0 |      0 |          0 |
|                   i_arbiter                                                                                              |                   rr_arb_tree__parameterized0 |         63 |         63 |       0 |    0 |     2 |      0 |      0 |          0 |
|             genblk1[5].unit                                                                                              |            vproc_unit_wrapper__parameterized4 |        463 |        463 |       0 |    0 |   475 |      0 |      0 |          0 |
|               sld                                                                                                        |                                     vproc_sld |        463 |        463 |       0 |    0 |   475 |      0 |      0 |          0 |
|             unit_queue                                                                                                   |                 vproc_queue__parameterized2_1 |        599 |        599 |       0 |    0 |    17 |      0 |      0 |          0 |
|           unpack                                                                                                         |              vproc_vregunpack__parameterized0 |       1991 |       1939 |       0 |   52 |  1564 |      0 |      0 |          0 |
|       genblk9[2].pipe                                                                                                    |        vproc_pipeline_wrapper__parameterized1 |       1644 |       1604 |       0 |   40 |  1943 |      0 |      0 |          0 |
|         (genblk9[2].pipe)                                                                                                |        vproc_pipeline_wrapper__parameterized1 |          1 |          1 |       0 |    0 |     0 |      0 |      0 |          0 |
|         pipeline                                                                                                         |                vproc_pipeline__parameterized1 |       1644 |       1604 |       0 |   40 |  1943 |      0 |      0 |          0 |
|           (pipeline)                                                                                                     |                vproc_pipeline__parameterized1 |         96 |         96 |       0 |    0 |   120 |      0 |      0 |          0 |
|           pack                                                                                                           |                vproc_vregpack__parameterized1 |         68 |         68 |       0 |    0 |   300 |      0 |      0 |          0 |
|           unit_mux                                                                                                       |                vproc_unit_mux__parameterized1 |        884 |        884 |       0 |    0 |   326 |      0 |      0 |          0 |
|             genblk1[3].unit                                                                                              |            vproc_unit_wrapper__parameterized5 |        858 |        858 |       0 |    0 |   309 |      0 |      0 |          0 |
|               div                                                                                                        |                                     vproc_div |        858 |        858 |       0 |    0 |   309 |      0 |      0 |          0 |
|                 (div)                                                                                                    |                                     vproc_div |        139 |        139 |       0 |    0 |   200 |      0 |      0 |          0 |
|                 genblk1[0].div_i                                                                                         |                                  cv32e40x_div |        719 |        719 |       0 |    0 |   109 |      0 |      0 |          0 |
|             unit_queue                                                                                                   |                   vproc_queue__parameterized2 |         26 |         26 |       0 |    0 |    17 |      0 |      0 |          0 |
|           unpack                                                                                                         |              vproc_vregunpack__parameterized1 |        596 |        556 |       0 |   40 |  1197 |      0 |      0 |          0 |
|       instr_queue                                                                                                        |                                   vproc_queue |        426 |        426 |       0 |    0 |   248 |      0 |      0 |          0 |
|       result_if                                                                                                          |                                  vproc_result |        216 |        216 |       0 |    0 |    49 |      0 |      0 |          0 |
|       vregfile                                                                                                           |                                vproc_vregfile |       1024 |          0 |    1024 |    0 |     0 |      0 |      0 |          0 |
+--------------------------------------------------------------------------------------------------------------------------+-----------------------------------------------+------------+------------+---------+------+-------+--------+--------+------------+
* Note: The sum of lower-level cells may be larger than their parent cells total, due to cross-hierarchy LUT combining


